******************************************************************************
                  TI ARM Linker PC v18.12.4                    
******************************************************************************
>> Linked Tue Apr 20 09:49:27 2021

OUTPUT FILE NAME:   <LabProject.out>
ENTRY POINT SYMBOL: "_c_int00_noargs"  address: 000033f1


MEMORY CONFIGURATION

         name            origin    length      used     unused   attr    fill
----------------------  --------  ---------  --------  --------  ----  --------
  FLASH                 00000000   00040000  00003c64  0003c39c  R  X
  SRAM                  20000000   00008000  000007b0  00007850  RW X


SEGMENT ALLOCATION MAP

run origin  load origin   length   init length attrs members
----------  ----------- ---------- ----------- ----- -------
00000000    00000000    00003c68   00003c68    r-x
  00000000    00000000    0000026c   0000026c    r-- .intvecs
  0000026c    0000026c    00003550   00003550    r-x .text
  000037bc    000037bc    00000448   00000448    r-- .const
  00003c08    00003c08    00000060   00000060    r-- .cinit
20000000    20000000    000007b4   00000000    rw-
  20000000    20000000    0000026c   00000000    rw- .vtable
  20000270    20000270    00000400   00000000    rw- .stack
  20000670    20000670    00000108   00000000    rw- .bss
  20000778    20000778    0000003c   00000000    rw- .data


SECTION ALLOCATION MAP

 output                                  attributes/
section   page    origin      length       input sections
--------  ----  ----------  ----------   ----------------
.intvecs   0    00000000    0000026c     
                  00000000    0000026c     tm4c123gh6pm_startup_ccs.obj (.intvecs)

.text      0    0000026c    00003550     
                  0000026c    00000a4e     rtsv7M4_T_le_v4SPD16_eabi.lib : _printfi.c.obj (.text:__TI_printfi)
                  00000cba    00000002                                   : div0.asm.obj (.text)
                  00000cbc    000005bc     main.obj (.text)
                  00001278    000003d0     Util.lib : launchpad.obj (.text)
                  00001648    00000270     rtsv7M4_T_le_v4SPD16_eabi.lib : _printfi.c.obj (.text:_pconv_a)
                  000018b8    000001fc     seg7.obj (.text)
                  00001ab4    000001d0     rtsv7M4_T_le_v4SPD16_eabi.lib : _printfi.c.obj (.text:_pconv_g)
                  00001c84    000001b6                                   : fd_add_t2.asm.obj (.text)
                  00001e3a    00000002     --HOLE-- [fill = 0]
                  00001e3c    0000016c     driverlib.lib : gpio.obj (.text:GPIOPadConfigSet)
                  00001fa8    0000013c     rtsv7M4_T_le_v4SPD16_eabi.lib : _printfi.c.obj (.text:_pconv_e)
                  000020e4    00000136                                   : fd_div_t2.asm.obj (.text)
                  0000221a    00000002     --HOLE-- [fill = 0]
                  0000221c    00000124                                   : _printfi.c.obj (.text:fcvt)
                  00002340    00000118     driverlib.lib : sysctl.obj (.text:SysCtlClockGet)
                  00002458    00000110     rtsv7M4_T_le_v4SPD16_eabi.lib : s_scalbn.c.obj (.text:scalbn)
                  00002568    000000fc                                   : fd_mul_t2.asm.obj (.text)
                  00002664    000000f4     driverlib.lib : sysctl.obj (.text:SysCtlClockSet)
                  00002758    000000c4     Util.lib : uart.obj (.text)
                  0000281c    000000b1     rtsv7M4_T_le_v4SPD16_eabi.lib : _printfi.c.obj (.text:_ltostr)
                  000028cd    00000003     --HOLE-- [fill = 0]
                  000028d0    0000009c     Util.lib : led.obj (.text)
                  0000296c    0000009c     rtsv7M4_T_le_v4SPD16_eabi.lib : memcpy_t2.asm.obj (.text)
                  00002a08    00000096                                   : ull_div_t2.asm.obj (.text)
                  00002a9e    00000002     --HOLE-- [fill = 0]
                  00002aa0    0000008c     Util.lib : pushbutton.obj (.text)
                  00002b2c    00000086     rtsv7M4_T_le_v4SPD16_eabi.lib : fd_cmp_t2.asm.obj (.text:__aeabi_cdcmple)
                  00002bb2    00000086                                   : fd_cmp_t2.asm.obj (.text:__aeabi_cdrcmple)
                  00002c38    0000007a     driverlib.lib : adc.obj (.text:ADCSequenceStepConfigure)
                  00002cb2    0000007a     rtsv7M4_T_le_v4SPD16_eabi.lib : memset_t2.asm.obj (.text)
                  00002d2c    0000006e                                   : _printfi.c.obj (.text:_mcpy)
                  00002d9a    00000002     --HOLE-- [fill = 0]
                  00002d9c    00000068     driverlib.lib : interrupt.obj (.text:IntEnable)
                  00002e04    00000068     rtsv7M4_T_le_v4SPD16_eabi.lib : copy_decompress_lzss.c.obj (.text:decompress:lzss:__TI_decompress_lzss)
                  00002e6c    00000064                                   : s_frexp.c.obj (.text:frexp)
                  00002ed0    00000058     driverlib.lib : gpio.obj (.text:GPIOIntTypeSet)
                  00002f28    00000056     rtsv7M4_T_le_v4SPD16_eabi.lib : _printfi.c.obj (.text:_pconv_f)
                  00002f7e    00000054                                   : ltoa.c.obj (.text:ltoa)
                  00002fd2    00000002     --HOLE-- [fill = 0]
                  00002fd4    00000054     sig7digit.obj (.text)
                  00003028    00000052     rtsv7M4_T_le_v4SPD16_eabi.lib : _printfi.c.obj (.text:_ecpy)
                  0000307a    0000004e     driverlib.lib : adc.obj (.text:ADCSequenceConfigure)
                  000030c8    0000004e     ras_asm.obj (.text)
                  00003116    00000002     --HOLE-- [fill = 0]
                  00003118    0000004c     driverlib.lib : gpio.obj (.text:GPIOPinConfigure)
                  00003164    0000004c     rtsv7M4_T_le_v4SPD16_eabi.lib : atoi.c.obj (.text:atoi)
                  000031b0    00000048                                   : fd_toi_t2.asm.obj (.text)
                  000031f8    00000046     driverlib.lib : uart.obj (.text:UARTConfigSetExpClk)
                  0000323e    00000002     --HOLE-- [fill = 0]
                  00003240    00000044                   : gpio.obj (.text:_GPIOIntNumberGet)
                  00003284    00000044     rtsv7M4_T_le_v4SPD16_eabi.lib : autoinit.c.obj (.text:__TI_auto_init_nobinit_nopinit:__TI_auto_init_nobinit_nopinit)
                  000032c8    00000040     ras.obj (.text)
                  00003308    00000040     rtsv7M4_T_le_v4SPD16_eabi.lib : vsnprintf.c.obj (.text:vsnprintf)
                  00003348    0000003e                                   : _printfi.c.obj (.text:_fcpy)
                  00003386    00000002     --HOLE-- [fill = 0]
                  00003388    00000034     driverlib.lib : interrupt.obj (.text:IntRegister)
                  000033bc    00000034                   : sysctl.obj (.text:SysCtlPeripheralEnable)
                  000033f0    00000034     rtsv7M4_T_le_v4SPD16_eabi.lib : boot_cortex_m.c.obj (.text:_c_int00_noargs:_c_int00_noargs)
                  00003424    00000030                                   : vsnprintf.c.obj (.text:_outs)
                  00003454    0000002e     driverlib.lib : adc.obj (.text:ADCIntStatus)
                  00003482    0000002e     rtsv7M4_T_le_v4SPD16_eabi.lib : i_tofd_t2.asm.obj (.text)
                  000034b0    0000002c     driverlib.lib : gpio.obj (.text:GPIODirModeSet)
                  000034dc    0000002c     buzzer_asm.obj (.text)
                  00003508    00000024     driverlib.lib : interrupt.obj (.text:IntPrioritySet)
                  0000352c    00000020                   : uart.obj (.text:UARTDisable)
                  0000354c    0000001e                   : adc.obj (.text:ADCSequenceDataGet)
                  0000356a    00000002     --HOLE-- [fill = 0]
                  0000356c    0000001c                   : systick.obj (.text:SysTickIntRegister)
                  00003588    0000001c     buzzer.obj (.text)
                  000035a4    0000001c     rtsv7M4_T_le_v4SPD16_eabi.lib : copy_zero_init.c.obj (.text:decompress:ZI:__TI_zero_init_nomemset:__TI_zero_init_nomemset)
                  000035c0    0000001c                                   : memccpy.c.obj (.text:memccpy)
                  000035dc    0000001c     motion.obj (.text)
                  000035f8    0000001a     driverlib.lib : gpio.obj (.text:GPIOPinTypeGPIOOutput)
                  00003612    0000001a     rtsv7M4_T_le_v4SPD16_eabi.lib : s_copysign.c.obj (.text:copysign)
                  0000362c    00000018     driverlib.lib : adc.obj (.text:ADCProcessorTrigger)
                  00003644    00000018                   : gpio.obj (.text:GPIOIntRegister)
                  0000365c    00000018     rtsv7M4_T_le_v4SPD16_eabi.lib : vsnprintf.c.obj (.text:_outc)
                  00003674    00000016     driverlib.lib : gpio.obj (.text:GPIOPinTypeGPIOInput)
                  0000368a    00000016                   : gpio.obj (.text:GPIOPinTypeUART)
                  000036a0    00000016     rtsv7M4_T_le_v4SPD16_eabi.lib : strchr.c.obj (.text:strchr)
                  000036b6    00000002     --HOLE-- [fill = 0]
                  000036b8    00000014     driverlib.lib : systick.obj (.text:SysTickEnable)
                  000036cc    00000014                   : systick.obj (.text:SysTickIntEnable)
                  000036e0    00000014                   : uart.obj (.text:UARTEnable)
                  000036f4    00000014     motion_asm.obj (.text)
                  00003708    00000014     rtsv7M4_T_le_v4SPD16_eabi.lib : strlen.c.obj (.text:strlen)
                  0000371c    00000012                                   : wcslen.c.obj (.text:wcslen)
                  0000372e    00000002     --HOLE-- [fill = 0]
                  00003730    00000010     driverlib.lib : systick.obj (.text:SysTickPeriodSet)
                  00003740    0000000e                   : adc.obj (.text:ADCSequenceEnable)
                  0000374e    0000000e     rtsv7M4_T_le_v4SPD16_eabi.lib : copy_decompress_none.c.obj (.text:decompress:none:__TI_decompress_none)
                  0000375c    0000000c     driverlib.lib : gpio.obj (.text:GPIOIntEnable)
                  00003768    0000000c     tm4c123gh6pm_startup_ccs.obj (.text)
                  00003774    0000000a     driverlib.lib : adc.obj (.text:ADCIntClear)
                  0000377e    0000000a                   : uart.obj (.text:UARTCharGet)
                  00003788    0000000a                   : uart.obj (.text:UARTCharPut)
                  00003792    00000002     --HOLE-- [fill = 0]
                  00003794    00000008     rtsv7M4_T_le_v4SPD16_eabi.lib : errno.c.obj (.text:__aeabi_errno_addr)
                  0000379c    00000006     driverlib.lib : gpio.obj (.text:GPIOIntClear)
                  000037a2    00000006                   : gpio.obj (.text:GPIOPinRead)
                  000037a8    00000006                   : gpio.obj (.text:GPIOPinWrite)
                  000037ae    00000006                   : sysctl.obj (.text:SysCtlDelay)
                  000037b4    00000004     rtsv7M4_T_le_v4SPD16_eabi.lib : pre_init.c.obj (.text:_system_pre_init)
                  000037b8    00000004                                   : exit.c.obj (.text:abort:abort)

.const     0    000037bc    00000448     
                  000037bc    00000101     rtsv7M4_T_le_v4SPD16_eabi.lib : ctype.c.obj (.const:.string:_ctypes_)
                  000038bd    00000003     --HOLE-- [fill = 0]
                  000038c0    000000d8     driverlib.lib : gpio.obj (.const:g_ppui32GPIOIntMapSnowflake)
                  00003998    000000c0                   : gpio.obj (.const:g_ppui32GPIOIntMapBlizzard)
                  00003a58    0000009c                   : interrupt.obj (.const:g_pui32Regs)
                  00003af4    00000090                   : gpio.obj (.const:g_pui32GPIOBaseAddrs)
                  00003b84    0000006c                   : sysctl.obj (.const:g_pui32Xtals)
                  00003bf0    00000014                   : interrupt.obj (.const:g_pui32EnRegs)

.cinit     0    00003c08    00000060     
                  00003c08    0000002c     (.cinit..data.load) [load image, compression = lzss]
                  00003c34    0000000c     (__TI_handler_table)
                  00003c40    00000008     (.cinit..bss.load) [load image, compression = zero_init]
                  00003c48    00000008     (.cinit..vtable.load) [load image, compression = zero_init]
                  00003c50    00000018     (__TI_cinit_table)

.init_array 
*          0    00000000    00000000     UNINITIALIZED

.vtable    0    20000000    0000026c     UNINITIALIZED
                  20000000    0000026c     driverlib.lib : interrupt.obj (.vtable)

.bss       0    20000670    00000108     UNINITIALIZED
                  20000670    00000100     Util.lib : launchpad.obj (.bss:callbackHeap)
                  20000770    00000004              : launchpad.obj (.bss)
                  20000774    00000004     sig7digit.obj (.bss)

.data      0    20000778    0000003c     UNINITIALIZED
                  20000778    00000018     main.obj (.data)
                  20000790    0000000b     sig7digit.obj (.data)
                  2000079b    00000001     Util.lib : led.obj (.data)
                  2000079c    00000008              : launchpad.obj (.data)
                  200007a4    00000005     main.obj (.data:passcode)
                  200007a9    00000005     main.obj (.data:seg7Display)
                  200007ae    00000001     Util.lib : pushbutton.obj (.data)
                  200007af    00000001     --HOLE--
                  200007b0    00000004     rtsv7M4_T_le_v4SPD16_eabi.lib : errno.c.obj (.data)

.stack     0    20000270    00000400     UNINITIALIZED
                  20000270    00000004     rtsv7M4_T_le_v4SPD16_eabi.lib : boot_cortex_m.c.obj (.stack)
                  20000274    000003fc     --HOLE--

MODULE SUMMARY

       Module                         code    ro data   rw data
       ------                         ----    -------   -------
    .\
       main.obj                       1468    0         34     
       tm4c123gh6pm_startup_ccs.obj   12      620       0      
       seg7.obj                       508     0         0      
       sig7digit.obj                  84      0         15     
       ras_asm.obj                    78      0         0      
       ras.obj                        64      0         0      
       buzzer_asm.obj                 44      0         0      
       buzzer.obj                     28      0         0      
       motion.obj                     28      0         0      
       motion_asm.obj                 20      0         0      
    +--+------------------------------+-------+---------+---------+
       Total:                         2334    620       49     
                                                               
    C:/Users/perth/OneDrive/Desktop/College Stuff/4. ECE 266/LabGroupA1/Util/Debug/Util.lib
       launchpad.obj                  976     0         268    
       uart.obj                       196     0         0      
       led.obj                        156     0         1      
       pushbutton.obj                 140     0         1      
    +--+------------------------------+-------+---------+---------+
       Total:                         1468    0         270    
                                                               
    C:/ti/TivaWare_C_Series-2.2.0.295/driverlib/ccs/Debug/driverlib.lib
       gpio.obj                       764     552       0      
       interrupt.obj                  192     176       620    
       sysctl.obj                     582     108       0      
       adc.obj                        324     0         0      
       uart.obj                       142     0         0      
       systick.obj                    84      0         0      
    +--+------------------------------+-------+---------+---------+
       Total:                         2088    836       620    
                                                               
    C:\ti\ccs930\ccs\tools\compiler\ti-cgt-arm_18.12.4.LTS\lib\rtsv7M4_T_le_v4SPD16_eabi.lib
       _printfi.c.obj                 4851    0         0      
       fd_add_t2.asm.obj              438     0         0      
       fd_div_t2.asm.obj              310     0         0      
       s_scalbn.c.obj                 272     0         0      
       fd_cmp_t2.asm.obj              268     0         0      
       ctype.c.obj                    0       257       0      
       fd_mul_t2.asm.obj              252     0         0      
       memcpy_t2.asm.obj              156     0         0      
       ull_div_t2.asm.obj             150     0         0      
       vsnprintf.c.obj                136     0         0      
       memset_t2.asm.obj              122     0         0      
       copy_decompress_lzss.c.obj     104     0         0      
       s_frexp.c.obj                  100     0         0      
       ltoa.c.obj                     84      0         0      
       atoi.c.obj                     76      0         0      
       fd_toi_t2.asm.obj              72      0         0      
       autoinit.c.obj                 68      0         0      
       boot_cortex_m.c.obj            52      0         0      
       i_tofd_t2.asm.obj              46      0         0      
       copy_zero_init.c.obj           28      0         0      
       memccpy.c.obj                  28      0         0      
       s_copysign.c.obj               26      0         0      
       strchr.c.obj                   22      0         0      
       strlen.c.obj                   20      0         0      
       wcslen.c.obj                   18      0         0      
       copy_decompress_none.c.obj     14      0         0      
       errno.c.obj                    8       0         4      
       exit.c.obj                     4       0         0      
       pre_init.c.obj                 4       0         0      
       div0.asm.obj                   2       0         0      
    +--+------------------------------+-------+---------+---------+
       Total:                         7731    257       4      
                                                               
       Stack:                         0       0         1024   
       Linker Generated:              0       96        0      
    +--+------------------------------+-------+---------+---------+
       Grand Total:                   13621   1809      1967   


LINKER GENERATED COPY TABLES

__TI_cinit_table @ 00003c50 records: 3, size/record: 8, table size: 24
	.data: load addr=00003c08, load size=0000002c bytes, run addr=20000778, run size=0000003c bytes, compression=lzss
	.bss: load addr=00003c40, load size=00000008 bytes, run addr=20000670, run size=00000108 bytes, compression=zero_init
	.vtable: load addr=00003c48, load size=00000008 bytes, run addr=20000000, run size=0000026c bytes, compression=zero_init


LINKER GENERATED HANDLER TABLE

__TI_handler_table @ 00003c34 records: 3, size/record: 4, table size: 12
	index: 0, handler: __TI_zero_init
	index: 1, handler: __TI_decompress_lzss
	index: 2, handler: __TI_decompress_none


GLOBAL SYMBOLS: SORTED ALPHABETICALLY BY Name 

address   name                          
-------   ----                          
00003775  ADCIntClear                   
00003455  ADCIntStatus                  
00001051  ADCOutput                     
0000362d  ADCProcessorTrigger           
0000307b  ADCSequenceConfigure          
0000354d  ADCSequenceDataGet            
00003741  ADCSequenceEnable             
00002c39  ADCSequenceStepConfigure      
000037b9  C$$EXIT                       
000034b1  GPIODirModeSet                
0000379d  GPIOIntClear                  
0000375d  GPIOIntEnable                 
00003645  GPIOIntRegister               
00002ed1  GPIOIntTypeSet                
00001e3d  GPIOPadConfigSet              
00003119  GPIOPinConfigure              
000037a3  GPIOPinRead                   
00003675  GPIOPinTypeGPIOInput          
000035f9  GPIOPinTypeGPIOOutput         
0000368b  GPIOPinTypeUART               
000037a9  GPIOPinWrite                  
00002d9d  IntEnable                     
00003509  IntPrioritySet                
00003389  IntRegister                   
00003769  ResetISR                      
00002341  SysCtlClockGet                
00002665  SysCtlClockSet                
000037af  SysCtlDelay                   
000033bd  SysCtlPeripheralEnable        
000036b9  SysTickEnable                 
000036cd  SysTickIntEnable              
0000356d  SysTickIntRegister            
00003731  SysTickPeriodSet              
0000377f  UARTCharGet                   
00003789  UARTCharPut                   
000031f9  UARTConfigSetExpClk           
0000352d  UARTDisable                   
000036e1  UARTEnable                    
20000670  __STACK_END                   
00000400  __STACK_SIZE                  
20000470  __STACK_TOP                   
00003c50  __TI_CINIT_Base               
00003c68  __TI_CINIT_Limit              
00003c34  __TI_Handler_Table_Base       
00003c40  __TI_Handler_Table_Limit      
00003285  __TI_auto_init_nobinit_nopinit
00002e05  __TI_decompress_lzss          
0000374f  __TI_decompress_none          
ffffffff  __TI_pprof_out_hndl           
0000026d  __TI_printfi                  
ffffffff  __TI_prof_data_size           
ffffffff  __TI_prof_data_start          
00000000  __TI_static_base__            
000035a5  __TI_zero_init_nomemset       
00002b2d  __aeabi_cdcmpeq               
00002b2d  __aeabi_cdcmple               
00002bb3  __aeabi_cdrcmple              
000031b1  __aeabi_d2iz                  
00001c8f  __aeabi_dadd                  
000020e5  __aeabi_ddiv                  
00002569  __aeabi_dmul                  
00001c85  __aeabi_dsub                  
00003795  __aeabi_errno_addr            
00003483  __aeabi_i2d                   
00000cbb  __aeabi_idiv0                 
00000cbb  __aeabi_ldiv0                 
00002cb3  __aeabi_memclr                
00002cb3  __aeabi_memclr4               
00002cb3  __aeabi_memclr8               
0000296d  __aeabi_memcpy                
0000296d  __aeabi_memcpy4               
0000296d  __aeabi_memcpy8               
00002cb5  __aeabi_memset                
00002cb5  __aeabi_memset4               
00002cb5  __aeabi_memset8               
00002a09  __aeabi_uldivmod              
ffffffff  __binit__                     
ffffffff  __c_args__                    
UNDEFED   __mpu_init                    
20000270  __stack                       
000033f1  _c_int00_noargs               
000037bc  _ctypes_                      
UNDEFED   _system_post_cinit            
000037b5  _system_pre_init              
000037b9  abort                         
00003165  atoi                          
ffffffff  binit                         
2000077e  blue                          
00003589  buzzerInit                    
000034f5  buzzerOff                     
000034e1  buzzerOn                      
00000cbd  callbackBuzzerPlay            
00000d0f  checkPasscode                 
00003613  copysign                      
00003613  copysignl                     
20000784  digitControl                  
200007b0  errno                         
00002e6d  frexp                         
00002e6d  frexpl                        
20000000  g_pfnRAMVectors               
00000000  g_pfnVectors                  
2000077f  green                         
00000ffd  intrInit                      
00002459  ldexp                         
00002459  ldexpl                        
00001155  ledCycle                      
000028f3  ledInit                       
000028d1  ledInitForced                 
00002907  ledTurnOnOff                  
00001583  lpInit                        
00002f7f  ltoa                          
000011c3  main                          
000035c1  memccpy                       
0000296d  memcpy                        
00002cbb  memset                        
200007a4  passcode                      
00000e5b  pbISR                         
00002ad5  pbInit                        
00002aa1  pbInitForced                  
00002ae9  pbRead                        
000036f9  pirDetect                     
00000f99  pirISR                        
000035dd  pirInit                       
000032c9  rasInit                       
000030d1  rasRead                       
2000077d  red                           
00002459  scalbn                        
00002459  scalbnl                       
000013a7  schdCallback                  
00001421  schdExecute                   
00002fdd  seg7DigitUpdate               
200007a9  seg7Display                   
000018b9  seg7Init                      
00001a45  seg7Update                    
000036a1  strchr                        
00003709  strlen                        
0000130b  sysTimeGet                    
00001311  sysTimeReached                
00001337  sysTimeWait                   
0000135b  sysTimeWaitAbsolute           
000027a5  uartGetChar                   
00002759  uartInit                      
00002793  uartPutChar                   
000027b7  uartPutString                 
000027e3  uprintf                       
00003309  vsnprintf                     
00001525  waitMs                        
00001555  waitUs                        
0000371d  wcslen                        


GLOBAL SYMBOLS: SORTED BY Symbol Address 

address   name                          
-------   ----                          
00000000  __TI_static_base__            
00000000  g_pfnVectors                  
0000026d  __TI_printfi                  
00000400  __STACK_SIZE                  
00000cbb  __aeabi_idiv0                 
00000cbb  __aeabi_ldiv0                 
00000cbd  callbackBuzzerPlay            
00000d0f  checkPasscode                 
00000e5b  pbISR                         
00000f99  pirISR                        
00000ffd  intrInit                      
00001051  ADCOutput                     
00001155  ledCycle                      
000011c3  main                          
0000130b  sysTimeGet                    
00001311  sysTimeReached                
00001337  sysTimeWait                   
0000135b  sysTimeWaitAbsolute           
000013a7  schdCallback                  
00001421  schdExecute                   
00001525  waitMs                        
00001555  waitUs                        
00001583  lpInit                        
000018b9  seg7Init                      
00001a45  seg7Update                    
00001c85  __aeabi_dsub                  
00001c8f  __aeabi_dadd                  
00001e3d  GPIOPadConfigSet              
000020e5  __aeabi_ddiv                  
00002341  SysCtlClockGet                
00002459  ldexp                         
00002459  ldexpl                        
00002459  scalbn                        
00002459  scalbnl                       
00002569  __aeabi_dmul                  
00002665  SysCtlClockSet                
00002759  uartInit                      
00002793  uartPutChar                   
000027a5  uartGetChar                   
000027b7  uartPutString                 
000027e3  uprintf                       
000028d1  ledInitForced                 
000028f3  ledInit                       
00002907  ledTurnOnOff                  
0000296d  __aeabi_memcpy                
0000296d  __aeabi_memcpy4               
0000296d  __aeabi_memcpy8               
0000296d  memcpy                        
00002a09  __aeabi_uldivmod              
00002aa1  pbInitForced                  
00002ad5  pbInit                        
00002ae9  pbRead                        
00002b2d  __aeabi_cdcmpeq               
00002b2d  __aeabi_cdcmple               
00002bb3  __aeabi_cdrcmple              
00002c39  ADCSequenceStepConfigure      
00002cb3  __aeabi_memclr                
00002cb3  __aeabi_memclr4               
00002cb3  __aeabi_memclr8               
00002cb5  __aeabi_memset                
00002cb5  __aeabi_memset4               
00002cb5  __aeabi_memset8               
00002cbb  memset                        
00002d9d  IntEnable                     
00002e05  __TI_decompress_lzss          
00002e6d  frexp                         
00002e6d  frexpl                        
00002ed1  GPIOIntTypeSet                
00002f7f  ltoa                          
00002fdd  seg7DigitUpdate               
0000307b  ADCSequenceConfigure          
000030d1  rasRead                       
00003119  GPIOPinConfigure              
00003165  atoi                          
000031b1  __aeabi_d2iz                  
000031f9  UARTConfigSetExpClk           
00003285  __TI_auto_init_nobinit_nopinit
000032c9  rasInit                       
00003309  vsnprintf                     
00003389  IntRegister                   
000033bd  SysCtlPeripheralEnable        
000033f1  _c_int00_noargs               
00003455  ADCIntStatus                  
00003483  __aeabi_i2d                   
000034b1  GPIODirModeSet                
000034e1  buzzerOn                      
000034f5  buzzerOff                     
00003509  IntPrioritySet                
0000352d  UARTDisable                   
0000354d  ADCSequenceDataGet            
0000356d  SysTickIntRegister            
00003589  buzzerInit                    
000035a5  __TI_zero_init_nomemset       
000035c1  memccpy                       
000035dd  pirInit                       
000035f9  GPIOPinTypeGPIOOutput         
00003613  copysign                      
00003613  copysignl                     
0000362d  ADCProcessorTrigger           
00003645  GPIOIntRegister               
00003675  GPIOPinTypeGPIOInput          
0000368b  GPIOPinTypeUART               
000036a1  strchr                        
000036b9  SysTickEnable                 
000036cd  SysTickIntEnable              
000036e1  UARTEnable                    
000036f9  pirDetect                     
00003709  strlen                        
0000371d  wcslen                        
00003731  SysTickPeriodSet              
00003741  ADCSequenceEnable             
0000374f  __TI_decompress_none          
0000375d  GPIOIntEnable                 
00003769  ResetISR                      
00003775  ADCIntClear                   
0000377f  UARTCharGet                   
00003789  UARTCharPut                   
00003795  __aeabi_errno_addr            
0000379d  GPIOIntClear                  
000037a3  GPIOPinRead                   
000037a9  GPIOPinWrite                  
000037af  SysCtlDelay                   
000037b5  _system_pre_init              
000037b9  C$$EXIT                       
000037b9  abort                         
000037bc  _ctypes_                      
00003c34  __TI_Handler_Table_Base       
00003c40  __TI_Handler_Table_Limit      
00003c50  __TI_CINIT_Base               
00003c68  __TI_CINIT_Limit              
20000000  g_pfnRAMVectors               
20000270  __stack                       
20000470  __STACK_TOP                   
20000670  __STACK_END                   
2000077d  red                           
2000077e  blue                          
2000077f  green                         
20000784  digitControl                  
200007a4  passcode                      
200007a9  seg7Display                   
200007b0  errno                         
ffffffff  __TI_pprof_out_hndl           
ffffffff  __TI_prof_data_size           
ffffffff  __TI_prof_data_start          
ffffffff  __binit__                     
ffffffff  __c_args__                    
ffffffff  binit                         
UNDEFED   __mpu_init                    
UNDEFED   _system_post_cinit            

[149 symbols]
