******************************************************************************
                  TI ARM Linker PC v18.12.4                    
******************************************************************************
>> Linked Tue Mar  9 10:08:12 2021

OUTPUT FILE NAME:   <Lab5.out>
ENTRY POINT SYMBOL: "_c_int00_noargs"  address: 00002c69


MEMORY CONFIGURATION

         name            origin    length      used     unused   attr    fill
----------------------  --------  ---------  --------  --------  ----  --------
  FLASH                 00000000   00040000  00003440  0003cbc0  R  X
  SRAM                  20000000   00008000  0000078a  00007876  RW X


SEGMENT ALLOCATION MAP

run origin  load origin   length   init length attrs members
----------  ----------- ---------- ----------- ----- -------
00000000    00000000    00003440   00003440    r-x
  00000000    00000000    0000026c   0000026c    r-- .intvecs
  0000026c    0000026c    00002d4c   00002d4c    r-x .text
  00002fb8    00002fb8    00000448   00000448    r-- .const
  00003400    00003400    00000040   00000040    r-- .cinit
20000000    20000000    0000078e   00000000    rw-
  20000000    20000000    0000026c   00000000    rw- .vtable
  20000270    20000270    00000400   00000000    rw- .stack
  20000670    20000670    00000104   00000000    rw- .bss
  20000774    20000774    0000001a   00000000    rw- .data


SECTION ALLOCATION MAP

 output                                  attributes/
section   page    origin      length       input sections
--------  ----  ----------  ----------   ----------------
.intvecs   0    00000000    0000026c     
                  00000000    0000026c     tm4c123gh6pm_startup_ccs.obj (.intvecs)

.text      0    0000026c    00002d4c     
                  0000026c    00000a4e     rtsv7M4_T_le_v4SPD16_eabi.lib : _printfi.c.obj (.text:__TI_printfi)
                  00000cba    00000002                                   : div0.asm.obj (.text)
                  00000cbc    000003d0     Util.lib : launchpad.obj (.text)
                  0000108c    00000270     rtsv7M4_T_le_v4SPD16_eabi.lib : _printfi.c.obj (.text:_pconv_a)
                  000012fc    000001e0     lab5_main.obj (.text)
                  000014dc    000001d0     rtsv7M4_T_le_v4SPD16_eabi.lib : _printfi.c.obj (.text:_pconv_g)
                  000016ac    000001b6                                   : fd_add_t2.asm.obj (.text)
                  00001862    00000002     --HOLE-- [fill = 0]
                  00001864    0000016c     driverlib.lib : gpio.obj (.text:GPIOPadConfigSet)
                  000019d0    0000013c     rtsv7M4_T_le_v4SPD16_eabi.lib : _printfi.c.obj (.text:_pconv_e)
                  00001b0c    00000136                                   : fd_div_t2.asm.obj (.text)
                  00001c42    00000002     --HOLE-- [fill = 0]
                  00001c44    00000124                                   : _printfi.c.obj (.text:fcvt)
                  00001d68    00000118     driverlib.lib : sysctl.obj (.text:SysCtlClockGet)
                  00001e80    00000110     rtsv7M4_T_le_v4SPD16_eabi.lib : s_scalbn.c.obj (.text:scalbn)
                  00001f90    000000fc                                   : fd_mul_t2.asm.obj (.text)
                  0000208c    000000f4     driverlib.lib : sysctl.obj (.text:SysCtlClockSet)
                  00002180    000000c4     Util.lib : uart.obj (.text)
                  00002244    000000b1     rtsv7M4_T_le_v4SPD16_eabi.lib : _printfi.c.obj (.text:_ltostr)
                  000022f5    00000003     --HOLE-- [fill = 0]
                  000022f8    0000009c     Util.lib : led.obj (.text)
                  00002394    0000009c     rtsv7M4_T_le_v4SPD16_eabi.lib : memcpy_t2.asm.obj (.text)
                  00002430    00000096                                   : ull_div_t2.asm.obj (.text)
                  000024c6    00000002     --HOLE-- [fill = 0]
                  000024c8    0000008c     Util.lib : pushbutton.obj (.text)
                  00002554    00000086     rtsv7M4_T_le_v4SPD16_eabi.lib : fd_cmp_t2.asm.obj (.text:__aeabi_cdcmple)
                  000025da    00000086                                   : fd_cmp_t2.asm.obj (.text:__aeabi_cdrcmple)
                  00002660    0000007a                                   : memset_t2.asm.obj (.text)
                  000026da    0000006e                                   : _printfi.c.obj (.text:_mcpy)
                  00002748    00000068     driverlib.lib : interrupt.obj (.text:IntEnable)
                  000027b0    00000068     rtsv7M4_T_le_v4SPD16_eabi.lib : copy_decompress_lzss.c.obj (.text:decompress:lzss:__TI_decompress_lzss)
                  00002818    00000064                                   : s_frexp.c.obj (.text:frexp)
                  0000287c    00000058     driverlib.lib : gpio.obj (.text:GPIOIntTypeSet)
                  000028d4    00000056     rtsv7M4_T_le_v4SPD16_eabi.lib : _printfi.c.obj (.text:_pconv_f)
                  0000292a    00000054                                   : ltoa.c.obj (.text:ltoa)
                  0000297e    00000052                                   : _printfi.c.obj (.text:_ecpy)
                  000029d0    0000004c     driverlib.lib : gpio.obj (.text:GPIOPinConfigure)
                  00002a1c    0000004c     rtsv7M4_T_le_v4SPD16_eabi.lib : atoi.c.obj (.text:atoi)
                  00002a68    00000048                                   : fd_toi_t2.asm.obj (.text)
                  00002ab0    00000046     driverlib.lib : uart.obj (.text:UARTConfigSetExpClk)
                  00002af6    00000002     --HOLE-- [fill = 0]
                  00002af8    00000044                   : gpio.obj (.text:_GPIOIntNumberGet)
                  00002b3c    00000044     rtsv7M4_T_le_v4SPD16_eabi.lib : autoinit.c.obj (.text:__TI_auto_init_nobinit_nopinit:__TI_auto_init_nobinit_nopinit)
                  00002b80    00000040                                   : vsnprintf.c.obj (.text:vsnprintf)
                  00002bc0    0000003e                                   : _printfi.c.obj (.text:_fcpy)
                  00002bfe    00000002     --HOLE-- [fill = 0]
                  00002c00    00000034     driverlib.lib : interrupt.obj (.text:IntRegister)
                  00002c34    00000034                   : sysctl.obj (.text:SysCtlPeripheralEnable)
                  00002c68    00000034     rtsv7M4_T_le_v4SPD16_eabi.lib : boot_cortex_m.c.obj (.text:_c_int00_noargs:_c_int00_noargs)
                  00002c9c    00000030                                   : vsnprintf.c.obj (.text:_outs)
                  00002ccc    0000002e                                   : i_tofd_t2.asm.obj (.text)
                  00002cfa    0000002c     driverlib.lib : gpio.obj (.text:GPIODirModeSet)
                  00002d26    00000002     --HOLE-- [fill = 0]
                  00002d28    0000002c     buzzer_asm.obj (.text)
                  00002d54    00000024     driverlib.lib : interrupt.obj (.text:IntPrioritySet)
                  00002d78    00000020                   : uart.obj (.text:UARTDisable)
                  00002d98    0000001c                   : systick.obj (.text:SysTickIntRegister)
                  00002db4    0000001c     buzzer.obj (.text)
                  00002dd0    0000001c     rtsv7M4_T_le_v4SPD16_eabi.lib : copy_zero_init.c.obj (.text:decompress:ZI:__TI_zero_init_nomemset:__TI_zero_init_nomemset)
                  00002dec    0000001c                                   : memccpy.c.obj (.text:memccpy)
                  00002e08    0000001c     motion.obj (.text)
                  00002e24    0000001a     driverlib.lib : gpio.obj (.text:GPIOPinTypeGPIOOutput)
                  00002e3e    0000001a     rtsv7M4_T_le_v4SPD16_eabi.lib : s_copysign.c.obj (.text:copysign)
                  00002e58    00000018     driverlib.lib : gpio.obj (.text:GPIOIntRegister)
                  00002e70    00000018     rtsv7M4_T_le_v4SPD16_eabi.lib : vsnprintf.c.obj (.text:_outc)
                  00002e88    00000016     driverlib.lib : gpio.obj (.text:GPIOPinTypeGPIOInput)
                  00002e9e    00000016                   : gpio.obj (.text:GPIOPinTypeUART)
                  00002eb4    00000016     rtsv7M4_T_le_v4SPD16_eabi.lib : strchr.c.obj (.text:strchr)
                  00002eca    00000002     --HOLE-- [fill = 0]
                  00002ecc    00000014     driverlib.lib : systick.obj (.text:SysTickEnable)
                  00002ee0    00000014                   : systick.obj (.text:SysTickIntEnable)
                  00002ef4    00000014                   : uart.obj (.text:UARTEnable)
                  00002f08    00000014     motion_asm.obj (.text)
                  00002f1c    00000014     rtsv7M4_T_le_v4SPD16_eabi.lib : strlen.c.obj (.text:strlen)
                  00002f30    00000012                                   : wcslen.c.obj (.text:wcslen)
                  00002f42    00000002     --HOLE-- [fill = 0]
                  00002f44    00000010     driverlib.lib : systick.obj (.text:SysTickPeriodSet)
                  00002f54    0000000e     rtsv7M4_T_le_v4SPD16_eabi.lib : copy_decompress_none.c.obj (.text:decompress:none:__TI_decompress_none)
                  00002f62    0000000c     driverlib.lib : gpio.obj (.text:GPIOIntEnable)
                  00002f6e    0000000c     tm4c123gh6pm_startup_ccs.obj (.text)
                  00002f7a    0000000a     driverlib.lib : uart.obj (.text:UARTCharGet)
                  00002f84    0000000a                   : uart.obj (.text:UARTCharPut)
                  00002f8e    00000002     --HOLE-- [fill = 0]
                  00002f90    00000008     rtsv7M4_T_le_v4SPD16_eabi.lib : errno.c.obj (.text:__aeabi_errno_addr)
                  00002f98    00000006     driverlib.lib : gpio.obj (.text:GPIOIntClear)
                  00002f9e    00000006                   : gpio.obj (.text:GPIOPinRead)
                  00002fa4    00000006                   : gpio.obj (.text:GPIOPinWrite)
                  00002faa    00000006                   : sysctl.obj (.text:SysCtlDelay)
                  00002fb0    00000004     rtsv7M4_T_le_v4SPD16_eabi.lib : pre_init.c.obj (.text:_system_pre_init)
                  00002fb4    00000004                                   : exit.c.obj (.text:abort:abort)

.const     0    00002fb8    00000448     
                  00002fb8    00000101     rtsv7M4_T_le_v4SPD16_eabi.lib : ctype.c.obj (.const:.string:_ctypes_)
                  000030b9    00000003     --HOLE-- [fill = 0]
                  000030bc    000000d8     driverlib.lib : gpio.obj (.const:g_ppui32GPIOIntMapSnowflake)
                  00003194    000000c0                   : gpio.obj (.const:g_ppui32GPIOIntMapBlizzard)
                  00003254    0000009c                   : interrupt.obj (.const:g_pui32Regs)
                  000032f0    00000090                   : gpio.obj (.const:g_pui32GPIOBaseAddrs)
                  00003380    0000006c                   : sysctl.obj (.const:g_pui32Xtals)
                  000033ec    00000014                   : interrupt.obj (.const:g_pui32EnRegs)

.cinit     0    00003400    00000040     
                  00003400    0000000c     (.cinit..data.load) [load image, compression = lzss]
                  0000340c    0000000c     (__TI_handler_table)
                  00003418    00000008     (.cinit..bss.load) [load image, compression = zero_init]
                  00003420    00000008     (.cinit..vtable.load) [load image, compression = zero_init]
                  00003428    00000018     (__TI_cinit_table)

.init_array 
*          0    00000000    00000000     UNINITIALIZED

.vtable    0    20000000    0000026c     UNINITIALIZED
                  20000000    0000026c     driverlib.lib : interrupt.obj (.vtable)

.bss       0    20000670    00000104     UNINITIALIZED
                  20000670    00000100     Util.lib : launchpad.obj (.bss:callbackHeap)
                  20000770    00000004              : launchpad.obj (.bss)

.data      0    20000774    0000001a     UNINITIALIZED
                  20000774    0000000c     lab5_main.obj (.data)
                  20000780    00000008     Util.lib : launchpad.obj (.data)
                  20000788    00000004     rtsv7M4_T_le_v4SPD16_eabi.lib : errno.c.obj (.data)
                  2000078c    00000001     Util.lib : led.obj (.data)
                  2000078d    00000001              : pushbutton.obj (.data)

.stack     0    20000270    00000400     UNINITIALIZED
                  20000270    00000004     rtsv7M4_T_le_v4SPD16_eabi.lib : boot_cortex_m.c.obj (.stack)
                  20000274    000003fc     --HOLE--

MODULE SUMMARY

       Module                         code    ro data   rw data
       ------                         ----    -------   -------
    .\
       tm4c123gh6pm_startup_ccs.obj   12      620       0      
       lab5_main.obj                  480     0         12     
       buzzer_asm.obj                 44      0         0      
       buzzer.obj                     28      0         0      
       motion.obj                     28      0         0      
       motion_asm.obj                 20      0         0      
    +--+------------------------------+-------+---------+---------+
       Total:                         612     620       12     
                                                               
    C:/Users/perth/OneDrive/Desktop/College Stuff/4. ECE 266/LabGroupA1/Util/Debug/Util.lib
       launchpad.obj                  976     0         268    
       uart.obj                       196     0         0      
       led.obj                        156     0         1      
       pushbutton.obj                 140     0         1      
    +--+------------------------------+-------+---------+---------+
       Total:                         1468    0         270    
                                                               
    C:/ti/TivaWare_C_Series-2.2.0.295/driverlib/ccs/Debug/driverlib.lib
       gpio.obj                       764     552       0      
       interrupt.obj                  192     176       620    
       sysctl.obj                     582     108       0      
       uart.obj                       142     0         0      
       systick.obj                    84      0         0      
    +--+------------------------------+-------+---------+---------+
       Total:                         1764    836       620    
                                                               
    C:\ti\ccs930\ccs\tools\compiler\ti-cgt-arm_18.12.4.LTS\lib\rtsv7M4_T_le_v4SPD16_eabi.lib
       _printfi.c.obj                 4851    0         0      
       fd_add_t2.asm.obj              438     0         0      
       fd_div_t2.asm.obj              310     0         0      
       s_scalbn.c.obj                 272     0         0      
       fd_cmp_t2.asm.obj              268     0         0      
       ctype.c.obj                    0       257       0      
       fd_mul_t2.asm.obj              252     0         0      
       memcpy_t2.asm.obj              156     0         0      
       ull_div_t2.asm.obj             150     0         0      
       vsnprintf.c.obj                136     0         0      
       memset_t2.asm.obj              122     0         0      
       copy_decompress_lzss.c.obj     104     0         0      
       s_frexp.c.obj                  100     0         0      
       ltoa.c.obj                     84      0         0      
       atoi.c.obj                     76      0         0      
       fd_toi_t2.asm.obj              72      0         0      
       autoinit.c.obj                 68      0         0      
       boot_cortex_m.c.obj            52      0         0      
       i_tofd_t2.asm.obj              46      0         0      
       copy_zero_init.c.obj           28      0         0      
       memccpy.c.obj                  28      0         0      
       s_copysign.c.obj               26      0         0      
       strchr.c.obj                   22      0         0      
       strlen.c.obj                   20      0         0      
       wcslen.c.obj                   18      0         0      
       copy_decompress_none.c.obj     14      0         0      
       errno.c.obj                    8       0         4      
       exit.c.obj                     4       0         0      
       pre_init.c.obj                 4       0         0      
       div0.asm.obj                   2       0         0      
    +--+------------------------------+-------+---------+---------+
       Total:                         7731    257       4      
                                                               
       Stack:                         0       0         1024   
       Linker Generated:              0       64        0      
    +--+------------------------------+-------+---------+---------+
       Grand Total:                   11575   1777      1930   


LINKER GENERATED COPY TABLES

__TI_cinit_table @ 00003428 records: 3, size/record: 8, table size: 24
	.data: load addr=00003400, load size=0000000c bytes, run addr=20000774, run size=0000001a bytes, compression=lzss
	.bss: load addr=00003418, load size=00000008 bytes, run addr=20000670, run size=00000104 bytes, compression=zero_init
	.vtable: load addr=00003420, load size=00000008 bytes, run addr=20000000, run size=0000026c bytes, compression=zero_init


LINKER GENERATED HANDLER TABLE

__TI_handler_table @ 0000340c records: 3, size/record: 4, table size: 12
	index: 0, handler: __TI_zero_init
	index: 1, handler: __TI_decompress_lzss
	index: 2, handler: __TI_decompress_none


GLOBAL SYMBOLS: SORTED ALPHABETICALLY BY Name 

address   name                          
-------   ----                          
00002fb5  C$$EXIT                       
00002cfb  GPIODirModeSet                
00002f99  GPIOIntClear                  
00002f63  GPIOIntEnable                 
00002e59  GPIOIntRegister               
0000287d  GPIOIntTypeSet                
00001865  GPIOPadConfigSet              
000029d1  GPIOPinConfigure              
00002f9f  GPIOPinRead                   
00002e89  GPIOPinTypeGPIOInput          
00002e25  GPIOPinTypeGPIOOutput         
00002e9f  GPIOPinTypeUART               
00002fa5  GPIOPinWrite                  
00002749  IntEnable                     
00002d55  IntPrioritySet                
00002c01  IntRegister                   
00002f6f  ResetISR                      
00001d69  SysCtlClockGet                
0000208d  SysCtlClockSet                
00002fab  SysCtlDelay                   
00002c35  SysCtlPeripheralEnable        
00002ecd  SysTickEnable                 
00002ee1  SysTickIntEnable              
00002d99  SysTickIntRegister            
00002f45  SysTickPeriodSet              
00002f7b  UARTCharGet                   
00002f85  UARTCharPut                   
00002ab1  UARTConfigSetExpClk           
00002d79  UARTDisable                   
00002ef5  UARTEnable                    
20000670  __STACK_END                   
00000400  __STACK_SIZE                  
20000470  __STACK_TOP                   
00003428  __TI_CINIT_Base               
00003440  __TI_CINIT_Limit              
0000340c  __TI_Handler_Table_Base       
00003418  __TI_Handler_Table_Limit      
00002b3d  __TI_auto_init_nobinit_nopinit
000027b1  __TI_decompress_lzss          
00002f55  __TI_decompress_none          
ffffffff  __TI_pprof_out_hndl           
0000026d  __TI_printfi                  
ffffffff  __TI_prof_data_size           
ffffffff  __TI_prof_data_start          
00000000  __TI_static_base__            
00002dd1  __TI_zero_init_nomemset       
00002555  __aeabi_cdcmpeq               
00002555  __aeabi_cdcmple               
000025db  __aeabi_cdrcmple              
00002a69  __aeabi_d2iz                  
000016b7  __aeabi_dadd                  
00001b0d  __aeabi_ddiv                  
00001f91  __aeabi_dmul                  
000016ad  __aeabi_dsub                  
00002f91  __aeabi_errno_addr            
00002ccd  __aeabi_i2d                   
00000cbb  __aeabi_idiv0                 
00000cbb  __aeabi_ldiv0                 
00002661  __aeabi_memclr                
00002661  __aeabi_memclr4               
00002661  __aeabi_memclr8               
00002395  __aeabi_memcpy                
00002395  __aeabi_memcpy4               
00002395  __aeabi_memcpy8               
00002663  __aeabi_memset                
00002663  __aeabi_memset4               
00002663  __aeabi_memset8               
00002431  __aeabi_uldivmod              
ffffffff  __binit__                     
ffffffff  __c_args__                    
UNDEFED   __mpu_init                    
20000270  __stack                       
00002c69  _c_int00_noargs               
00002fb8  _ctypes_                      
UNDEFED   _system_post_cinit            
00002fb1  _system_pre_init              
00002fb5  abort                         
00002a1d  atoi                          
ffffffff  binit                         
00002db5  buzzerInit                    
00002d41  buzzerOff                     
00002d2d  buzzerOn                      
000012fd  callbackBuzzerPlay            
00002e3f  copysign                      
00002e3f  copysignl                     
20000788  errno                         
00002819  frexp                         
00002819  frexpl                        
20000000  g_pfnRAMVectors               
00000000  g_pfnVectors                  
0000141d  intrInit                      
00001e81  ldexp                         
00001e81  ldexpl                        
0000231b  ledInit                       
000022f9  ledInitForced                 
0000232f  ledTurnOnOff                  
00000fc7  lpInit                        
0000292b  ltoa                          
00001465  main                          
00002ded  memccpy                       
00002395  memcpy                        
00002669  memset                        
0000134f  pbISR                         
000024fd  pbInit                        
000024c9  pbInitForced                  
00002511  pbRead                        
00002f0d  pirDetect                     
000013c5  pirISR                        
00002e09  pirInit                       
00001e81  scalbn                        
00001e81  scalbnl                       
00000deb  schdCallback                  
00000e65  schdExecute                   
00002eb5  strchr                        
00002f1d  strlen                        
00000d4f  sysTimeGet                    
00000d55  sysTimeReached                
00000d7b  sysTimeWait                   
00000d9f  sysTimeWaitAbsolute           
000021cd  uartGetChar                   
00002181  uartInit                      
000021bb  uartPutChar                   
000021df  uartPutString                 
0000220b  uprintf                       
00002b81  vsnprintf                     
00000f69  waitMs                        
00000f99  waitUs                        
00002f31  wcslen                        


GLOBAL SYMBOLS: SORTED BY Symbol Address 

address   name                          
-------   ----                          
00000000  __TI_static_base__            
00000000  g_pfnVectors                  
0000026d  __TI_printfi                  
00000400  __STACK_SIZE                  
00000cbb  __aeabi_idiv0                 
00000cbb  __aeabi_ldiv0                 
00000d4f  sysTimeGet                    
00000d55  sysTimeReached                
00000d7b  sysTimeWait                   
00000d9f  sysTimeWaitAbsolute           
00000deb  schdCallback                  
00000e65  schdExecute                   
00000f69  waitMs                        
00000f99  waitUs                        
00000fc7  lpInit                        
000012fd  callbackBuzzerPlay            
0000134f  pbISR                         
000013c5  pirISR                        
0000141d  intrInit                      
00001465  main                          
000016ad  __aeabi_dsub                  
000016b7  __aeabi_dadd                  
00001865  GPIOPadConfigSet              
00001b0d  __aeabi_ddiv                  
00001d69  SysCtlClockGet                
00001e81  ldexp                         
00001e81  ldexpl                        
00001e81  scalbn                        
00001e81  scalbnl                       
00001f91  __aeabi_dmul                  
0000208d  SysCtlClockSet                
00002181  uartInit                      
000021bb  uartPutChar                   
000021cd  uartGetChar                   
000021df  uartPutString                 
0000220b  uprintf                       
000022f9  ledInitForced                 
0000231b  ledInit                       
0000232f  ledTurnOnOff                  
00002395  __aeabi_memcpy                
00002395  __aeabi_memcpy4               
00002395  __aeabi_memcpy8               
00002395  memcpy                        
00002431  __aeabi_uldivmod              
000024c9  pbInitForced                  
000024fd  pbInit                        
00002511  pbRead                        
00002555  __aeabi_cdcmpeq               
00002555  __aeabi_cdcmple               
000025db  __aeabi_cdrcmple              
00002661  __aeabi_memclr                
00002661  __aeabi_memclr4               
00002661  __aeabi_memclr8               
00002663  __aeabi_memset                
00002663  __aeabi_memset4               
00002663  __aeabi_memset8               
00002669  memset                        
00002749  IntEnable                     
000027b1  __TI_decompress_lzss          
00002819  frexp                         
00002819  frexpl                        
0000287d  GPIOIntTypeSet                
0000292b  ltoa                          
000029d1  GPIOPinConfigure              
00002a1d  atoi                          
00002a69  __aeabi_d2iz                  
00002ab1  UARTConfigSetExpClk           
00002b3d  __TI_auto_init_nobinit_nopinit
00002b81  vsnprintf                     
00002c01  IntRegister                   
00002c35  SysCtlPeripheralEnable        
00002c69  _c_int00_noargs               
00002ccd  __aeabi_i2d                   
00002cfb  GPIODirModeSet                
00002d2d  buzzerOn                      
00002d41  buzzerOff                     
00002d55  IntPrioritySet                
00002d79  UARTDisable                   
00002d99  SysTickIntRegister            
00002db5  buzzerInit                    
00002dd1  __TI_zero_init_nomemset       
00002ded  memccpy                       
00002e09  pirInit                       
00002e25  GPIOPinTypeGPIOOutput         
00002e3f  copysign                      
00002e3f  copysignl                     
00002e59  GPIOIntRegister               
00002e89  GPIOPinTypeGPIOInput          
00002e9f  GPIOPinTypeUART               
00002eb5  strchr                        
00002ecd  SysTickEnable                 
00002ee1  SysTickIntEnable              
00002ef5  UARTEnable                    
00002f0d  pirDetect                     
00002f1d  strlen                        
00002f31  wcslen                        
00002f45  SysTickPeriodSet              
00002f55  __TI_decompress_none          
00002f63  GPIOIntEnable                 
00002f6f  ResetISR                      
00002f7b  UARTCharGet                   
00002f85  UARTCharPut                   
00002f91  __aeabi_errno_addr            
00002f99  GPIOIntClear                  
00002f9f  GPIOPinRead                   
00002fa5  GPIOPinWrite                  
00002fab  SysCtlDelay                   
00002fb1  _system_pre_init              
00002fb5  C$$EXIT                       
00002fb5  abort                         
00002fb8  _ctypes_                      
0000340c  __TI_Handler_Table_Base       
00003418  __TI_Handler_Table_Limit      
00003428  __TI_CINIT_Base               
00003440  __TI_CINIT_Limit              
20000000  g_pfnRAMVectors               
20000270  __stack                       
20000470  __STACK_TOP                   
20000670  __STACK_END                   
20000788  errno                         
ffffffff  __TI_pprof_out_hndl           
ffffffff  __TI_prof_data_size           
ffffffff  __TI_prof_data_start          
ffffffff  __binit__                     
ffffffff  __c_args__                    
ffffffff  binit                         
UNDEFED   __mpu_init                    
UNDEFED   _system_post_cinit            

[128 symbols]
