******************************************************************************
                  TI ARM Linker PC v18.12.4                    
******************************************************************************
>> Linked Sun Feb 21 17:27:56 2021

OUTPUT FILE NAME:   <Lab4.out>
ENTRY POINT SYMBOL: "_c_int00_noargs"  address: 00003621


MEMORY CONFIGURATION

         name            origin    length      used     unused   attr    fill
----------------------  --------  ---------  --------  --------  ----  --------
  FLASH                 00000000   00040000  00003d1a  0003c2e6  R  X
  SRAM                  20000000   00008000  0000132d  00006cd3  RW X


SEGMENT ALLOCATION MAP

run origin  load origin   length   init length attrs members
----------  ----------- ---------- ----------- ----- -------
00000000    00000000    00003d20   00003d20    r-x
  00000000    00000000    0000026c   0000026c    r-- .intvecs
  0000026c    0000026c    00003806   00003806    r-x .text
  00003a74    00003a74    00000200   00000200    r-- .const
  00003c78    00003c78    000000a8   000000a8    r-- .cinit
20000000    20000000    00001331   00000000    rw-
  20000000    20000000    0000026c   00000000    rw- .vtable
  20000270    20000270    00000800   00000000    rw- .sysmem
  20000a70    20000a70    00000400   00000000    rw- .stack
  20000e70    20000e70    000002cc   00000000    rw- .bss
  2000113c    2000113c    000001f5   00000000    rw- .data


SECTION ALLOCATION MAP

 output                                  attributes/
section   page    origin      length       input sections
--------  ----  ----------  ----------   ----------------
.intvecs   0    00000000    0000026c     
                  00000000    0000026c     tm4c123gh6pm_startup_ccs.obj (.intvecs)

.text      0    0000026c    00003806     
                  0000026c    00000a4e     rtsv7M4_T_le_v4SPD16_eabi.lib : _printfi.c.obj (.text:__TI_printfi)
                  00000cba    00000002                                   : _lock.c.obj (.text:_nop)
                  00000cbc    000003d0     Util.lib : launchpad.obj (.text)
                  0000108c    00000270     rtsv7M4_T_le_v4SPD16_eabi.lib : _printfi.c.obj (.text:_pconv_a)
                  000012fc    0000020c     lab4_main.obj (.text)
                  00001508    000001d0     rtsv7M4_T_le_v4SPD16_eabi.lib : _printfi.c.obj (.text:_pconv_g)
                  000016d8    000001b6                                   : fd_add_t2.asm.obj (.text)
                  0000188e    00000002                                   : div0.asm.obj (.text)
                  00001890    0000016c     driverlib.lib : gpio.obj (.text:GPIOPadConfigSet)
                  000019fc    0000013c     rtsv7M4_T_le_v4SPD16_eabi.lib : _printfi.c.obj (.text:_pconv_e)
                  00001b38    00000136                                   : fd_div_t2.asm.obj (.text)
                  00001c6e    00000002     --HOLE-- [fill = 0]
                  00001c70    00000124                                   : _printfi.c.obj (.text:fcvt)
                  00001d94    00000118     driverlib.lib : sysctl.obj (.text:SysCtlClockGet)
                  00001eac    00000118     rtsv7M4_T_le_v4SPD16_eabi.lib : memory.c.obj (.text:aligned_alloc)
                  00001fc4    00000114                                   : fputs.c.obj (.text:fputs)
                  000020d8    00000110                                   : s_scalbn.c.obj (.text:scalbn)
                  000021e8    000000fc                                   : fd_mul_t2.asm.obj (.text)
                  000022e4    000000f4     driverlib.lib : sysctl.obj (.text:SysCtlClockSet)
                  000023d8    000000e4     rtsv7M4_T_le_v4SPD16_eabi.lib : memory.c.obj (.text:free)
                  000024bc    000000dc                                   : setvbuf.c.obj (.text:setvbuf)
                  00002598    000000c4     Util.lib : uart.obj (.text)
                  0000265c    000000b1     rtsv7M4_T_le_v4SPD16_eabi.lib : _printfi.c.obj (.text:_ltostr)
                  0000270d    00000003     --HOLE-- [fill = 0]
                  00002710    0000009c     Util.lib : led.obj (.text)
                  000027ac    0000009c     rtsv7M4_T_le_v4SPD16_eabi.lib : memcpy_t2.asm.obj (.text)
                  00002848    00000096                                   : ull_div_t2.asm.obj (.text)
                  000028de    00000002     --HOLE-- [fill = 0]
                  000028e0    0000008c     Util.lib : pushbutton.obj (.text)
                  0000296c    00000086     rtsv7M4_T_le_v4SPD16_eabi.lib : fd_cmp_t2.asm.obj (.text:__aeabi_cdcmple)
                  000029f2    00000086                                   : fd_cmp_t2.asm.obj (.text:__aeabi_cdrcmple)
                  00002a78    0000007c                                   : fflush.c.obj (.text:fflush)
                  00002af4    0000007a                                   : memset_t2.asm.obj (.text)
                  00002b6e    00000002     --HOLE-- [fill = 0]
                  00002b70    00000074                                   : fclose.c.obj (.text:__TI_closefile)
                  00002be4    00000070                                   : memory.c.obj (.text:split)
                  00002c54    0000006e                                   : _printfi.c.obj (.text:_mcpy)
                  00002cc2    00000002     --HOLE-- [fill = 0]
                  00002cc4    0000006c                                   : hostrename.c.obj (.text:HOSTrename)
                  00002d30    00000068                                   : hostlseek.c.obj (.text:HOSTlseek)
                  00002d98    00000068                                   : copy_decompress_lzss.c.obj (.text:decompress:lzss:__TI_decompress_lzss)
                  00002e00    00000064                                   : s_frexp.c.obj (.text:frexp)
                  00002e64    00000064                                   : fseek.c.obj (.text:fseek)
                  00002ec8    00000062                                   : _io_perm.c.obj (.text:__TI_wrt_ok)
                  00002f2a    00000002     --HOLE-- [fill = 0]
                  00002f2c    00000060                                   : hostopen.c.obj (.text:HOSTopen)
                  00002f8c    0000005c                                   : close.c.obj (.text:close)
                  00002fe8    00000058                                   : hostread.c.obj (.text:HOSTread)
                  00003040    00000058                                   : hostwrite.c.obj (.text:HOSTwrite)
                  00003098    00000056                                   : _printfi.c.obj (.text:_pconv_f)
                  000030ee    00000054                                   : ltoa.c.obj (.text:ltoa)
                  00003142    00000052                                   : _printfi.c.obj (.text:_ecpy)
                  00003194    0000004c     driverlib.lib : gpio.obj (.text:GPIOPinConfigure)
                  000031e0    0000004c     rtsv7M4_T_le_v4SPD16_eabi.lib : fflush.c.obj (.text:__TI_doflush)
                  0000322c    0000004c                                   : atoi.c.obj (.text:atoi)
                  00003278    00000048                                   : exit.c.obj (.text:exit)
                  000032c0    00000048                                   : fd_toi_t2.asm.obj (.text)
                  00003308    00000046     driverlib.lib : uart.obj (.text:UARTConfigSetExpClk)
                  0000334e    00000002     --HOLE-- [fill = 0]
                  00003350    00000044     rtsv7M4_T_le_v4SPD16_eabi.lib : hostclose.c.obj (.text:HOSTclose)
                  00003394    00000044                                   : hostunlink.c.obj (.text:HOSTunlink)
                  000033d8    00000044                                   : autoinit.c.obj (.text:__TI_auto_init_nobinit_nopinit:__TI_auto_init_nobinit_nopinit)
                  0000341c    00000044                                   : getdevice.c.obj (.text:getdevice)
                  00003460    00000040                                   : vsnprintf.c.obj (.text:vsnprintf)
                  000034a0    0000003e                                   : _printfi.c.obj (.text:_fcpy)
                  000034de    00000002     --HOLE-- [fill = 0]
                  000034e0    00000038                                   : trgmsg.c.obj (.text:__TI_writemsg)
                  00003518    00000036                                   : strncpy.c.obj (.text:strncpy)
                  0000354e    00000002     --HOLE-- [fill = 0]
                  00003550    00000034     driverlib.lib : interrupt.obj (.text:IntRegister)
                  00003584    00000034                   : sysctl.obj (.text:SysCtlPeripheralEnable)
                  000035b8    00000034     rtsv7M4_T_le_v4SPD16_eabi.lib : fopen.c.obj (.text:__TI_cleanup)
                  000035ec    00000034                                   : trgmsg.c.obj (.text:__TI_readmsg)
                  00003620    00000034                                   : boot_cortex_m.c.obj (.text:_c_int00_noargs:_c_int00_noargs)
                  00003654    00000030                                   : vsnprintf.c.obj (.text:_outs)
                  00003684    00000030                                   : getdevice.c.obj (.text:finddevice)
                  000036b4    0000002e                                   : i_tofd_t2.asm.obj (.text)
                  000036e2    0000002c     driverlib.lib : gpio.obj (.text:GPIODirModeSet)
                  0000370e    00000002     --HOLE-- [fill = 0]
                  00003710    0000002c     buzzer_asm.obj (.text)
                  0000373c    0000002c     rtsv7M4_T_le_v4SPD16_eabi.lib : unlink.c.obj (.text:unlink)
                  00003768    00000028                                   : memory.c.obj (.text:free_list_insert)
                  00003790    00000028                                   : lseek.c.obj (.text:lseek)
                  000037b8    00000028                                   : write.c.obj (.text:write)
                  000037e0    00000020     driverlib.lib : uart.obj (.text:UARTDisable)
                  00003800    00000020     rtsv7M4_T_le_v4SPD16_eabi.lib : memchr.c.obj (.text:memchr)
                  00003820    0000001c     driverlib.lib : systick.obj (.text:SysTickIntRegister)
                  0000383c    0000001c     rtsv7M4_T_le_v4SPD16_eabi.lib : assert.c.obj (.text:_abort_msg)
                  00003858    0000001c     buzzer.obj (.text)
                  00003874    0000001c     rtsv7M4_T_le_v4SPD16_eabi.lib : memory.c.obj (.text:free_list_remove)
                  00003890    0000001c                                   : memccpy.c.obj (.text:memccpy)
                  000038ac    0000001c     motion.obj (.text)
                  000038c8    0000001a     driverlib.lib : gpio.obj (.text:GPIOPinTypeGPIOOutput)
                  000038e2    0000001a     rtsv7M4_T_le_v4SPD16_eabi.lib : s_copysign.c.obj (.text:copysign)
                  000038fc    00000018                                   : vsnprintf.c.obj (.text:_outc)
                  00003914    00000018                                   : strcmp.c.obj (.text:strcmp)
                  0000392c    00000016     driverlib.lib : gpio.obj (.text:GPIOPinTypeGPIOInput)
                  00003942    00000016                   : gpio.obj (.text:GPIOPinTypeUART)
                  00003958    00000016     rtsv7M4_T_le_v4SPD16_eabi.lib : strchr.c.obj (.text:strchr)
                  0000396e    00000002     --HOLE-- [fill = 0]
                  00003970    00000014     driverlib.lib : systick.obj (.text:SysTickEnable)
                  00003984    00000014                   : systick.obj (.text:SysTickIntEnable)
                  00003998    00000014                   : uart.obj (.text:UARTEnable)
                  000039ac    00000014     motion_asm.obj (.text)
                  000039c0    00000014     rtsv7M4_T_le_v4SPD16_eabi.lib : strcpy.c.obj (.text:strcpy)
                  000039d4    00000014                                   : strlen.c.obj (.text:strlen)
                  000039e8    00000012                                   : wcslen.c.obj (.text:wcslen)
                  000039fa    00000002     --HOLE-- [fill = 0]
                  000039fc    00000010     driverlib.lib : systick.obj (.text:SysTickPeriodSet)
                  00003a0c    0000000e     rtsv7M4_T_le_v4SPD16_eabi.lib : copy_decompress_none.c.obj (.text:decompress:none:__TI_decompress_none)
                  00003a1a    0000000c                                   : copy_zero_init.c.obj (.text:decompress:ZI:__TI_zero_init)
                  00003a26    0000000c     tm4c123gh6pm_startup_ccs.obj (.text)
                  00003a32    0000000a     driverlib.lib : uart.obj (.text:UARTCharGet)
                  00003a3c    0000000a                   : uart.obj (.text:UARTCharPut)
                  00003a46    00000002     --HOLE-- [fill = 0]
                  00003a48    00000008     rtsv7M4_T_le_v4SPD16_eabi.lib : errno.c.obj (.text:__aeabi_errno_addr)
                  00003a50    00000008                                   : memory.c.obj (.text:malloc)
                  00003a58    00000006     driverlib.lib : gpio.obj (.text:GPIOPinRead)
                  00003a5e    00000006                   : gpio.obj (.text:GPIOPinWrite)
                  00003a64    00000006                   : sysctl.obj (.text:SysCtlDelay)
                  00003a6a    00000004     rtsv7M4_T_le_v4SPD16_eabi.lib : pre_init.c.obj (.text:_system_pre_init)
                  00003a6e    00000004                                   : exit.c.obj (.text:abort:abort)

.const     0    00003a74    00000200     
                  00003a74    00000101     rtsv7M4_T_le_v4SPD16_eabi.lib : ctype.c.obj (.const:.string:_ctypes_)
                  00003b75    00000003     --HOLE-- [fill = 0]
                  00003b78    00000090     driverlib.lib : gpio.obj (.const:g_pui32GPIOBaseAddrs)
                  00003c08    0000006c                   : sysctl.obj (.const:g_pui32Xtals)

.cinit     0    00003c78    000000a8     
                  00003c78    0000006f     (.cinit..data.load) [load image, compression = lzss]
                  00003ce7    00000001     --HOLE-- [fill = 0]
                  00003ce8    0000000c     (__TI_handler_table)
                  00003cf4    00000004     --HOLE-- [fill = 0]
                  00003cf8    00000008     (.cinit..bss.load) [load image, compression = zero_init]
                  00003d00    00000008     (.cinit..vtable.load) [load image, compression = zero_init]
                  00003d08    00000018     (__TI_cinit_table)

.init_array 
*          0    00000000    00000000     UNINITIALIZED

.vtable    0    20000000    0000026c     UNINITIALIZED
                  20000000    0000026c     driverlib.lib : interrupt.obj (.vtable)

.sysmem    0    20000270    00000800     UNINITIALIZED
                  20000270    00000010     rtsv7M4_T_le_v4SPD16_eabi.lib : memory.c.obj (.sysmem)
                  20000280    000007f0     --HOLE--

.stack     0    20000a70    00000400     UNINITIALIZED
                  20000a70    00000004     rtsv7M4_T_le_v4SPD16_eabi.lib : boot_cortex_m.c.obj (.stack)
                  20000a74    000003fc     --HOLE--

.bss       0    20000e70    000002cc     UNINITIALIZED
                  20000e70    00000120     rtsv7M4_T_le_v4SPD16_eabi.lib : trgmsg.c.obj (.bss:_CIOBUF_)
                  20000f90    00000100     Util.lib : launchpad.obj (.bss:callbackHeap)
                  20001090    000000a0     (.common:__TI_tmpnams)
                  20001130    00000008     (.common:parmbuf)
                  20001138    00000004              : launchpad.obj (.bss)

.data      0    2000113c    000001f5     UNINITIALIZED
                  2000113c    000000f0     rtsv7M4_T_le_v4SPD16_eabi.lib : defs.c.obj (.data:_ftable)
                  2000122c    00000078                                   : host_device.c.obj (.data:_device)
                  200012a4    00000050                                   : host_device.c.obj (.data:_stream)
                  200012f4    00000010                                   : defs.c.obj (.data)
                  20001304    0000000c                                   : exit.c.obj (.data:$O1$$)
                  20001310    00000008                                   : _lock.c.obj (.data:$O1$$)
                  20001318    00000008                                   : memory.c.obj (.data:$O1$$)
                  20001320    00000008     Util.lib : launchpad.obj (.data)
                  20001328    00000004     rtsv7M4_T_le_v4SPD16_eabi.lib : errno.c.obj (.data)
                  2000132c    00000003     lab4_main.obj (.data)
                  2000132f    00000001     Util.lib : led.obj (.data)
                  20001330    00000001              : pushbutton.obj (.data)

MODULE SUMMARY

       Module                         code    ro data   rw data
       ------                         ----    -------   -------
    .\
       tm4c123gh6pm_startup_ccs.obj   12      620       0      
       lab4_main.obj                  524     0         3      
       buzzer_asm.obj                 44      0         0      
       buzzer.obj                     28      0         0      
       motion.obj                     28      0         0      
       motion_asm.obj                 20      0         0      
    +--+------------------------------+-------+---------+---------+
       Total:                         656     620       3      
                                                               
    C:/Users/perth/OneDrive/Desktop/College Stuff/4. ECE 266/LabGroupA1/Util/Debug/Util.lib
       launchpad.obj                  976     0         268    
       uart.obj                       196     0         0      
       led.obj                        156     0         1      
       pushbutton.obj                 140     0         1      
    +--+------------------------------+-------+---------+---------+
       Total:                         1468    0         270    
                                                               
    C:/ti/TivaWare_C_Series-2.2.0.295/driverlib/ccs/Debug/driverlib.lib
       gpio.obj                       566     144       0      
       sysctl.obj                     582     108       0      
       interrupt.obj                  52      0         620    
       uart.obj                       142     0         0      
       systick.obj                    84      0         0      
    +--+------------------------------+-------+---------+---------+
       Total:                         1426    252       620    
                                                               
    C:\ti\ccs930\ccs\tools\compiler\ti-cgt-arm_18.12.4.LTS\lib\rtsv7M4_T_le_v4SPD16_eabi.lib
       _printfi.c.obj                 4851    0         0      
       memory.c.obj                   696     0         8      
       fd_add_t2.asm.obj              438     0         0      
       defs.c.obj                     0       0         416    
       trgmsg.c.obj                   108     0         288    
       fd_div_t2.asm.obj              310     0         0      
       fputs.c.obj                    276     0         0      
       s_scalbn.c.obj                 272     0         0      
       fd_cmp_t2.asm.obj              268     0         0      
       ctype.c.obj                    0       257       0      
       fd_mul_t2.asm.obj              252     0         0      
       setvbuf.c.obj                  220     0         0      
       fflush.c.obj                   200     0         0      
       host_device.c.obj              0       0         200    
       memcpy_t2.asm.obj              156     0         0      
       ull_div_t2.asm.obj             150     0         0      
       vsnprintf.c.obj                136     0         0      
       memset_t2.asm.obj              122     0         0      
       fclose.c.obj                   116     0         0      
       getdevice.c.obj                116     0         0      
       hostrename.c.obj               108     0         0      
       copy_decompress_lzss.c.obj     104     0         0      
       hostlseek.c.obj                104     0         0      
       hostopen.c.obj                 96      0         8      
       fseek.c.obj                    100     0         0      
       s_frexp.c.obj                  100     0         0      
       _io_perm.c.obj                 98      0         0      
       close.c.obj                    92      0         0      
       exit.c.obj                     76      0         12     
       hostread.c.obj                 88      0         0      
       hostwrite.c.obj                88      0         0      
       ltoa.c.obj                     84      0         0      
       atoi.c.obj                     76      0         0      
       fd_toi_t2.asm.obj              72      0         0      
       autoinit.c.obj                 68      0         0      
       hostclose.c.obj                68      0         0      
       hostunlink.c.obj               68      0         0      
       strncpy.c.obj                  54      0         0      
       boot_cortex_m.c.obj            52      0         0      
       fopen.c.obj                    52      0         0      
       i_tofd_t2.asm.obj              46      0         0      
       unlink.c.obj                   44      0         0      
       lseek.c.obj                    40      0         0      
       write.c.obj                    40      0         0      
       memchr.c.obj                   32      0         0      
       assert.c.obj                   28      0         0      
       memccpy.c.obj                  28      0         0      
       s_copysign.c.obj               26      0         0      
       strcmp.c.obj                   24      0         0      
       strchr.c.obj                   22      0         0      
       strcpy.c.obj                   20      0         0      
       strlen.c.obj                   20      0         0      
       wcslen.c.obj                   18      0         0      
       copy_decompress_none.c.obj     14      0         0      
       copy_zero_init.c.obj           12      0         0      
       errno.c.obj                    8       0         4      
       _lock.c.obj                    2       0         8      
       pre_init.c.obj                 4       0         0      
       div0.asm.obj                   2       0         0      
    +--+------------------------------+-------+---------+---------+
       Total:                         10765   257       944    
                                                               
       Heap:                          0       0         2048   
       Stack:                         0       0         1024   
       Linker Generated:              0       163       0      
    +--+------------------------------+-------+---------+---------+
       Grand Total:                   14315   1292      4909   


LINKER GENERATED COPY TABLES

__TI_cinit_table @ 00003d08 records: 3, size/record: 8, table size: 24
	.data: load addr=00003c78, load size=0000006f bytes, run addr=2000113c, run size=000001f5 bytes, compression=lzss
	.bss: load addr=00003cf8, load size=00000008 bytes, run addr=20000e70, run size=000002cc bytes, compression=zero_init
	.vtable: load addr=00003d00, load size=00000008 bytes, run addr=20000000, run size=0000026c bytes, compression=zero_init


LINKER GENERATED HANDLER TABLE

__TI_handler_table @ 00003ce8 records: 3, size/record: 4, table size: 12
	index: 0, handler: __TI_zero_init
	index: 1, handler: __TI_decompress_lzss
	index: 2, handler: __TI_decompress_none


GLOBAL SYMBOLS: SORTED ALPHABETICALLY BY Name 

address   name                           
-------   ----                           
00003a6f  C$$EXIT                        
0000350f  C$$IO$$                        
000036e3  GPIODirModeSet                 
00001891  GPIOPadConfigSet               
00003195  GPIOPinConfigure               
00003a59  GPIOPinRead                    
0000392d  GPIOPinTypeGPIOInput           
000038c9  GPIOPinTypeGPIOOutput          
00003943  GPIOPinTypeUART                
00003a5f  GPIOPinWrite                   
00003351  HOSTclose                      
00002d31  HOSTlseek                      
00002f2d  HOSTopen                       
00002fe9  HOSTread                       
00002cc5  HOSTrename                     
00003395  HOSTunlink                     
00003041  HOSTwrite                      
00003551  IntRegister                    
00003a27  ResetISR                       
00001d95  SysCtlClockGet                 
000022e5  SysCtlClockSet                 
00003a65  SysCtlDelay                    
00003585  SysCtlPeripheralEnable         
00003971  SysTickEnable                  
00003985  SysTickIntEnable               
00003821  SysTickIntRegister             
000039fd  SysTickPeriodSet               
00003a33  UARTCharGet                    
00003a3d  UARTCharPut                    
00003309  UARTConfigSetExpClk            
000037e1  UARTDisable                    
00003999  UARTEnable                     
20000e70  __CIOBUF_                      
20000e70  __STACK_END                    
00000400  __STACK_SIZE                   
20000c70  __STACK_TOP                    
00000800  __SYSMEM_SIZE                  
00003d08  __TI_CINIT_Base                
00003d20  __TI_CINIT_Limit               
00003ce8  __TI_Handler_Table_Base        
00003cf4  __TI_Handler_Table_Limit       
000033d9  __TI_auto_init_nobinit_nopinit 
000035b9  __TI_cleanup                   
20001304  __TI_cleanup_ptr               
00002b71  __TI_closefile                 
00002d99  __TI_decompress_lzss           
00003a0d  __TI_decompress_none           
000031e1  __TI_doflush                   
20001308  __TI_dtors_ptr                 
2000130c  __TI_enable_exit_profile_output
200012f4  __TI_ft_end                    
ffffffff  __TI_pprof_out_hndl            
0000026d  __TI_printfi                   
ffffffff  __TI_prof_data_size            
ffffffff  __TI_prof_data_start           
000035ed  __TI_readmsg                   
00000000  __TI_static_base__             
20001090  __TI_tmpnams                   
000034e1  __TI_writemsg                  
00002ec9  __TI_wrt_ok                    
00003a1b  __TI_zero_init                 
0000296d  __aeabi_cdcmpeq                
0000296d  __aeabi_cdcmple                
000029f3  __aeabi_cdrcmple               
000032c1  __aeabi_d2iz                   
000016e3  __aeabi_dadd                   
00001b39  __aeabi_ddiv                   
000021e9  __aeabi_dmul                   
000016d9  __aeabi_dsub                   
00003a49  __aeabi_errno_addr             
000036b5  __aeabi_i2d                    
0000188f  __aeabi_idiv0                  
0000188f  __aeabi_ldiv0                  
00002af5  __aeabi_memclr                 
00002af5  __aeabi_memclr4                
00002af5  __aeabi_memclr8                
000027ad  __aeabi_memcpy                 
000027ad  __aeabi_memcpy4                
000027ad  __aeabi_memcpy8                
00002af7  __aeabi_memset                 
00002af7  __aeabi_memset4                
00002af7  __aeabi_memset8                
20001300  __aeabi_stderr                 
200012f8  __aeabi_stdin                  
200012fc  __aeabi_stdout                 
00002849  __aeabi_uldivmod               
ffffffff  __binit__                      
ffffffff  __c_args__                     
UNDEFED   __mpu_init                     
20000a70  __stack                        
0000383d  _abort_msg                     
00003621  _c_int00_noargs                
00003a74  _ctypes_                       
2000122c  _device                        
2000113c  _ftable                        
20001310  _lock                          
00000cbb  _nop                           
200012a4  _stream                        
20000270  _sys_memory                    
UNDEFED   _system_post_cinit             
00003a6b  _system_pre_init               
20001314  _unlock                        
00003a6f  abort                          
00001ead  aligned_alloc                  
0000322d  atoi                           
ffffffff  binit                          
00003859  buzzerInit                     
00003729  buzzerOff                      
00003715  buzzerOn                       
000012fd  callbackBuzzerPlay             
0000135b  callbackCheckPushButton        
000013cb  callbackPIR                    
00002f8d  close                          
000038e3  copysign                       
000038e3  copysignl                      
20001328  errno                          
00003279  exit                           
00002a79  fflush                         
00003685  finddevice                     
00001fc5  fputs                          
000023d9  free                           
00002e01  frexp                          
00002e01  frexpl                         
00002e65  fseek                          
20000000  g_pfnRAMVectors                
00000000  g_pfnVectors                   
0000341d  getdevice                      
000020d9  ldexp                          
000020d9  ldexpl                         
00002733  ledInit                        
00002711  ledInitForced                  
00002747  ledTurnOnOff                   
00000fc7  lpInit                         
00003791  lseek                          
000030ef  ltoa                           
0000142d  main                           
00003a51  malloc                         
00001ead  memalign                       
00003891  memccpy                        
00003801  memchr                         
000027ad  memcpy                         
00002afd  memset                         
20001130  parmbuf                        
00002915  pbInit                         
000028e1  pbInitForced                   
00002929  pbRead                         
000039b1  pirDetect                      
000038ad  pirInit                        
0000373d  remove                         
000020d9  scalbn                         
000020d9  scalbnl                        
00000deb  schdCallback                   
00000e65  schdExecute                    
000024bd  setvbuf                        
00003959  strchr                         
00003915  strcmp                         
000039c1  strcpy                         
000039d5  strlen                         
00003519  strncpy                        
00000d4f  sysTimeGet                     
00000d55  sysTimeReached                 
00000d7b  sysTimeWait                    
00000d9f  sysTimeWaitAbsolute            
000025e5  uartGetChar                    
00002599  uartInit                       
000025d3  uartPutChar                    
000025f7  uartPutString                  
0000373d  unlink                         
00002623  uprintf                        
00003461  vsnprintf                      
00000f69  waitMs                         
00000f99  waitUs                         
000039e9  wcslen                         
000037b9  write                          


GLOBAL SYMBOLS: SORTED BY Symbol Address 

address   name                           
-------   ----                           
00000000  __TI_static_base__             
00000000  g_pfnVectors                   
0000026d  __TI_printfi                   
00000400  __STACK_SIZE                   
00000800  __SYSMEM_SIZE                  
00000cbb  _nop                           
00000d4f  sysTimeGet                     
00000d55  sysTimeReached                 
00000d7b  sysTimeWait                    
00000d9f  sysTimeWaitAbsolute            
00000deb  schdCallback                   
00000e65  schdExecute                    
00000f69  waitMs                         
00000f99  waitUs                         
00000fc7  lpInit                         
000012fd  callbackBuzzerPlay             
0000135b  callbackCheckPushButton        
000013cb  callbackPIR                    
0000142d  main                           
000016d9  __aeabi_dsub                   
000016e3  __aeabi_dadd                   
0000188f  __aeabi_idiv0                  
0000188f  __aeabi_ldiv0                  
00001891  GPIOPadConfigSet               
00001b39  __aeabi_ddiv                   
00001d95  SysCtlClockGet                 
00001ead  aligned_alloc                  
00001ead  memalign                       
00001fc5  fputs                          
000020d9  ldexp                          
000020d9  ldexpl                         
000020d9  scalbn                         
000020d9  scalbnl                        
000021e9  __aeabi_dmul                   
000022e5  SysCtlClockSet                 
000023d9  free                           
000024bd  setvbuf                        
00002599  uartInit                       
000025d3  uartPutChar                    
000025e5  uartGetChar                    
000025f7  uartPutString                  
00002623  uprintf                        
00002711  ledInitForced                  
00002733  ledInit                        
00002747  ledTurnOnOff                   
000027ad  __aeabi_memcpy                 
000027ad  __aeabi_memcpy4                
000027ad  __aeabi_memcpy8                
000027ad  memcpy                         
00002849  __aeabi_uldivmod               
000028e1  pbInitForced                   
00002915  pbInit                         
00002929  pbRead                         
0000296d  __aeabi_cdcmpeq                
0000296d  __aeabi_cdcmple                
000029f3  __aeabi_cdrcmple               
00002a79  fflush                         
00002af5  __aeabi_memclr                 
00002af5  __aeabi_memclr4                
00002af5  __aeabi_memclr8                
00002af7  __aeabi_memset                 
00002af7  __aeabi_memset4                
00002af7  __aeabi_memset8                
00002afd  memset                         
00002b71  __TI_closefile                 
00002cc5  HOSTrename                     
00002d31  HOSTlseek                      
00002d99  __TI_decompress_lzss           
00002e01  frexp                          
00002e01  frexpl                         
00002e65  fseek                          
00002ec9  __TI_wrt_ok                    
00002f2d  HOSTopen                       
00002f8d  close                          
00002fe9  HOSTread                       
00003041  HOSTwrite                      
000030ef  ltoa                           
00003195  GPIOPinConfigure               
000031e1  __TI_doflush                   
0000322d  atoi                           
00003279  exit                           
000032c1  __aeabi_d2iz                   
00003309  UARTConfigSetExpClk            
00003351  HOSTclose                      
00003395  HOSTunlink                     
000033d9  __TI_auto_init_nobinit_nopinit 
0000341d  getdevice                      
00003461  vsnprintf                      
000034e1  __TI_writemsg                  
0000350f  C$$IO$$                        
00003519  strncpy                        
00003551  IntRegister                    
00003585  SysCtlPeripheralEnable         
000035b9  __TI_cleanup                   
000035ed  __TI_readmsg                   
00003621  _c_int00_noargs                
00003685  finddevice                     
000036b5  __aeabi_i2d                    
000036e3  GPIODirModeSet                 
00003715  buzzerOn                       
00003729  buzzerOff                      
0000373d  remove                         
0000373d  unlink                         
00003791  lseek                          
000037b9  write                          
000037e1  UARTDisable                    
00003801  memchr                         
00003821  SysTickIntRegister             
0000383d  _abort_msg                     
00003859  buzzerInit                     
00003891  memccpy                        
000038ad  pirInit                        
000038c9  GPIOPinTypeGPIOOutput          
000038e3  copysign                       
000038e3  copysignl                      
00003915  strcmp                         
0000392d  GPIOPinTypeGPIOInput           
00003943  GPIOPinTypeUART                
00003959  strchr                         
00003971  SysTickEnable                  
00003985  SysTickIntEnable               
00003999  UARTEnable                     
000039b1  pirDetect                      
000039c1  strcpy                         
000039d5  strlen                         
000039e9  wcslen                         
000039fd  SysTickPeriodSet               
00003a0d  __TI_decompress_none           
00003a1b  __TI_zero_init                 
00003a27  ResetISR                       
00003a33  UARTCharGet                    
00003a3d  UARTCharPut                    
00003a49  __aeabi_errno_addr             
00003a51  malloc                         
00003a59  GPIOPinRead                    
00003a5f  GPIOPinWrite                   
00003a65  SysCtlDelay                    
00003a6b  _system_pre_init               
00003a6f  C$$EXIT                        
00003a6f  abort                          
00003a74  _ctypes_                       
00003ce8  __TI_Handler_Table_Base        
00003cf4  __TI_Handler_Table_Limit       
00003d08  __TI_CINIT_Base                
00003d20  __TI_CINIT_Limit               
20000000  g_pfnRAMVectors                
20000270  _sys_memory                    
20000a70  __stack                        
20000c70  __STACK_TOP                    
20000e70  __CIOBUF_                      
20000e70  __STACK_END                    
20001090  __TI_tmpnams                   
20001130  parmbuf                        
2000113c  _ftable                        
2000122c  _device                        
200012a4  _stream                        
200012f4  __TI_ft_end                    
200012f8  __aeabi_stdin                  
200012fc  __aeabi_stdout                 
20001300  __aeabi_stderr                 
20001304  __TI_cleanup_ptr               
20001308  __TI_dtors_ptr                 
2000130c  __TI_enable_exit_profile_output
20001310  _lock                          
20001314  _unlock                        
20001328  errno                          
ffffffff  __TI_pprof_out_hndl            
ffffffff  __TI_prof_data_size            
ffffffff  __TI_prof_data_start           
ffffffff  __binit__                      
ffffffff  __c_args__                     
ffffffff  binit                          
UNDEFED   __mpu_init                     
UNDEFED   _system_post_cinit             

[174 symbols]
