<?xml version="1.0" encoding="ISO-8859-1" ?>
<link_info>
   <banner>TI ARM Linker PC v18.12.4.LTS</banner>
   <copyright>Copyright (c) 1996-2018 Texas Instruments Incorporated</copyright>
   <link_time>0x6032ec7c</link_time>
   <link_errors>0x0</link_errors>
   <output_file>Lab4.out</output_file>
   <entry_point>
      <name>_c_int00_noargs</name>
      <address>0x3621</address>
   </entry_point>
   <input_file_list>
      <input_file id="fl-2">
         <path>.\</path>
         <kind>object</kind>
         <file>buzzer.obj</file>
         <name>buzzer.obj</name>
      </input_file>
      <input_file id="fl-3">
         <path>.\</path>
         <kind>object</kind>
         <file>buzzer_asm.obj</file>
         <name>buzzer_asm.obj</name>
      </input_file>
      <input_file id="fl-4">
         <path>.\</path>
         <kind>object</kind>
         <file>lab4_main.obj</file>
         <name>lab4_main.obj</name>
      </input_file>
      <input_file id="fl-5">
         <path>.\</path>
         <kind>object</kind>
         <file>motion.obj</file>
         <name>motion.obj</name>
      </input_file>
      <input_file id="fl-6">
         <path>.\</path>
         <kind>object</kind>
         <file>motion_asm.obj</file>
         <name>motion_asm.obj</name>
      </input_file>
      <input_file id="fl-7">
         <path>.\</path>
         <kind>object</kind>
         <file>tm4c123gh6pm_startup_ccs.obj</file>
         <name>tm4c123gh6pm_startup_ccs.obj</name>
      </input_file>
      <input_file id="fl-d">
         <kind>object</kind>
         <file>&lt;internal&gt;</file>
         <name>&lt;internal&gt;</name>
      </input_file>
      <input_file id="fl-c3">
         <path>C:\ti\ccs930\ccs\tools\compiler\ti-cgt-arm_18.12.4.LTS\lib\</path>
         <kind>archive</kind>
         <file>rtsv7M4_T_le_v4SPD16_eabi.lib</file>
         <name>copy_zero_init.c.obj</name>
      </input_file>
      <input_file id="fl-c4">
         <path>C:\ti\ccs930\ccs\tools\compiler\ti-cgt-arm_18.12.4.LTS\lib\</path>
         <kind>archive</kind>
         <file>rtsv7M4_T_le_v4SPD16_eabi.lib</file>
         <name>copy_decompress_none.c.obj</name>
      </input_file>
      <input_file id="fl-c5">
         <path>C:\ti\ccs930\ccs\tools\compiler\ti-cgt-arm_18.12.4.LTS\lib\</path>
         <kind>archive</kind>
         <file>rtsv7M4_T_le_v4SPD16_eabi.lib</file>
         <name>copy_decompress_lzss.c.obj</name>
      </input_file>
      <input_file id="fl-c6">
         <path>C:\ti\ccs930\ccs\tools\compiler\ti-cgt-arm_18.12.4.LTS\lib\</path>
         <kind>archive</kind>
         <file>rtsv7M4_T_le_v4SPD16_eabi.lib</file>
         <name>assert.c.obj</name>
      </input_file>
      <input_file id="fl-c7">
         <path>C:\ti\ccs930\ccs\tools\compiler\ti-cgt-arm_18.12.4.LTS\lib\</path>
         <kind>archive</kind>
         <file>rtsv7M4_T_le_v4SPD16_eabi.lib</file>
         <name>defs.c.obj</name>
      </input_file>
      <input_file id="fl-c8">
         <path>C:\ti\ccs930\ccs\tools\compiler\ti-cgt-arm_18.12.4.LTS\lib\</path>
         <kind>archive</kind>
         <file>rtsv7M4_T_le_v4SPD16_eabi.lib</file>
         <name>boot_cortex_m.c.obj</name>
      </input_file>
      <input_file id="fl-c9">
         <path>C:\ti\ccs930\ccs\tools\compiler\ti-cgt-arm_18.12.4.LTS\lib\</path>
         <kind>archive</kind>
         <file>rtsv7M4_T_le_v4SPD16_eabi.lib</file>
         <name>fflush.c.obj</name>
      </input_file>
      <input_file id="fl-ca">
         <path>C:\ti\ccs930\ccs\tools\compiler\ti-cgt-arm_18.12.4.LTS\lib\</path>
         <kind>archive</kind>
         <file>rtsv7M4_T_le_v4SPD16_eabi.lib</file>
         <name>fputs.c.obj</name>
      </input_file>
      <input_file id="fl-cb">
         <path>C:\ti\ccs930\ccs\tools\compiler\ti-cgt-arm_18.12.4.LTS\lib\</path>
         <kind>archive</kind>
         <file>rtsv7M4_T_le_v4SPD16_eabi.lib</file>
         <name>_io_perm.c.obj</name>
      </input_file>
      <input_file id="fl-cc">
         <path>C:\ti\ccs930\ccs\tools\compiler\ti-cgt-arm_18.12.4.LTS\lib\</path>
         <kind>archive</kind>
         <file>rtsv7M4_T_le_v4SPD16_eabi.lib</file>
         <name>setvbuf.c.obj</name>
      </input_file>
      <input_file id="fl-cd">
         <path>C:\ti\ccs930\ccs\tools\compiler\ti-cgt-arm_18.12.4.LTS\lib\</path>
         <kind>archive</kind>
         <file>rtsv7M4_T_le_v4SPD16_eabi.lib</file>
         <name>memcpy_t2.asm.obj</name>
      </input_file>
      <input_file id="fl-ce">
         <path>C:\ti\ccs930\ccs\tools\compiler\ti-cgt-arm_18.12.4.LTS\lib\</path>
         <kind>archive</kind>
         <file>rtsv7M4_T_le_v4SPD16_eabi.lib</file>
         <name>memset_t2.asm.obj</name>
      </input_file>
      <input_file id="fl-cf">
         <path>C:\ti\ccs930\ccs\tools\compiler\ti-cgt-arm_18.12.4.LTS\lib\</path>
         <kind>archive</kind>
         <file>rtsv7M4_T_le_v4SPD16_eabi.lib</file>
         <name>autoinit.c.obj</name>
      </input_file>
      <input_file id="fl-d0">
         <path>C:\ti\ccs930\ccs\tools\compiler\ti-cgt-arm_18.12.4.LTS\lib\</path>
         <kind>archive</kind>
         <file>rtsv7M4_T_le_v4SPD16_eabi.lib</file>
         <name>pre_init.c.obj</name>
      </input_file>
      <input_file id="fl-d1">
         <path>C:\ti\ccs930\ccs\tools\compiler\ti-cgt-arm_18.12.4.LTS\lib\</path>
         <kind>archive</kind>
         <file>rtsv7M4_T_le_v4SPD16_eabi.lib</file>
         <name>cpy_tbl.c.obj</name>
      </input_file>
      <input_file id="fl-d2">
         <path>C:\ti\ccs930\ccs\tools\compiler\ti-cgt-arm_18.12.4.LTS\lib\</path>
         <kind>archive</kind>
         <file>rtsv7M4_T_le_v4SPD16_eabi.lib</file>
         <name>exit.c.obj</name>
      </input_file>
      <input_file id="fl-d3">
         <path>C:\ti\ccs930\ccs\tools\compiler\ti-cgt-arm_18.12.4.LTS\lib\</path>
         <kind>archive</kind>
         <file>rtsv7M4_T_le_v4SPD16_eabi.lib</file>
         <name>_lock.c.obj</name>
      </input_file>
      <input_file id="fl-d4">
         <path>C:\ti\ccs930\ccs\tools\compiler\ti-cgt-arm_18.12.4.LTS\lib\</path>
         <kind>archive</kind>
         <file>rtsv7M4_T_le_v4SPD16_eabi.lib</file>
         <name>args_main.c.obj</name>
      </input_file>
      <input_file id="fl-d5">
         <path>C:\ti\ccs930\ccs\tools\compiler\ti-cgt-arm_18.12.4.LTS\lib\</path>
         <kind>archive</kind>
         <file>rtsv7M4_T_le_v4SPD16_eabi.lib</file>
         <name>memchr.c.obj</name>
      </input_file>
      <input_file id="fl-d6">
         <path>C:\ti\ccs930\ccs\tools\compiler\ti-cgt-arm_18.12.4.LTS\lib\</path>
         <kind>archive</kind>
         <file>rtsv7M4_T_le_v4SPD16_eabi.lib</file>
         <name>memory.c.obj</name>
      </input_file>
      <input_file id="fl-d7">
         <path>C:\ti\ccs930\ccs\tools\compiler\ti-cgt-arm_18.12.4.LTS\lib\</path>
         <kind>archive</kind>
         <file>rtsv7M4_T_le_v4SPD16_eabi.lib</file>
         <name>strlen.c.obj</name>
      </input_file>
      <input_file id="fl-d8">
         <path>C:\ti\ccs930\ccs\tools\compiler\ti-cgt-arm_18.12.4.LTS\lib\</path>
         <kind>archive</kind>
         <file>rtsv7M4_T_le_v4SPD16_eabi.lib</file>
         <name>write.c.obj</name>
      </input_file>
      <input_file id="fl-d9">
         <path>C:\ti\ccs930\ccs\tools\compiler\ti-cgt-arm_18.12.4.LTS\lib\</path>
         <kind>archive</kind>
         <file>rtsv7M4_T_le_v4SPD16_eabi.lib</file>
         <name>host_device.c.obj</name>
      </input_file>
      <input_file id="fl-da">
         <path>C:\ti\ccs930\ccs\tools\compiler\ti-cgt-arm_18.12.4.LTS\lib\</path>
         <kind>archive</kind>
         <file>rtsv7M4_T_le_v4SPD16_eabi.lib</file>
         <name>fopen.c.obj</name>
      </input_file>
      <input_file id="fl-db">
         <path>C:\ti\ccs930\ccs\tools\compiler\ti-cgt-arm_18.12.4.LTS\lib\</path>
         <kind>archive</kind>
         <file>rtsv7M4_T_le_v4SPD16_eabi.lib</file>
         <name>fseek.c.obj</name>
      </input_file>
      <input_file id="fl-dc">
         <path>C:\ti\ccs930\ccs\tools\compiler\ti-cgt-arm_18.12.4.LTS\lib\</path>
         <kind>archive</kind>
         <file>rtsv7M4_T_le_v4SPD16_eabi.lib</file>
         <name>hostclose.c.obj</name>
      </input_file>
      <input_file id="fl-dd">
         <path>C:\ti\ccs930\ccs\tools\compiler\ti-cgt-arm_18.12.4.LTS\lib\</path>
         <kind>archive</kind>
         <file>rtsv7M4_T_le_v4SPD16_eabi.lib</file>
         <name>hostlseek.c.obj</name>
      </input_file>
      <input_file id="fl-de">
         <path>C:\ti\ccs930\ccs\tools\compiler\ti-cgt-arm_18.12.4.LTS\lib\</path>
         <kind>archive</kind>
         <file>rtsv7M4_T_le_v4SPD16_eabi.lib</file>
         <name>hostopen.c.obj</name>
      </input_file>
      <input_file id="fl-df">
         <path>C:\ti\ccs930\ccs\tools\compiler\ti-cgt-arm_18.12.4.LTS\lib\</path>
         <kind>archive</kind>
         <file>rtsv7M4_T_le_v4SPD16_eabi.lib</file>
         <name>hostread.c.obj</name>
      </input_file>
      <input_file id="fl-e0">
         <path>C:\ti\ccs930\ccs\tools\compiler\ti-cgt-arm_18.12.4.LTS\lib\</path>
         <kind>archive</kind>
         <file>rtsv7M4_T_le_v4SPD16_eabi.lib</file>
         <name>hostrename.c.obj</name>
      </input_file>
      <input_file id="fl-e1">
         <path>C:\ti\ccs930\ccs\tools\compiler\ti-cgt-arm_18.12.4.LTS\lib\</path>
         <kind>archive</kind>
         <file>rtsv7M4_T_le_v4SPD16_eabi.lib</file>
         <name>hostunlink.c.obj</name>
      </input_file>
      <input_file id="fl-e2">
         <path>C:\ti\ccs930\ccs\tools\compiler\ti-cgt-arm_18.12.4.LTS\lib\</path>
         <kind>archive</kind>
         <file>rtsv7M4_T_le_v4SPD16_eabi.lib</file>
         <name>hostwrite.c.obj</name>
      </input_file>
      <input_file id="fl-e3">
         <path>C:\ti\ccs930\ccs\tools\compiler\ti-cgt-arm_18.12.4.LTS\lib\</path>
         <kind>archive</kind>
         <file>rtsv7M4_T_le_v4SPD16_eabi.lib</file>
         <name>trgmsg.c.obj</name>
      </input_file>
      <input_file id="fl-e4">
         <path>C:\ti\ccs930\ccs\tools\compiler\ti-cgt-arm_18.12.4.LTS\lib\</path>
         <kind>archive</kind>
         <file>rtsv7M4_T_le_v4SPD16_eabi.lib</file>
         <name>open.c.obj</name>
      </input_file>
      <input_file id="fl-e5">
         <path>C:\ti\ccs930\ccs\tools\compiler\ti-cgt-arm_18.12.4.LTS\lib\</path>
         <kind>archive</kind>
         <file>rtsv7M4_T_le_v4SPD16_eabi.lib</file>
         <name>lseek.c.obj</name>
      </input_file>
      <input_file id="fl-e6">
         <path>C:\ti\ccs930\ccs\tools\compiler\ti-cgt-arm_18.12.4.LTS\lib\</path>
         <kind>archive</kind>
         <file>rtsv7M4_T_le_v4SPD16_eabi.lib</file>
         <name>fclose.c.obj</name>
      </input_file>
      <input_file id="fl-e7">
         <path>C:\ti\ccs930\ccs\tools\compiler\ti-cgt-arm_18.12.4.LTS\lib\</path>
         <kind>archive</kind>
         <file>rtsv7M4_T_le_v4SPD16_eabi.lib</file>
         <name>getdevice.c.obj</name>
      </input_file>
      <input_file id="fl-e8">
         <path>C:\ti\ccs930\ccs\tools\compiler\ti-cgt-arm_18.12.4.LTS\lib\</path>
         <kind>archive</kind>
         <file>rtsv7M4_T_le_v4SPD16_eabi.lib</file>
         <name>strchr.c.obj</name>
      </input_file>
      <input_file id="fl-e9">
         <path>C:\ti\ccs930\ccs\tools\compiler\ti-cgt-arm_18.12.4.LTS\lib\</path>
         <kind>archive</kind>
         <file>rtsv7M4_T_le_v4SPD16_eabi.lib</file>
         <name>strcmp.c.obj</name>
      </input_file>
      <input_file id="fl-ea">
         <path>C:\ti\ccs930\ccs\tools\compiler\ti-cgt-arm_18.12.4.LTS\lib\</path>
         <kind>archive</kind>
         <file>rtsv7M4_T_le_v4SPD16_eabi.lib</file>
         <name>strcpy.c.obj</name>
      </input_file>
      <input_file id="fl-eb">
         <path>C:\ti\ccs930\ccs\tools\compiler\ti-cgt-arm_18.12.4.LTS\lib\</path>
         <kind>archive</kind>
         <file>rtsv7M4_T_le_v4SPD16_eabi.lib</file>
         <name>strncpy.c.obj</name>
      </input_file>
      <input_file id="fl-ec">
         <path>C:\ti\ccs930\ccs\tools\compiler\ti-cgt-arm_18.12.4.LTS\lib\</path>
         <kind>archive</kind>
         <file>rtsv7M4_T_le_v4SPD16_eabi.lib</file>
         <name>remove.c.obj</name>
      </input_file>
      <input_file id="fl-ed">
         <path>C:\ti\ccs930\ccs\tools\compiler\ti-cgt-arm_18.12.4.LTS\lib\</path>
         <kind>archive</kind>
         <file>rtsv7M4_T_le_v4SPD16_eabi.lib</file>
         <name>close.c.obj</name>
      </input_file>
      <input_file id="fl-ee">
         <path>C:\ti\ccs930\ccs\tools\compiler\ti-cgt-arm_18.12.4.LTS\lib\</path>
         <kind>archive</kind>
         <file>rtsv7M4_T_le_v4SPD16_eabi.lib</file>
         <name>unlink.c.obj</name>
      </input_file>
      <input_file id="fl-ef">
         <path>C:\ti\TivaWare_C_Series-2.2.0.295\driverlib\ccs\Debug\</path>
         <kind>archive</kind>
         <file>driverlib.lib</file>
         <name>gpio.obj</name>
      </input_file>
      <input_file id="fl-f0">
         <path>C:\ti\TivaWare_C_Series-2.2.0.295\driverlib\ccs\Debug\</path>
         <kind>archive</kind>
         <file>driverlib.lib</file>
         <name>interrupt.obj</name>
      </input_file>
      <input_file id="fl-f1">
         <path>C:\ti\TivaWare_C_Series-2.2.0.295\driverlib\ccs\Debug\</path>
         <kind>archive</kind>
         <file>driverlib.lib</file>
         <name>sysctl.obj</name>
      </input_file>
      <input_file id="fl-f2">
         <path>C:\ti\TivaWare_C_Series-2.2.0.295\driverlib\ccs\Debug\</path>
         <kind>archive</kind>
         <file>driverlib.lib</file>
         <name>cpu.obj</name>
      </input_file>
      <input_file id="fl-f3">
         <path>C:\Users\perth\OneDrive\Desktop\College Stuff\4. ECE 266\LabGroupA1\Util\Debug\</path>
         <kind>archive</kind>
         <file>Util.lib</file>
         <name>launchpad.obj</name>
      </input_file>
      <input_file id="fl-f4">
         <path>C:\Users\perth\OneDrive\Desktop\College Stuff\4. ECE 266\LabGroupA1\Util\Debug\</path>
         <kind>archive</kind>
         <file>Util.lib</file>
         <name>led.obj</name>
      </input_file>
      <input_file id="fl-f5">
         <path>C:\Users\perth\OneDrive\Desktop\College Stuff\4. ECE 266\LabGroupA1\Util\Debug\</path>
         <kind>archive</kind>
         <file>Util.lib</file>
         <name>pushbutton.obj</name>
      </input_file>
      <input_file id="fl-f6">
         <path>C:\Users\perth\OneDrive\Desktop\College Stuff\4. ECE 266\LabGroupA1\Util\Debug\</path>
         <kind>archive</kind>
         <file>Util.lib</file>
         <name>uart.obj</name>
      </input_file>
      <input_file id="fl-f7">
         <path>C:\ti\ccs930\ccs\tools\compiler\ti-cgt-arm_18.12.4.LTS\lib\</path>
         <kind>archive</kind>
         <file>rtsv7M4_T_le_v4SPD16_eabi.lib</file>
         <name>vsnprintf.c.obj</name>
      </input_file>
      <input_file id="fl-f8">
         <path>C:\ti\ccs930\ccs\tools\compiler\ti-cgt-arm_18.12.4.LTS\lib\</path>
         <kind>archive</kind>
         <file>rtsv7M4_T_le_v4SPD16_eabi.lib</file>
         <name>ull_div_t2.asm.obj</name>
      </input_file>
      <input_file id="fl-f9">
         <path>C:\ti\ccs930\ccs\tools\compiler\ti-cgt-arm_18.12.4.LTS\lib\</path>
         <kind>archive</kind>
         <file>rtsv7M4_T_le_v4SPD16_eabi.lib</file>
         <name>_printfi.c.obj</name>
      </input_file>
      <input_file id="fl-fa">
         <path>C:\ti\ccs930\ccs\tools\compiler\ti-cgt-arm_18.12.4.LTS\lib\</path>
         <kind>archive</kind>
         <file>rtsv7M4_T_le_v4SPD16_eabi.lib</file>
         <name>div0.asm.obj</name>
      </input_file>
      <input_file id="fl-fb">
         <path>C:\ti\ccs930\ccs\tools\compiler\ti-cgt-arm_18.12.4.LTS\lib\</path>
         <kind>archive</kind>
         <file>rtsv7M4_T_le_v4SPD16_eabi.lib</file>
         <name>fd_add_t2.asm.obj</name>
      </input_file>
      <input_file id="fl-fc">
         <path>C:\ti\ccs930\ccs\tools\compiler\ti-cgt-arm_18.12.4.LTS\lib\</path>
         <kind>archive</kind>
         <file>rtsv7M4_T_le_v4SPD16_eabi.lib</file>
         <name>fd_cmp_t2.asm.obj</name>
      </input_file>
      <input_file id="fl-fd">
         <path>C:\ti\ccs930\ccs\tools\compiler\ti-cgt-arm_18.12.4.LTS\lib\</path>
         <kind>archive</kind>
         <file>rtsv7M4_T_le_v4SPD16_eabi.lib</file>
         <name>fd_div_t2.asm.obj</name>
      </input_file>
      <input_file id="fl-fe">
         <path>C:\ti\ccs930\ccs\tools\compiler\ti-cgt-arm_18.12.4.LTS\lib\</path>
         <kind>archive</kind>
         <file>rtsv7M4_T_le_v4SPD16_eabi.lib</file>
         <name>fd_mul_t2.asm.obj</name>
      </input_file>
      <input_file id="fl-ff">
         <path>C:\ti\ccs930\ccs\tools\compiler\ti-cgt-arm_18.12.4.LTS\lib\</path>
         <kind>archive</kind>
         <file>rtsv7M4_T_le_v4SPD16_eabi.lib</file>
         <name>fd_toi_t2.asm.obj</name>
      </input_file>
      <input_file id="fl-100">
         <path>C:\ti\ccs930\ccs\tools\compiler\ti-cgt-arm_18.12.4.LTS\lib\</path>
         <kind>archive</kind>
         <file>rtsv7M4_T_le_v4SPD16_eabi.lib</file>
         <name>i_tofd_t2.asm.obj</name>
      </input_file>
      <input_file id="fl-101">
         <path>C:\ti\ccs930\ccs\tools\compiler\ti-cgt-arm_18.12.4.LTS\lib\</path>
         <kind>archive</kind>
         <file>rtsv7M4_T_le_v4SPD16_eabi.lib</file>
         <name>atoi.c.obj</name>
      </input_file>
      <input_file id="fl-102">
         <path>C:\ti\ccs930\ccs\tools\compiler\ti-cgt-arm_18.12.4.LTS\lib\</path>
         <kind>archive</kind>
         <file>rtsv7M4_T_le_v4SPD16_eabi.lib</file>
         <name>ctype.c.obj</name>
      </input_file>
      <input_file id="fl-103">
         <path>C:\ti\ccs930\ccs\tools\compiler\ti-cgt-arm_18.12.4.LTS\lib\</path>
         <kind>archive</kind>
         <file>rtsv7M4_T_le_v4SPD16_eabi.lib</file>
         <name>ltoa.c.obj</name>
      </input_file>
      <input_file id="fl-104">
         <path>C:\ti\ccs930\ccs\tools\compiler\ti-cgt-arm_18.12.4.LTS\lib\</path>
         <kind>archive</kind>
         <file>rtsv7M4_T_le_v4SPD16_eabi.lib</file>
         <name>memccpy.c.obj</name>
      </input_file>
      <input_file id="fl-105">
         <path>C:\ti\ccs930\ccs\tools\compiler\ti-cgt-arm_18.12.4.LTS\lib\</path>
         <kind>archive</kind>
         <file>rtsv7M4_T_le_v4SPD16_eabi.lib</file>
         <name>errno.c.obj</name>
      </input_file>
      <input_file id="fl-106">
         <path>C:\ti\ccs930\ccs\tools\compiler\ti-cgt-arm_18.12.4.LTS\lib\</path>
         <kind>archive</kind>
         <file>rtsv7M4_T_le_v4SPD16_eabi.lib</file>
         <name>wcslen.c.obj</name>
      </input_file>
      <input_file id="fl-107">
         <path>C:\ti\ccs930\ccs\tools\compiler\ti-cgt-arm_18.12.4.LTS\lib\</path>
         <kind>archive</kind>
         <file>rtsv7M4_T_le_v4SPD16_eabi.lib</file>
         <name>s_frexp.c.obj</name>
      </input_file>
      <input_file id="fl-108">
         <path>C:\ti\ccs930\ccs\tools\compiler\ti-cgt-arm_18.12.4.LTS\lib\</path>
         <kind>archive</kind>
         <file>rtsv7M4_T_le_v4SPD16_eabi.lib</file>
         <name>s_scalbn.c.obj</name>
      </input_file>
      <input_file id="fl-109">
         <path>C:\ti\ccs930\ccs\tools\compiler\ti-cgt-arm_18.12.4.LTS\lib\</path>
         <kind>archive</kind>
         <file>rtsv7M4_T_le_v4SPD16_eabi.lib</file>
         <name>s_copysign.c.obj</name>
      </input_file>
      <input_file id="fl-10a">
         <path>C:\ti\TivaWare_C_Series-2.2.0.295\driverlib\ccs\Debug\</path>
         <kind>archive</kind>
         <file>driverlib.lib</file>
         <name>systick.obj</name>
      </input_file>
      <input_file id="fl-10b">
         <path>C:\ti\TivaWare_C_Series-2.2.0.295\driverlib\ccs\Debug\</path>
         <kind>archive</kind>
         <file>driverlib.lib</file>
         <name>uart.obj</name>
      </input_file>
   </input_file_list>
   <object_component_list>
      <object_component id="oc-f">
         <name>.intvecs</name>
         <load_address>0x0</load_address>
         <run_address>0x0</run_address>
         <size>0x26c</size>
         <input_file_ref idref="fl-7"/>
      </object_component>
      <object_component id="oc-291">
         <name>.text:__TI_printfi</name>
         <load_address>0x26c</load_address>
         <run_address>0x26c</run_address>
         <size>0xa4e</size>
         <input_file_ref idref="fl-f9"/>
      </object_component>
      <object_component id="oc-2b8">
         <name>.text:_nop</name>
         <load_address>0xcba</load_address>
         <run_address>0xcba</run_address>
         <size>0x2</size>
         <input_file_ref idref="fl-d3"/>
      </object_component>
      <object_component id="oc-de">
         <name>.text</name>
         <load_address>0xcbc</load_address>
         <run_address>0xcbc</run_address>
         <size>0x3d0</size>
         <input_file_ref idref="fl-f3"/>
      </object_component>
      <object_component id="oc-338">
         <name>.text:_pconv_a</name>
         <load_address>0x108c</load_address>
         <run_address>0x108c</run_address>
         <size>0x270</size>
         <input_file_ref idref="fl-f9"/>
      </object_component>
      <object_component id="oc-9f">
         <name>.text</name>
         <load_address>0x12fc</load_address>
         <run_address>0x12fc</run_address>
         <size>0x20c</size>
         <input_file_ref idref="fl-4"/>
      </object_component>
      <object_component id="oc-326">
         <name>.text:_pconv_g</name>
         <load_address>0x1508</load_address>
         <run_address>0x1508</run_address>
         <size>0x1d0</size>
         <input_file_ref idref="fl-f9"/>
      </object_component>
      <object_component id="oc-3d2">
         <name>.text</name>
         <load_address>0x16d8</load_address>
         <run_address>0x16d8</run_address>
         <size>0x1b6</size>
         <input_file_ref idref="fl-fb"/>
      </object_component>
      <object_component id="oc-24e">
         <name>.text</name>
         <load_address>0x188e</load_address>
         <run_address>0x188e</run_address>
         <size>0x2</size>
         <input_file_ref idref="fl-fa"/>
      </object_component>
      <object_component id="oc-1a9">
         <name>.text:GPIOPadConfigSet</name>
         <load_address>0x1890</load_address>
         <run_address>0x1890</run_address>
         <size>0x16c</size>
         <input_file_ref idref="fl-ef"/>
      </object_component>
      <object_component id="oc-332">
         <name>.text:_pconv_e</name>
         <load_address>0x19fc</load_address>
         <run_address>0x19fc</run_address>
         <size>0x13c</size>
         <input_file_ref idref="fl-f9"/>
      </object_component>
      <object_component id="oc-3b8">
         <name>.text</name>
         <load_address>0x1b38</load_address>
         <run_address>0x1b38</run_address>
         <size>0x136</size>
         <input_file_ref idref="fl-fd"/>
      </object_component>
      <object_component id="oc-3e4">
         <name>.text:fcvt</name>
         <load_address>0x1c70</load_address>
         <run_address>0x1c70</run_address>
         <size>0x124</size>
         <input_file_ref idref="fl-f9"/>
      </object_component>
      <object_component id="oc-17a">
         <name>.text:SysCtlClockGet</name>
         <load_address>0x1d94</load_address>
         <run_address>0x1d94</run_address>
         <size>0x118</size>
         <input_file_ref idref="fl-f1"/>
      </object_component>
      <object_component id="oc-430">
         <name>.text:aligned_alloc</name>
         <load_address>0x1eac</load_address>
         <run_address>0x1eac</run_address>
         <size>0x118</size>
         <input_file_ref idref="fl-d6"/>
      </object_component>
      <object_component id="oc-150">
         <name>.text:fputs</name>
         <load_address>0x1fc4</load_address>
         <run_address>0x1fc4</run_address>
         <size>0x114</size>
         <input_file_ref idref="fl-ca"/>
      </object_component>
      <object_component id="oc-3f8">
         <name>.text:scalbn</name>
         <load_address>0x20d8</load_address>
         <run_address>0x20d8</run_address>
         <size>0x110</size>
         <input_file_ref idref="fl-108"/>
      </object_component>
      <object_component id="oc-3b3">
         <name>.text</name>
         <load_address>0x21e8</load_address>
         <run_address>0x21e8</run_address>
         <size>0xfc</size>
         <input_file_ref idref="fl-fe"/>
      </object_component>
      <object_component id="oc-174">
         <name>.text:SysCtlClockSet</name>
         <load_address>0x22e4</load_address>
         <run_address>0x22e4</run_address>
         <size>0xf4</size>
         <input_file_ref idref="fl-f1"/>
      </object_component>
      <object_component id="oc-377">
         <name>.text:free</name>
         <load_address>0x23d8</load_address>
         <run_address>0x23d8</run_address>
         <size>0xe4</size>
         <input_file_ref idref="fl-d6"/>
      </object_component>
      <object_component id="oc-2dd">
         <name>.text:setvbuf</name>
         <load_address>0x24bc</load_address>
         <run_address>0x24bc</run_address>
         <size>0xdc</size>
         <input_file_ref idref="fl-cc"/>
      </object_component>
      <object_component id="oc-f5">
         <name>.text</name>
         <load_address>0x2598</load_address>
         <run_address>0x2598</run_address>
         <size>0xc4</size>
         <input_file_ref idref="fl-f6"/>
      </object_component>
      <object_component id="oc-31b">
         <name>.text:_ltostr</name>
         <load_address>0x265c</load_address>
         <run_address>0x265c</run_address>
         <size>0xb1</size>
         <input_file_ref idref="fl-f9"/>
      </object_component>
      <object_component id="oc-ea">
         <name>.text</name>
         <load_address>0x2710</load_address>
         <run_address>0x2710</run_address>
         <size>0x9c</size>
         <input_file_ref idref="fl-f4"/>
      </object_component>
      <object_component id="oc-3b">
         <name>.text</name>
         <load_address>0x27ac</load_address>
         <run_address>0x27ac</run_address>
         <size>0x9c</size>
         <input_file_ref idref="fl-cd"/>
      </object_component>
      <object_component id="oc-16e">
         <name>.text</name>
         <load_address>0x2848</load_address>
         <run_address>0x2848</run_address>
         <size>0x96</size>
         <input_file_ref idref="fl-f8"/>
      </object_component>
      <object_component id="oc-e4">
         <name>.text</name>
         <load_address>0x28e0</load_address>
         <run_address>0x28e0</run_address>
         <size>0x8c</size>
         <input_file_ref idref="fl-f5"/>
      </object_component>
      <object_component id="oc-321">
         <name>.text:__aeabi_cdcmple</name>
         <load_address>0x296c</load_address>
         <run_address>0x296c</run_address>
         <size>0x86</size>
         <input_file_ref idref="fl-fc"/>
      </object_component>
      <object_component id="oc-3bd">
         <name>.text:__aeabi_cdrcmple</name>
         <load_address>0x29f2</load_address>
         <run_address>0x29f2</run_address>
         <size>0x86</size>
         <input_file_ref idref="fl-fc"/>
      </object_component>
      <object_component id="oc-156">
         <name>.text:fflush</name>
         <load_address>0x2a78</load_address>
         <run_address>0x2a78</run_address>
         <size>0x7c</size>
         <input_file_ref idref="fl-c9"/>
      </object_component>
      <object_component id="oc-93">
         <name>.text</name>
         <load_address>0x2af4</load_address>
         <run_address>0x2af4</run_address>
         <size>0x7a</size>
         <input_file_ref idref="fl-ce"/>
      </object_component>
      <object_component id="oc-437">
         <name>.text:__TI_closefile</name>
         <load_address>0x2b70</load_address>
         <run_address>0x2b70</run_address>
         <size>0x74</size>
         <input_file_ref idref="fl-e6"/>
      </object_component>
      <object_component id="oc-4a9">
         <name>.text:split</name>
         <load_address>0x2be4</load_address>
         <run_address>0x2be4</run_address>
         <size>0x70</size>
         <input_file_ref idref="fl-d6"/>
      </object_component>
      <object_component id="oc-3dd">
         <name>.text:_mcpy</name>
         <load_address>0x2c54</load_address>
         <run_address>0x2c54</run_address>
         <size>0x6e</size>
         <input_file_ref idref="fl-f9"/>
      </object_component>
      <object_component id="oc-464">
         <name>.text:HOSTrename</name>
         <load_address>0x2cc4</load_address>
         <run_address>0x2cc4</run_address>
         <size>0x6c</size>
         <input_file_ref idref="fl-e0"/>
      </object_component>
      <object_component id="oc-458">
         <name>.text:HOSTlseek</name>
         <load_address>0x2d30</load_address>
         <run_address>0x2d30</run_address>
         <size>0x68</size>
         <input_file_ref idref="fl-dd"/>
      </object_component>
      <object_component id="oc-12">
         <name>.text:decompress:lzss:__TI_decompress_lzss</name>
         <load_address>0x2d98</load_address>
         <run_address>0x2d98</run_address>
         <size>0x68</size>
         <input_file_ref idref="fl-c5"/>
      </object_component>
      <object_component id="oc-3f2">
         <name>.text:frexp</name>
         <load_address>0x2e00</load_address>
         <run_address>0x2e00</run_address>
         <size>0x64</size>
         <input_file_ref idref="fl-107"/>
      </object_component>
      <object_component id="oc-2d7">
         <name>.text:fseek</name>
         <load_address>0x2e64</load_address>
         <run_address>0x2e64</run_address>
         <size>0x64</size>
         <input_file_ref idref="fl-db"/>
      </object_component>
      <object_component id="oc-218">
         <name>.text:__TI_wrt_ok</name>
         <load_address>0x2ec8</load_address>
         <run_address>0x2ec8</run_address>
         <size>0x62</size>
         <input_file_ref idref="fl-cb"/>
      </object_component>
      <object_component id="oc-440">
         <name>.text:HOSTopen</name>
         <load_address>0x2f2c</load_address>
         <run_address>0x2f2c</run_address>
         <size>0x60</size>
         <input_file_ref idref="fl-de"/>
      </object_component>
      <object_component id="oc-4b0">
         <name>.text:close</name>
         <load_address>0x2f8c</load_address>
         <run_address>0x2f8c</run_address>
         <size>0x5c</size>
         <input_file_ref idref="fl-ed"/>
      </object_component>
      <object_component id="oc-44c">
         <name>.text:HOSTread</name>
         <load_address>0x2fe8</load_address>
         <run_address>0x2fe8</run_address>
         <size>0x58</size>
         <input_file_ref idref="fl-df"/>
      </object_component>
      <object_component id="oc-452">
         <name>.text:HOSTwrite</name>
         <load_address>0x3040</load_address>
         <run_address>0x3040</run_address>
         <size>0x58</size>
         <input_file_ref idref="fl-e2"/>
      </object_component>
      <object_component id="oc-32c">
         <name>.text:_pconv_f</name>
         <load_address>0x3098</load_address>
         <run_address>0x3098</run_address>
         <size>0x56</size>
         <input_file_ref idref="fl-f9"/>
      </object_component>
      <object_component id="oc-3c7">
         <name>.text:ltoa</name>
         <load_address>0x30ee</load_address>
         <run_address>0x30ee</run_address>
         <size>0x54</size>
         <input_file_ref idref="fl-103"/>
      </object_component>
      <object_component id="oc-3d7">
         <name>.text:_ecpy</name>
         <load_address>0x3142</load_address>
         <run_address>0x3142</run_address>
         <size>0x52</size>
         <input_file_ref idref="fl-f9"/>
      </object_component>
      <object_component id="oc-1c4">
         <name>.text:GPIOPinConfigure</name>
         <load_address>0x3194</load_address>
         <run_address>0x3194</run_address>
         <size>0x4c</size>
         <input_file_ref idref="fl-ef"/>
      </object_component>
      <object_component id="oc-22a">
         <name>.text:__TI_doflush</name>
         <load_address>0x31e0</load_address>
         <run_address>0x31e0</run_address>
         <size>0x4c</size>
         <input_file_ref idref="fl-c9"/>
      </object_component>
      <object_component id="oc-315">
         <name>.text:atoi</name>
         <load_address>0x322c</load_address>
         <run_address>0x322c</run_address>
         <size>0x4c</size>
         <input_file_ref idref="fl-101"/>
      </object_component>
      <object_component id="oc-116">
         <name>.text:exit</name>
         <load_address>0x3278</load_address>
         <run_address>0x3278</run_address>
         <size>0x48</size>
         <input_file_ref idref="fl-d2"/>
      </object_component>
      <object_component id="oc-3c2">
         <name>.text</name>
         <load_address>0x32c0</load_address>
         <run_address>0x32c0</run_address>
         <size>0x48</size>
         <input_file_ref idref="fl-ff"/>
      </object_component>
      <object_component id="oc-1d0">
         <name>.text:UARTConfigSetExpClk</name>
         <load_address>0x3308</load_address>
         <run_address>0x3308</run_address>
         <size>0x46</size>
         <input_file_ref idref="fl-10b"/>
      </object_component>
      <object_component id="oc-446">
         <name>.text:HOSTclose</name>
         <load_address>0x3350</load_address>
         <run_address>0x3350</run_address>
         <size>0x44</size>
         <input_file_ref idref="fl-dc"/>
      </object_component>
      <object_component id="oc-45e">
         <name>.text:HOSTunlink</name>
         <load_address>0x3394</load_address>
         <run_address>0x3394</run_address>
         <size>0x44</size>
         <input_file_ref idref="fl-e1"/>
      </object_component>
      <object_component id="oc-11c">
         <name>.text:__TI_auto_init_nobinit_nopinit:__TI_auto_init_nobinit_nopinit</name>
         <load_address>0x33d8</load_address>
         <run_address>0x33d8</run_address>
         <size>0x44</size>
         <input_file_ref idref="fl-cf"/>
      </object_component>
      <object_component id="oc-4f6">
         <name>.text:getdevice</name>
         <load_address>0x341c</load_address>
         <run_address>0x341c</run_address>
         <size>0x44</size>
         <input_file_ref idref="fl-e7"/>
      </object_component>
      <object_component id="oc-1e2">
         <name>.text:vsnprintf</name>
         <load_address>0x3460</load_address>
         <run_address>0x3460</run_address>
         <size>0x40</size>
         <input_file_ref idref="fl-f7"/>
      </object_component>
      <object_component id="oc-3ea">
         <name>.text:_fcpy</name>
         <load_address>0x34a0</load_address>
         <run_address>0x34a0</run_address>
         <size>0x3e</size>
         <input_file_ref idref="fl-f9"/>
      </object_component>
      <object_component id="oc-4bf">
         <name>.text:__TI_writemsg</name>
         <load_address>0x34e0</load_address>
         <run_address>0x34e0</run_address>
         <size>0x38</size>
         <input_file_ref idref="fl-e3"/>
      </object_component>
      <object_component id="oc-518">
         <name>.text:strncpy</name>
         <load_address>0x3518</load_address>
         <run_address>0x3518</run_address>
         <size>0x36</size>
         <input_file_ref idref="fl-eb"/>
      </object_component>
      <object_component id="oc-25c">
         <name>.text:IntRegister</name>
         <load_address>0x3550</load_address>
         <run_address>0x3550</run_address>
         <size>0x34</size>
         <input_file_ref idref="fl-f0"/>
      </object_component>
      <object_component id="oc-19d">
         <name>.text:SysCtlPeripheralEnable</name>
         <load_address>0x3584</load_address>
         <run_address>0x3584</run_address>
         <size>0x34</size>
         <input_file_ref idref="fl-f1"/>
      </object_component>
      <object_component id="oc-383">
         <name>.text:__TI_cleanup</name>
         <load_address>0x35b8</load_address>
         <run_address>0x35b8</run_address>
         <size>0x34</size>
         <input_file_ref idref="fl-da"/>
      </object_component>
      <object_component id="oc-4c5">
         <name>.text:__TI_readmsg</name>
         <load_address>0x35ec</load_address>
         <run_address>0x35ec</run_address>
         <size>0x34</size>
         <input_file_ref idref="fl-e3"/>
      </object_component>
      <object_component id="oc-59">
         <name>.text:_c_int00_noargs:_c_int00_noargs</name>
         <load_address>0x3620</load_address>
         <run_address>0x3620</run_address>
         <size>0x34</size>
         <input_file_ref idref="fl-c8"/>
      </object_component>
      <object_component id="oc-297">
         <name>.text:_outs</name>
         <load_address>0x3654</load_address>
         <run_address>0x3654</run_address>
         <size>0x30</size>
         <input_file_ref idref="fl-f7"/>
      </object_component>
      <object_component id="oc-51e">
         <name>.text:finddevice</name>
         <load_address>0x3684</load_address>
         <run_address>0x3684</run_address>
         <size>0x30</size>
         <input_file_ref idref="fl-e7"/>
      </object_component>
      <object_component id="oc-3cd">
         <name>.text</name>
         <load_address>0x36b4</load_address>
         <run_address>0x36b4</run_address>
         <size>0x2e</size>
         <input_file_ref idref="fl-100"/>
      </object_component>
      <object_component id="oc-26e">
         <name>.text:GPIODirModeSet</name>
         <load_address>0x36e2</load_address>
         <run_address>0x36e2</run_address>
         <size>0x2c</size>
         <input_file_ref idref="fl-ef"/>
      </object_component>
      <object_component id="oc-d9">
         <name>.text</name>
         <load_address>0x3710</load_address>
         <run_address>0x3710</run_address>
         <size>0x2c</size>
         <input_file_ref idref="fl-3"/>
      </object_component>
      <object_component id="oc-4b6">
         <name>.text:unlink</name>
         <load_address>0x373c</load_address>
         <run_address>0x373c</run_address>
         <size>0x2c</size>
         <input_file_ref idref="fl-ee"/>
      </object_component>
      <object_component id="oc-429">
         <name>.text:free_list_insert</name>
         <load_address>0x3768</load_address>
         <run_address>0x3768</run_address>
         <size>0x28</size>
         <input_file_ref idref="fl-d6"/>
      </object_component>
      <object_component id="oc-36f">
         <name>.text:lseek</name>
         <load_address>0x3790</load_address>
         <run_address>0x3790</run_address>
         <size>0x28</size>
         <input_file_ref idref="fl-e5"/>
      </object_component>
      <object_component id="oc-230">
         <name>.text:write</name>
         <load_address>0x37b8</load_address>
         <run_address>0x37b8</run_address>
         <size>0x28</size>
         <input_file_ref idref="fl-d8"/>
      </object_component>
      <object_component id="oc-281">
         <name>.text:UARTDisable</name>
         <load_address>0x37e0</load_address>
         <run_address>0x37e0</run_address>
         <size>0x20</size>
         <input_file_ref idref="fl-10b"/>
      </object_component>
      <object_component id="oc-224">
         <name>.text:memchr</name>
         <load_address>0x3800</load_address>
         <run_address>0x3800</run_address>
         <size>0x20</size>
         <input_file_ref idref="fl-d5"/>
      </object_component>
      <object_component id="oc-186">
         <name>.text:SysTickIntRegister</name>
         <load_address>0x3820</load_address>
         <run_address>0x3820</run_address>
         <size>0x1c</size>
         <input_file_ref idref="fl-10a"/>
      </object_component>
      <object_component id="oc-d3">
         <name>.text:_abort_msg</name>
         <load_address>0x383c</load_address>
         <run_address>0x383c</run_address>
         <size>0x1c</size>
         <input_file_ref idref="fl-c6"/>
      </object_component>
      <object_component id="oc-fb">
         <name>.text</name>
         <load_address>0x3858</load_address>
         <run_address>0x3858</run_address>
         <size>0x1c</size>
         <input_file_ref idref="fl-2"/>
      </object_component>
      <object_component id="oc-423">
         <name>.text:free_list_remove</name>
         <load_address>0x3874</load_address>
         <run_address>0x3874</run_address>
         <size>0x1c</size>
         <input_file_ref idref="fl-d6"/>
      </object_component>
      <object_component id="oc-33e">
         <name>.text:memccpy</name>
         <load_address>0x3890</load_address>
         <run_address>0x3890</run_address>
         <size>0x1c</size>
         <input_file_ref idref="fl-104"/>
      </object_component>
      <object_component id="oc-101">
         <name>.text</name>
         <load_address>0x38ac</load_address>
         <run_address>0x38ac</run_address>
         <size>0x1c</size>
         <input_file_ref idref="fl-5"/>
      </object_component>
      <object_component id="oc-1b9">
         <name>.text:GPIOPinTypeGPIOOutput</name>
         <load_address>0x38c8</load_address>
         <run_address>0x38c8</run_address>
         <size>0x1a</size>
         <input_file_ref idref="fl-ef"/>
      </object_component>
      <object_component id="oc-486">
         <name>.text:copysign</name>
         <load_address>0x38e2</load_address>
         <run_address>0x38e2</run_address>
         <size>0x1a</size>
         <input_file_ref idref="fl-109"/>
      </object_component>
      <object_component id="oc-29d">
         <name>.text:_outc</name>
         <load_address>0x38fc</load_address>
         <run_address>0x38fc</run_address>
         <size>0x18</size>
         <input_file_ref idref="fl-f7"/>
      </object_component>
      <object_component id="oc-535">
         <name>.text:strcmp</name>
         <load_address>0x3914</load_address>
         <run_address>0x3914</run_address>
         <size>0x18</size>
         <input_file_ref idref="fl-e9"/>
      </object_component>
      <object_component id="oc-1a3">
         <name>.text:GPIOPinTypeGPIOInput</name>
         <load_address>0x392c</load_address>
         <run_address>0x392c</run_address>
         <size>0x16</size>
         <input_file_ref idref="fl-ef"/>
      </object_component>
      <object_component id="oc-1ca">
         <name>.text:GPIOPinTypeUART</name>
         <load_address>0x3942</load_address>
         <run_address>0x3942</run_address>
         <size>0x16</size>
         <input_file_ref idref="fl-ef"/>
      </object_component>
      <object_component id="oc-3fe">
         <name>.text:strchr</name>
         <load_address>0x3958</load_address>
         <run_address>0x3958</run_address>
         <size>0x16</size>
         <input_file_ref idref="fl-e8"/>
      </object_component>
      <object_component id="oc-192">
         <name>.text:SysTickEnable</name>
         <load_address>0x3970</load_address>
         <run_address>0x3970</run_address>
         <size>0x14</size>
         <input_file_ref idref="fl-10a"/>
      </object_component>
      <object_component id="oc-18c">
         <name>.text:SysTickIntEnable</name>
         <load_address>0x3984</load_address>
         <run_address>0x3984</run_address>
         <size>0x14</size>
         <input_file_ref idref="fl-10a"/>
      </object_component>
      <object_component id="oc-287">
         <name>.text:UARTEnable</name>
         <load_address>0x3998</load_address>
         <run_address>0x3998</run_address>
         <size>0x14</size>
         <input_file_ref idref="fl-10b"/>
      </object_component>
      <object_component id="oc-f0">
         <name>.text</name>
         <load_address>0x39ac</load_address>
         <run_address>0x39ac</run_address>
         <size>0x14</size>
         <input_file_ref idref="fl-6"/>
      </object_component>
      <object_component id="oc-4d9">
         <name>.text:strcpy</name>
         <load_address>0x39c0</load_address>
         <run_address>0x39c0</run_address>
         <size>0x14</size>
         <input_file_ref idref="fl-ea"/>
      </object_component>
      <object_component id="oc-21e">
         <name>.text:strlen</name>
         <load_address>0x39d4</load_address>
         <run_address>0x39d4</run_address>
         <size>0x14</size>
         <input_file_ref idref="fl-d7"/>
      </object_component>
      <object_component id="oc-344">
         <name>.text:wcslen</name>
         <load_address>0x39e8</load_address>
         <run_address>0x39e8</run_address>
         <size>0x12</size>
         <input_file_ref idref="fl-106"/>
      </object_component>
      <object_component id="oc-180">
         <name>.text:SysTickPeriodSet</name>
         <load_address>0x39fc</load_address>
         <run_address>0x39fc</run_address>
         <size>0x10</size>
         <input_file_ref idref="fl-10a"/>
      </object_component>
      <object_component id="oc-18">
         <name>.text:decompress:none:__TI_decompress_none</name>
         <load_address>0x3a0c</load_address>
         <run_address>0x3a0c</run_address>
         <size>0xe</size>
         <input_file_ref idref="fl-c4"/>
      </object_component>
      <object_component id="oc-4d">
         <name>.text:decompress:ZI:__TI_zero_init</name>
         <load_address>0x3a1a</load_address>
         <run_address>0x3a1a</run_address>
         <size>0xc</size>
         <input_file_ref idref="fl-c3"/>
      </object_component>
      <object_component id="oc-27">
         <name>.text</name>
         <load_address>0x3a26</load_address>
         <run_address>0x3a26</run_address>
         <size>0xc</size>
         <input_file_ref idref="fl-7"/>
      </object_component>
      <object_component id="oc-1dc">
         <name>.text:UARTCharGet</name>
         <load_address>0x3a32</load_address>
         <run_address>0x3a32</run_address>
         <size>0xa</size>
         <input_file_ref idref="fl-10b"/>
      </object_component>
      <object_component id="oc-1d6">
         <name>.text:UARTCharPut</name>
         <load_address>0x3a3c</load_address>
         <run_address>0x3a3c</run_address>
         <size>0xa</size>
         <input_file_ref idref="fl-10b"/>
      </object_component>
      <object_component id="oc-34a">
         <name>.text:__aeabi_errno_addr</name>
         <load_address>0x3a48</load_address>
         <run_address>0x3a48</run_address>
         <size>0x8</size>
         <input_file_ref idref="fl-105"/>
      </object_component>
      <object_component id="oc-37d">
         <name>.text:malloc</name>
         <load_address>0x3a50</load_address>
         <run_address>0x3a50</run_address>
         <size>0x8</size>
         <input_file_ref idref="fl-d6"/>
      </object_component>
      <object_component id="oc-1af">
         <name>.text:GPIOPinRead</name>
         <load_address>0x3a58</load_address>
         <run_address>0x3a58</run_address>
         <size>0x6</size>
         <input_file_ref idref="fl-ef"/>
      </object_component>
      <object_component id="oc-161">
         <name>.text:GPIOPinWrite</name>
         <load_address>0x3a5e</load_address>
         <run_address>0x3a5e</run_address>
         <size>0x6</size>
         <input_file_ref idref="fl-ef"/>
      </object_component>
      <object_component id="oc-173">
         <name>.text:SysCtlDelay</name>
         <load_address>0x3a64</load_address>
         <run_address>0x3a64</run_address>
         <size>0x6</size>
         <input_file_ref idref="fl-f1"/>
      </object_component>
      <object_component id="oc-99">
         <name>.text:_system_pre_init</name>
         <load_address>0x3a6a</load_address>
         <run_address>0x3a6a</run_address>
         <size>0x4</size>
         <input_file_ref idref="fl-d0"/>
      </object_component>
      <object_component id="oc-110">
         <name>.text:abort:abort</name>
         <load_address>0x3a6e</load_address>
         <run_address>0x3a6e</run_address>
         <size>0x4</size>
         <input_file_ref idref="fl-d2"/>
      </object_component>
      <object_component id="oc-3ac">
         <name>.const:.string:_ctypes_</name>
         <load_address>0x3a74</load_address>
         <run_address>0x3a74</run_address>
         <size>0x101</size>
         <input_file_ref idref="fl-102"/>
      </object_component>
      <object_component id="oc-27c">
         <name>.const:g_pui32GPIOBaseAddrs</name>
         <load_address>0x3b78</load_address>
         <run_address>0x3b78</run_address>
         <size>0x90</size>
         <input_file_ref idref="fl-ef"/>
      </object_component>
      <object_component id="oc-256">
         <name>.const:g_pui32Xtals</name>
         <load_address>0x3c08</load_address>
         <run_address>0x3c08</run_address>
         <size>0x6c</size>
         <input_file_ref idref="fl-f1"/>
      </object_component>
      <object_component id="oc-56e">
         <name>.cinit..data.load</name>
         <load_address>0x3c78</load_address>
         <run_address>0x3c78</run_address>
         <size>0x6f</size>
      </object_component>
      <object_component id="oc-56b">
         <name>__TI_handler_table</name>
         <load_address>0x3ce8</load_address>
         <run_address>0x3ce8</run_address>
         <size>0xc</size>
      </object_component>
      <object_component id="oc-56f">
         <name>.cinit..bss.load</name>
         <load_address>0x3cf8</load_address>
         <run_address>0x3cf8</run_address>
         <size>0x8</size>
      </object_component>
      <object_component id="oc-56d">
         <name>.cinit..vtable.load</name>
         <load_address>0x3d00</load_address>
         <run_address>0x3d00</run_address>
         <size>0x8</size>
      </object_component>
      <object_component id="oc-56c">
         <name>__TI_cinit_table</name>
         <load_address>0x3d08</load_address>
         <run_address>0x3d08</run_address>
         <size>0x18</size>
      </object_component>
      <object_component id="oc-309">
         <name>.vtable</name>
         <uninitialized>true</uninitialized>
         <run_address>0x20000000</run_address>
         <size>0x26c</size>
         <input_file_ref idref="fl-f0"/>
      </object_component>
      <object_component id="oc-107">
         <name>.data</name>
         <load_address>0x2000132c</load_address>
         <run_address>0x2000132c</run_address>
         <size>0x3</size>
         <input_file_ref idref="fl-4"/>
      </object_component>
      <object_component id="oc-15c">
         <name>.data:_ftable</name>
         <load_address>0x2000113c</load_address>
         <run_address>0x2000113c</run_address>
         <size>0xf0</size>
         <input_file_ref idref="fl-c7"/>
      </object_component>
      <object_component id="oc-238">
         <name>.data</name>
         <load_address>0x200012f4</load_address>
         <run_address>0x200012f4</run_address>
         <size>0x10</size>
         <input_file_ref idref="fl-c7"/>
      </object_component>
      <object_component id="oc-1f9">
         <name>.data:$O1$$</name>
         <load_address>0x20001304</load_address>
         <run_address>0x20001304</run_address>
         <size>0xc</size>
         <input_file_ref idref="fl-d2"/>
      </object_component>
      <object_component id="oc-1fc">
         <name>.data:$O1$$</name>
         <load_address>0x20001310</load_address>
         <run_address>0x20001310</run_address>
         <size>0x8</size>
         <input_file_ref idref="fl-d3"/>
      </object_component>
      <object_component id="oc-4a4">
         <name>.data:$O1$$</name>
         <load_address>0x20001318</load_address>
         <run_address>0x20001318</run_address>
         <size>0x8</size>
         <input_file_ref idref="fl-d6"/>
      </object_component>
      <object_component id="oc-396">
         <name>.data:_device</name>
         <load_address>0x2000122c</load_address>
         <run_address>0x2000122c</run_address>
         <size>0x78</size>
         <input_file_ref idref="fl-d9"/>
      </object_component>
      <object_component id="oc-2ea">
         <name>.data:_stream</name>
         <load_address>0x200012a4</load_address>
         <run_address>0x200012a4</run_address>
         <size>0x50</size>
         <input_file_ref idref="fl-d9"/>
      </object_component>
      <object_component id="oc-168">
         <name>.data</name>
         <load_address>0x20001320</load_address>
         <run_address>0x20001320</run_address>
         <size>0x8</size>
         <input_file_ref idref="fl-f3"/>
      </object_component>
      <object_component id="oc-1bf">
         <name>.data</name>
         <load_address>0x2000132f</load_address>
         <run_address>0x2000132f</run_address>
         <size>0x1</size>
         <input_file_ref idref="fl-f4"/>
      </object_component>
      <object_component id="oc-1b5">
         <name>.data</name>
         <load_address>0x20001330</load_address>
         <run_address>0x20001330</run_address>
         <size>0x1</size>
         <input_file_ref idref="fl-f5"/>
      </object_component>
      <object_component id="oc-40e">
         <name>.data</name>
         <load_address>0x20001328</load_address>
         <run_address>0x20001328</run_address>
         <size>0x4</size>
         <input_file_ref idref="fl-105"/>
      </object_component>
      <object_component id="oc-500">
         <name>.bss:_CIOBUF_</name>
         <uninitialized>true</uninitialized>
         <run_address>0x20000e70</run_address>
         <size>0x120</size>
         <input_file_ref idref="fl-e3"/>
      </object_component>
      <object_component id="oc-198">
         <name>.bss</name>
         <uninitialized>true</uninitialized>
         <run_address>0x20001138</run_address>
         <size>0x4</size>
         <input_file_ref idref="fl-f3"/>
      </object_component>
      <object_component id="oc-16b">
         <name>.bss:callbackHeap</name>
         <uninitialized>true</uninitialized>
         <run_address>0x20000f90</run_address>
         <size>0x100</size>
         <input_file_ref idref="fl-f3"/>
      </object_component>
      <object_component id="oc-4bc">
         <name>.common:__TI_tmpnams</name>
         <uninitialized>true</uninitialized>
         <run_address>0x20001090</run_address>
         <size>0xa0</size>
      </object_component>
      <object_component id="oc-4cb">
         <name>.common:parmbuf</name>
         <uninitialized>true</uninitialized>
         <run_address>0x20001130</run_address>
         <size>0x8</size>
      </object_component>
      <object_component id="oc-24">
         <name>.sysmem</name>
         <uninitialized>true</uninitialized>
         <run_address>0x20000270</run_address>
         <size>0x10</size>
         <input_file_ref idref="fl-d6"/>
      </object_component>
      <object_component id="oc-571">
         <name>.sysmem</name>
         <uninitialized>true</uninitialized>
         <run_address>0x20000270</run_address>
         <size>0x0</size>
      </object_component>
      <object_component id="oc-21">
         <name>.stack</name>
         <uninitialized>true</uninitialized>
         <run_address>0x20000a70</run_address>
         <size>0x4</size>
         <input_file_ref idref="fl-c8"/>
      </object_component>
      <object_component id="oc-570">
         <name>.stack</name>
         <uninitialized>true</uninitialized>
         <run_address>0x20000a70</run_address>
         <size>0x0</size>
      </object_component>
      <object_component id="oc-c2">
         <name>.debug_info</name>
         <load_address>0x0</load_address>
         <run_address>0x0</run_address>
         <size>0x2fe</size>
         <input_file_ref idref="fl-2"/>
      </object_component>
      <object_component id="oc-ff">
         <name>.debug_info</name>
         <load_address>0x2fe</load_address>
         <run_address>0x2fe</run_address>
         <size>0x15e</size>
         <input_file_ref idref="fl-2"/>
      </object_component>
      <object_component id="oc-74">
         <name>.debug_info</name>
         <load_address>0x45c</load_address>
         <run_address>0x45c</run_address>
         <size>0x26b</size>
         <input_file_ref idref="fl-2"/>
      </object_component>
      <object_component id="oc-36">
         <name>.debug_info</name>
         <load_address>0x6c7</load_address>
         <run_address>0x6c7</run_address>
         <size>0x84</size>
         <input_file_ref idref="fl-2"/>
      </object_component>
      <object_component id="oc-bd">
         <name>.debug_info</name>
         <load_address>0x74b</load_address>
         <run_address>0x74b</run_address>
         <size>0x297</size>
         <input_file_ref idref="fl-2"/>
      </object_component>
      <object_component id="oc-300">
         <name>.debug_info</name>
         <load_address>0x9e2</load_address>
         <run_address>0x9e2</run_address>
         <size>0xef</size>
         <input_file_ref idref="fl-2"/>
      </object_component>
      <object_component id="oc-79">
         <name>.debug_info</name>
         <load_address>0xad1</load_address>
         <run_address>0xad1</run_address>
         <size>0xbb</size>
         <input_file_ref idref="fl-2"/>
      </object_component>
      <object_component id="oc-da">
         <name>.debug_info</name>
         <load_address>0xb8c</load_address>
         <run_address>0xb8c</run_address>
         <size>0x12f</size>
         <input_file_ref idref="fl-3"/>
      </object_component>
      <object_component id="oc-108">
         <name>.debug_info</name>
         <load_address>0xcbb</load_address>
         <run_address>0xcbb</run_address>
         <size>0x13f</size>
         <input_file_ref idref="fl-4"/>
      </object_component>
      <object_component id="oc-a1">
         <name>.debug_info</name>
         <load_address>0xdfa</load_address>
         <run_address>0xdfa</run_address>
         <size>0x49f</size>
         <input_file_ref idref="fl-4"/>
      </object_component>
      <object_component id="oc-1f3">
         <name>.debug_info</name>
         <load_address>0x1299</load_address>
         <run_address>0x1299</run_address>
         <size>0x48</size>
         <input_file_ref idref="fl-4"/>
      </object_component>
      <object_component id="oc-10b">
         <name>.debug_info</name>
         <load_address>0x12e1</load_address>
         <run_address>0x12e1</run_address>
         <size>0x8b</size>
         <input_file_ref idref="fl-4"/>
      </object_component>
      <object_component id="oc-102">
         <name>.debug_info</name>
         <load_address>0x136c</load_address>
         <run_address>0x136c</run_address>
         <size>0x157</size>
         <input_file_ref idref="fl-5"/>
      </object_component>
      <object_component id="oc-f2">
         <name>.debug_info</name>
         <load_address>0x14c3</load_address>
         <run_address>0x14c3</run_address>
         <size>0x115</size>
         <input_file_ref idref="fl-6"/>
      </object_component>
      <object_component id="oc-2f">
         <name>.debug_info</name>
         <load_address>0x15d8</load_address>
         <run_address>0x15d8</run_address>
         <size>0x2ce</size>
         <input_file_ref idref="fl-7"/>
      </object_component>
      <object_component id="oc-10">
         <name>.debug_info</name>
         <load_address>0x18a6</load_address>
         <run_address>0x18a6</run_address>
         <size>0x10d</size>
         <input_file_ref idref="fl-7"/>
      </object_component>
      <object_component id="oc-29">
         <name>.debug_info</name>
         <load_address>0x19b3</load_address>
         <run_address>0x19b3</run_address>
         <size>0x289</size>
         <input_file_ref idref="fl-7"/>
      </object_component>
      <object_component id="oc-92">
         <name>.debug_info</name>
         <load_address>0x1c3c</load_address>
         <run_address>0x1c3c</run_address>
         <size>0x2d3</size>
         <input_file_ref idref="fl-c3"/>
      </object_component>
      <object_component id="oc-4f">
         <name>.debug_info</name>
         <load_address>0x1f0f</load_address>
         <run_address>0x1f0f</run_address>
         <size>0x1b4</size>
         <input_file_ref idref="fl-c3"/>
      </object_component>
      <object_component id="oc-8d">
         <name>.debug_info</name>
         <load_address>0x20c3</load_address>
         <run_address>0x20c3</run_address>
         <size>0x46</size>
         <input_file_ref idref="fl-c3"/>
      </object_component>
      <object_component id="oc-ca">
         <name>.debug_info</name>
         <load_address>0x2109</load_address>
         <run_address>0x2109</run_address>
         <size>0x2c</size>
         <input_file_ref idref="fl-c3"/>
      </object_component>
      <object_component id="oc-46">
         <name>.debug_info</name>
         <load_address>0x2135</load_address>
         <run_address>0x2135</run_address>
         <size>0x2a7</size>
         <input_file_ref idref="fl-c4"/>
      </object_component>
      <object_component id="oc-19">
         <name>.debug_info</name>
         <load_address>0x23dc</load_address>
         <run_address>0x23dc</run_address>
         <size>0x1e9</size>
         <input_file_ref idref="fl-c4"/>
      </object_component>
      <object_component id="oc-41">
         <name>.debug_info</name>
         <load_address>0x25c5</load_address>
         <run_address>0x25c5</run_address>
         <size>0x46</size>
         <input_file_ref idref="fl-c4"/>
      </object_component>
      <object_component id="oc-85">
         <name>.debug_info</name>
         <load_address>0x260b</load_address>
         <run_address>0x260b</run_address>
         <size>0x2c</size>
         <input_file_ref idref="fl-c4"/>
      </object_component>
      <object_component id="oc-83">
         <name>.debug_info</name>
         <load_address>0x2637</load_address>
         <run_address>0x2637</run_address>
         <size>0x29d</size>
         <input_file_ref idref="fl-c5"/>
      </object_component>
      <object_component id="oc-15">
         <name>.debug_info</name>
         <load_address>0x28d4</load_address>
         <run_address>0x28d4</run_address>
         <size>0x24f</size>
         <input_file_ref idref="fl-c5"/>
      </object_component>
      <object_component id="oc-31">
         <name>.debug_info</name>
         <load_address>0x2b23</load_address>
         <run_address>0x2b23</run_address>
         <size>0x60</size>
         <input_file_ref idref="fl-c5"/>
      </object_component>
      <object_component id="oc-c3">
         <name>.debug_info</name>
         <load_address>0x2b83</load_address>
         <run_address>0x2b83</run_address>
         <size>0x46</size>
         <input_file_ref idref="fl-c5"/>
      </object_component>
      <object_component id="oc-7e">
         <name>.debug_info</name>
         <load_address>0x2bc9</load_address>
         <run_address>0x2bc9</run_address>
         <size>0x39</size>
         <input_file_ref idref="fl-c5"/>
      </object_component>
      <object_component id="oc-160">
         <name>.debug_info</name>
         <load_address>0x2c02</load_address>
         <run_address>0x2c02</run_address>
         <size>0x321</size>
         <input_file_ref idref="fl-c6"/>
      </object_component>
      <object_component id="oc-d7">
         <name>.debug_info</name>
         <load_address>0x2f23</load_address>
         <run_address>0x2f23</run_address>
         <size>0x176</size>
         <input_file_ref idref="fl-c6"/>
      </object_component>
      <object_component id="oc-243">
         <name>.debug_info</name>
         <load_address>0x3099</load_address>
         <run_address>0x3099</run_address>
         <size>0xb2</size>
         <input_file_ref idref="fl-c6"/>
      </object_component>
      <object_component id="oc-23f">
         <name>.debug_info</name>
         <load_address>0x314b</load_address>
         <run_address>0x314b</run_address>
         <size>0x143</size>
         <input_file_ref idref="fl-c7"/>
      </object_component>
      <object_component id="oc-15d">
         <name>.debug_info</name>
         <load_address>0x328e</load_address>
         <run_address>0x328e</run_address>
         <size>0x101</size>
         <input_file_ref idref="fl-c7"/>
      </object_component>
      <object_component id="oc-239">
         <name>.debug_info</name>
         <load_address>0x338f</load_address>
         <run_address>0x338f</run_address>
         <size>0x18e</size>
         <input_file_ref idref="fl-c7"/>
      </object_component>
      <object_component id="oc-22">
         <name>.debug_info</name>
         <load_address>0x351d</load_address>
         <run_address>0x351d</run_address>
         <size>0x10a</size>
         <input_file_ref idref="fl-c8"/>
      </object_component>
      <object_component id="oc-5b">
         <name>.debug_info</name>
         <load_address>0x3627</load_address>
         <run_address>0x3627</run_address>
         <size>0x1a8</size>
         <input_file_ref idref="fl-c8"/>
      </object_component>
      <object_component id="oc-23c">
         <name>.debug_info</name>
         <load_address>0x37cf</load_address>
         <run_address>0x37cf</run_address>
         <size>0x346</size>
         <input_file_ref idref="fl-c9"/>
      </object_component>
      <object_component id="oc-22d">
         <name>.debug_info</name>
         <load_address>0x3b15</load_address>
         <run_address>0x3b15</run_address>
         <size>0x189</size>
         <input_file_ref idref="fl-c9"/>
      </object_component>
      <object_component id="oc-158">
         <name>.debug_info</name>
         <load_address>0x3c9e</load_address>
         <run_address>0x3c9e</run_address>
         <size>0x1c7</size>
         <input_file_ref idref="fl-c9"/>
      </object_component>
      <object_component id="oc-237">
         <name>.debug_info</name>
         <load_address>0x3e65</load_address>
         <run_address>0x3e65</run_address>
         <size>0x3fb</size>
         <input_file_ref idref="fl-ca"/>
      </object_component>
      <object_component id="oc-152">
         <name>.debug_info</name>
         <load_address>0x4260</load_address>
         <run_address>0x4260</run_address>
         <size>0x2e1</size>
         <input_file_ref idref="fl-ca"/>
      </object_component>
      <object_component id="oc-2e4">
         <name>.debug_info</name>
         <load_address>0x4541</load_address>
         <run_address>0x4541</run_address>
         <size>0x2ff</size>
         <input_file_ref idref="fl-cb"/>
      </object_component>
      <object_component id="oc-21c">
         <name>.debug_info</name>
         <load_address>0x4840</load_address>
         <run_address>0x4840</run_address>
         <size>0x19b</size>
         <input_file_ref idref="fl-cb"/>
      </object_component>
      <object_component id="oc-38b">
         <name>.debug_info</name>
         <load_address>0x49db</load_address>
         <run_address>0x49db</run_address>
         <size>0xbf</size>
         <input_file_ref idref="fl-cb"/>
      </object_component>
      <object_component id="oc-38a">
         <name>.debug_info</name>
         <load_address>0x4a9a</load_address>
         <run_address>0x4a9a</run_address>
         <size>0x373</size>
         <input_file_ref idref="fl-cc"/>
      </object_component>
      <object_component id="oc-2df">
         <name>.debug_info</name>
         <load_address>0x4e0d</load_address>
         <run_address>0x4e0d</run_address>
         <size>0x20a</size>
         <input_file_ref idref="fl-cc"/>
      </object_component>
      <object_component id="oc-3c">
         <name>.debug_info</name>
         <load_address>0x5017</load_address>
         <run_address>0x5017</run_address>
         <size>0x118</size>
         <input_file_ref idref="fl-cd"/>
      </object_component>
      <object_component id="oc-95">
         <name>.debug_info</name>
         <load_address>0x512f</load_address>
         <run_address>0x512f</run_address>
         <size>0x146</size>
         <input_file_ref idref="fl-ce"/>
      </object_component>
      <object_component id="oc-203">
         <name>.debug_info</name>
         <load_address>0x5275</load_address>
         <run_address>0x5275</run_address>
         <size>0x4b2</size>
         <input_file_ref idref="fl-cf"/>
      </object_component>
      <object_component id="oc-11f">
         <name>.debug_info</name>
         <load_address>0x5727</load_address>
         <run_address>0x5727</run_address>
         <size>0x1a5</size>
         <input_file_ref idref="fl-cf"/>
      </object_component>
      <object_component id="oc-2c6">
         <name>.debug_info</name>
         <load_address>0x58cc</load_address>
         <run_address>0x58cc</run_address>
         <size>0x39</size>
         <input_file_ref idref="fl-cf"/>
      </object_component>
      <object_component id="oc-363">
         <name>.debug_info</name>
         <load_address>0x5905</load_address>
         <run_address>0x5905</run_address>
         <size>0x39</size>
         <input_file_ref idref="fl-cf"/>
      </object_component>
      <object_component id="oc-2cb">
         <name>.debug_info</name>
         <load_address>0x593e</load_address>
         <run_address>0x593e</run_address>
         <size>0x39</size>
         <input_file_ref idref="fl-cf"/>
      </object_component>
      <object_component id="oc-2d0">
         <name>.debug_info</name>
         <load_address>0x5977</load_address>
         <run_address>0x5977</run_address>
         <size>0xcd</size>
         <input_file_ref idref="fl-cf"/>
      </object_component>
      <object_component id="oc-9a">
         <name>.debug_info</name>
         <load_address>0x5a44</load_address>
         <run_address>0x5a44</run_address>
         <size>0x152</size>
         <input_file_ref idref="fl-d0"/>
      </object_component>
      <object_component id="oc-200">
         <name>.debug_info</name>
         <load_address>0x5b96</load_address>
         <run_address>0x5b96</run_address>
         <size>0x3ac</size>
         <input_file_ref idref="fl-d2"/>
      </object_component>
      <object_component id="oc-1fa">
         <name>.debug_info</name>
         <load_address>0x5f42</load_address>
         <run_address>0x5f42</run_address>
         <size>0x18f</size>
         <input_file_ref idref="fl-d2"/>
      </object_component>
      <object_component id="oc-114">
         <name>.debug_info</name>
         <load_address>0x60d1</load_address>
         <run_address>0x60d1</run_address>
         <size>0x121</size>
         <input_file_ref idref="fl-d2"/>
      </object_component>
      <object_component id="oc-11a">
         <name>.debug_info</name>
         <load_address>0x61f2</load_address>
         <run_address>0x61f2</run_address>
         <size>0x183</size>
         <input_file_ref idref="fl-d2"/>
      </object_component>
      <object_component id="oc-2c0">
         <name>.debug_info</name>
         <load_address>0x6375</load_address>
         <run_address>0x6375</run_address>
         <size>0x2c8</size>
         <input_file_ref idref="fl-d3"/>
      </object_component>
      <object_component id="oc-1fd">
         <name>.debug_info</name>
         <load_address>0x663d</load_address>
         <run_address>0x663d</run_address>
         <size>0x11d</size>
         <input_file_ref idref="fl-d3"/>
      </object_component>
      <object_component id="oc-2b9">
         <name>.debug_info</name>
         <load_address>0x675a</load_address>
         <run_address>0x675a</run_address>
         <size>0x12d</size>
         <input_file_ref idref="fl-d3"/>
      </object_component>
      <object_component id="oc-2e8">
         <name>.debug_info</name>
         <load_address>0x6887</load_address>
         <run_address>0x6887</run_address>
         <size>0x2a4</size>
         <input_file_ref idref="fl-d5"/>
      </object_component>
      <object_component id="oc-227">
         <name>.debug_info</name>
         <load_address>0x6b2b</load_address>
         <run_address>0x6b2b</run_address>
         <size>0x258</size>
         <input_file_ref idref="fl-d5"/>
      </object_component>
      <object_component id="oc-6f">
         <name>.debug_info</name>
         <load_address>0x6d83</load_address>
         <run_address>0x6d83</run_address>
         <size>0x3b1</size>
         <input_file_ref idref="fl-d6"/>
      </object_component>
      <object_component id="oc-25">
         <name>.debug_info</name>
         <load_address>0x7134</load_address>
         <run_address>0x7134</run_address>
         <size>0x10b</size>
         <input_file_ref idref="fl-d6"/>
      </object_component>
      <object_component id="oc-4a5">
         <name>.debug_info</name>
         <load_address>0x723f</load_address>
         <run_address>0x723f</run_address>
         <size>0x13e</size>
         <input_file_ref idref="fl-d6"/>
      </object_component>
      <object_component id="oc-381">
         <name>.debug_info</name>
         <load_address>0x737d</load_address>
         <run_address>0x737d</run_address>
         <size>0x167</size>
         <input_file_ref idref="fl-d6"/>
      </object_component>
      <object_component id="oc-426">
         <name>.debug_info</name>
         <load_address>0x74e4</load_address>
         <run_address>0x74e4</run_address>
         <size>0x18d</size>
         <input_file_ref idref="fl-d6"/>
      </object_component>
      <object_component id="oc-42c">
         <name>.debug_info</name>
         <load_address>0x7671</load_address>
         <run_address>0x7671</run_address>
         <size>0x19e</size>
         <input_file_ref idref="fl-d6"/>
      </object_component>
      <object_component id="oc-37a">
         <name>.debug_info</name>
         <load_address>0x780f</load_address>
         <run_address>0x780f</run_address>
         <size>0x202</size>
         <input_file_ref idref="fl-d6"/>
      </object_component>
      <object_component id="oc-4ad">
         <name>.debug_info</name>
         <load_address>0x7a11</load_address>
         <run_address>0x7a11</run_address>
         <size>0x1da</size>
         <input_file_ref idref="fl-d6"/>
      </object_component>
      <object_component id="oc-434">
         <name>.debug_info</name>
         <load_address>0x7beb</load_address>
         <run_address>0x7beb</run_address>
         <size>0x298</size>
         <input_file_ref idref="fl-d6"/>
      </object_component>
      <object_component id="oc-b8">
         <name>.debug_info</name>
         <load_address>0x7e83</load_address>
         <run_address>0x7e83</run_address>
         <size>0xb2</size>
         <input_file_ref idref="fl-d6"/>
      </object_component>
      <object_component id="oc-b3">
         <name>.debug_info</name>
         <load_address>0x7f35</load_address>
         <run_address>0x7f35</run_address>
         <size>0x2c</size>
         <input_file_ref idref="fl-d6"/>
      </object_component>
      <object_component id="oc-2e6">
         <name>.debug_info</name>
         <load_address>0x7f61</load_address>
         <run_address>0x7f61</run_address>
         <size>0x28e</size>
         <input_file_ref idref="fl-d7"/>
      </object_component>
      <object_component id="oc-220">
         <name>.debug_info</name>
         <load_address>0x81ef</load_address>
         <run_address>0x81ef</run_address>
         <size>0x240</size>
         <input_file_ref idref="fl-d7"/>
      </object_component>
      <object_component id="oc-2ee">
         <name>.debug_info</name>
         <load_address>0x842f</load_address>
         <run_address>0x842f</run_address>
         <size>0x396</size>
         <input_file_ref idref="fl-d8"/>
      </object_component>
      <object_component id="oc-231">
         <name>.debug_info</name>
         <load_address>0x87c5</load_address>
         <run_address>0x87c5</run_address>
         <size>0x18e</size>
         <input_file_ref idref="fl-d8"/>
      </object_component>
      <object_component id="oc-39e">
         <name>.debug_info</name>
         <load_address>0x8953</load_address>
         <run_address>0x8953</run_address>
         <size>0x120</size>
         <input_file_ref idref="fl-d8"/>
      </object_component>
      <object_component id="oc-3a3">
         <name>.debug_info</name>
         <load_address>0x8a73</load_address>
         <run_address>0x8a73</run_address>
         <size>0x2c</size>
         <input_file_ref idref="fl-d8"/>
      </object_component>
      <object_component id="oc-39b">
         <name>.debug_info</name>
         <load_address>0x8a9f</load_address>
         <run_address>0x8a9f</run_address>
         <size>0x336</size>
         <input_file_ref idref="fl-d9"/>
      </object_component>
      <object_component id="oc-397">
         <name>.debug_info</name>
         <load_address>0x8dd5</load_address>
         <run_address>0x8dd5</run_address>
         <size>0x108</size>
         <input_file_ref idref="fl-d9"/>
      </object_component>
      <object_component id="oc-2eb">
         <name>.debug_info</name>
         <load_address>0x8edd</load_address>
         <run_address>0x8edd</run_address>
         <size>0x108</size>
         <input_file_ref idref="fl-d9"/>
      </object_component>
      <object_component id="oc-387">
         <name>.debug_info</name>
         <load_address>0x8fe5</load_address>
         <run_address>0x8fe5</run_address>
         <size>0x175</size>
         <input_file_ref idref="fl-da"/>
      </object_component>
      <object_component id="oc-376">
         <name>.debug_info</name>
         <load_address>0x915a</load_address>
         <run_address>0x915a</run_address>
         <size>0x323</size>
         <input_file_ref idref="fl-db"/>
      </object_component>
      <object_component id="oc-2db">
         <name>.debug_info</name>
         <load_address>0x947d</load_address>
         <run_address>0x947d</run_address>
         <size>0x1eb</size>
         <input_file_ref idref="fl-db"/>
      </object_component>
      <object_component id="oc-4d0">
         <name>.debug_info</name>
         <load_address>0x9668</load_address>
         <run_address>0x9668</run_address>
         <size>0x372</size>
         <input_file_ref idref="fl-dc"/>
      </object_component>
      <object_component id="oc-447">
         <name>.debug_info</name>
         <load_address>0x99da</load_address>
         <run_address>0x99da</run_address>
         <size>0x1bb</size>
         <input_file_ref idref="fl-dc"/>
      </object_component>
      <object_component id="oc-4d6">
         <name>.debug_info</name>
         <load_address>0x9b95</load_address>
         <run_address>0x9b95</run_address>
         <size>0x377</size>
         <input_file_ref idref="fl-dd"/>
      </object_component>
      <object_component id="oc-459">
         <name>.debug_info</name>
         <load_address>0x9f0c</load_address>
         <run_address>0x9f0c</run_address>
         <size>0x20f</size>
         <input_file_ref idref="fl-dd"/>
      </object_component>
      <object_component id="oc-4cc">
         <name>.debug_info</name>
         <load_address>0xa11b</load_address>
         <run_address>0xa11b</run_address>
         <size>0x3a2</size>
         <input_file_ref idref="fl-de"/>
      </object_component>
      <object_component id="oc-441">
         <name>.debug_info</name>
         <load_address>0xa4bd</load_address>
         <run_address>0xa4bd</run_address>
         <size>0x20b</size>
         <input_file_ref idref="fl-de"/>
      </object_component>
      <object_component id="oc-4d2">
         <name>.debug_info</name>
         <load_address>0xa6c8</load_address>
         <run_address>0xa6c8</run_address>
         <size>0x376</size>
         <input_file_ref idref="fl-df"/>
      </object_component>
      <object_component id="oc-44d">
         <name>.debug_info</name>
         <load_address>0xaa3e</load_address>
         <run_address>0xaa3e</run_address>
         <size>0x1fa</size>
[...]
         <object_component_ref idref="oc-3b"/>
      </symbol>
      <symbol id="sm-1f2">
         <name>__aeabi_memcpy4</name>
         <value>0x27ad</value>
         <object_component_ref idref="oc-3b"/>
      </symbol>
      <symbol id="sm-201">
         <name>__aeabi_memset</name>
         <value>0x2af7</value>
         <object_component_ref idref="oc-93"/>
      </symbol>
      <symbol id="sm-202">
         <name>memset</name>
         <value>0x2afd</value>
         <object_component_ref idref="oc-93"/>
      </symbol>
      <symbol id="sm-203">
         <name>__aeabi_memset8</name>
         <value>0x2af7</value>
         <object_component_ref idref="oc-93"/>
      </symbol>
      <symbol id="sm-204">
         <name>__aeabi_memset4</name>
         <value>0x2af7</value>
         <object_component_ref idref="oc-93"/>
      </symbol>
      <symbol id="sm-205">
         <name>__aeabi_memclr8</name>
         <value>0x2af5</value>
         <object_component_ref idref="oc-93"/>
      </symbol>
      <symbol id="sm-206">
         <name>__aeabi_memclr4</name>
         <value>0x2af5</value>
         <object_component_ref idref="oc-93"/>
      </symbol>
      <symbol id="sm-207">
         <name>__aeabi_memclr</name>
         <value>0x2af5</value>
         <object_component_ref idref="oc-93"/>
      </symbol>
      <symbol id="sm-22f">
         <name>__TI_auto_init_nobinit_nopinit</name>
         <value>0x33d9</value>
         <object_component_ref idref="oc-11c"/>
      </symbol>
      <symbol id="sm-239">
         <name>_system_pre_init</name>
         <value>0x3a6b</value>
         <object_component_ref idref="oc-99"/>
      </symbol>
      <symbol id="sm-260">
         <name>C$$EXIT</name>
         <value>0x3a6f</value>
         <object_component_ref idref="oc-110"/>
      </symbol>
      <symbol id="sm-261">
         <name>abort</name>
         <value>0x3a6f</value>
         <object_component_ref idref="oc-110"/>
      </symbol>
      <symbol id="sm-262">
         <name>__TI_dtors_ptr</name>
         <value>0x20001308</value>
         <object_component_ref idref="oc-1f9"/>
      </symbol>
      <symbol id="sm-263">
         <name>__TI_cleanup_ptr</name>
         <value>0x20001304</value>
         <object_component_ref idref="oc-1f9"/>
      </symbol>
      <symbol id="sm-264">
         <name>__TI_enable_exit_profile_output</name>
         <value>0x2000130c</value>
         <object_component_ref idref="oc-1f9"/>
      </symbol>
      <symbol id="sm-265">
         <name>exit</name>
         <value>0x3279</value>
         <object_component_ref idref="oc-116"/>
      </symbol>
      <symbol id="sm-27a">
         <name>_nop</name>
         <value>0xcbb</value>
         <object_component_ref idref="oc-2b8"/>
      </symbol>
      <symbol id="sm-27b">
         <name>_lock</name>
         <value>0x20001310</value>
         <object_component_ref idref="oc-1fc"/>
      </symbol>
      <symbol id="sm-27c">
         <name>_unlock</name>
         <value>0x20001314</value>
         <object_component_ref idref="oc-1fc"/>
      </symbol>
      <symbol id="sm-28d">
         <name>memchr</name>
         <value>0x3801</value>
         <object_component_ref idref="oc-224"/>
      </symbol>
      <symbol id="sm-316">
         <name>_sys_memory</name>
         <value>0x20000270</value>
         <object_component_ref idref="oc-24"/>
      </symbol>
      <symbol id="sm-317">
         <name>free</name>
         <value>0x23d9</value>
         <object_component_ref idref="oc-377"/>
      </symbol>
      <symbol id="sm-318">
         <name>memalign</name>
         <value>0x1ead</value>
         <object_component_ref idref="oc-430"/>
      </symbol>
      <symbol id="sm-319">
         <name>malloc</name>
         <value>0x3a51</value>
         <object_component_ref idref="oc-37d"/>
      </symbol>
      <symbol id="sm-31a">
         <name>aligned_alloc</name>
         <value>0x1ead</value>
         <object_component_ref idref="oc-430"/>
      </symbol>
      <symbol id="sm-328">
         <name>strlen</name>
         <value>0x39d5</value>
         <object_component_ref idref="oc-21e"/>
      </symbol>
      <symbol id="sm-342">
         <name>write</name>
         <value>0x37b9</value>
         <object_component_ref idref="oc-230"/>
      </symbol>
      <symbol id="sm-353">
         <name>_stream</name>
         <value>0x200012a4</value>
         <object_component_ref idref="oc-2ea"/>
      </symbol>
      <symbol id="sm-354">
         <name>_device</name>
         <value>0x2000122c</value>
         <object_component_ref idref="oc-396"/>
      </symbol>
      <symbol id="sm-364">
         <name>__TI_cleanup</name>
         <value>0x35b9</value>
         <object_component_ref idref="oc-383"/>
      </symbol>
      <symbol id="sm-376">
         <name>fseek</name>
         <value>0x2e65</value>
         <object_component_ref idref="oc-2d7"/>
      </symbol>
      <symbol id="sm-387">
         <name>HOSTclose</name>
         <value>0x3351</value>
         <object_component_ref idref="oc-446"/>
      </symbol>
      <symbol id="sm-398">
         <name>HOSTlseek</name>
         <value>0x2d31</value>
         <object_component_ref idref="oc-458"/>
      </symbol>
      <symbol id="sm-3aa">
         <name>parmbuf</name>
         <value>0x20001130</value>
      </symbol>
      <symbol id="sm-3ab">
         <name>HOSTopen</name>
         <value>0x2f2d</value>
         <object_component_ref idref="oc-440"/>
      </symbol>
      <symbol id="sm-3bc">
         <name>HOSTread</name>
         <value>0x2fe9</value>
         <object_component_ref idref="oc-44c"/>
      </symbol>
      <symbol id="sm-3cd">
         <name>HOSTrename</name>
         <value>0x2cc5</value>
         <object_component_ref idref="oc-464"/>
      </symbol>
      <symbol id="sm-3de">
         <name>HOSTunlink</name>
         <value>0x3395</value>
         <object_component_ref idref="oc-45e"/>
      </symbol>
      <symbol id="sm-3ef">
         <name>HOSTwrite</name>
         <value>0x3041</value>
         <object_component_ref idref="oc-452"/>
      </symbol>
      <symbol id="sm-413">
         <name>__TI_readmsg</name>
         <value>0x35ed</value>
         <object_component_ref idref="oc-4c5"/>
      </symbol>
      <symbol id="sm-414">
         <name>C$$IO$$</name>
         <value>0x350f</value>
         <object_component_ref idref="oc-4bf"/>
      </symbol>
      <symbol id="sm-415">
         <name>__CIOBUF_</name>
         <value>0x20000e70</value>
         <object_component_ref idref="oc-500"/>
      </symbol>
      <symbol id="sm-416">
         <name>__TI_writemsg</name>
         <value>0x34e1</value>
         <object_component_ref idref="oc-4bf"/>
      </symbol>
      <symbol id="sm-427">
         <name>lseek</name>
         <value>0x3791</value>
         <object_component_ref idref="oc-36f"/>
      </symbol>
      <symbol id="sm-43c">
         <name>__TI_closefile</name>
         <value>0x2b71</value>
         <object_component_ref idref="oc-437"/>
      </symbol>
      <symbol id="sm-464">
         <name>finddevice</name>
         <value>0x3685</value>
         <object_component_ref idref="oc-51e"/>
      </symbol>
      <symbol id="sm-465">
         <name>getdevice</name>
         <value>0x341d</value>
         <object_component_ref idref="oc-4f6"/>
      </symbol>
      <symbol id="sm-475">
         <name>strchr</name>
         <value>0x3959</value>
         <object_component_ref idref="oc-3fe"/>
      </symbol>
      <symbol id="sm-484">
         <name>strcmp</name>
         <value>0x3915</value>
         <object_component_ref idref="oc-535"/>
      </symbol>
      <symbol id="sm-492">
         <name>strcpy</name>
         <value>0x39c1</value>
         <object_component_ref idref="oc-4d9"/>
      </symbol>
      <symbol id="sm-4a2">
         <name>strncpy</name>
         <value>0x3519</value>
         <object_component_ref idref="oc-518"/>
      </symbol>
      <symbol id="sm-4b7">
         <name>close</name>
         <value>0x2f8d</value>
         <object_component_ref idref="oc-4b0"/>
      </symbol>
      <symbol id="sm-4c7">
         <name>unlink</name>
         <value>0x373d</value>
         <object_component_ref idref="oc-4b6"/>
      </symbol>
      <symbol id="sm-521">
         <name>GPIOPinConfigure</name>
         <value>0x3195</value>
         <object_component_ref idref="oc-1c4"/>
      </symbol>
      <symbol id="sm-522">
         <name>GPIOPinTypeGPIOInput</name>
         <value>0x392d</value>
         <object_component_ref idref="oc-1a3"/>
      </symbol>
      <symbol id="sm-523">
         <name>GPIOPinTypeUART</name>
         <value>0x3943</value>
         <object_component_ref idref="oc-1ca"/>
      </symbol>
      <symbol id="sm-524">
         <name>GPIOPinTypeGPIOOutput</name>
         <value>0x38c9</value>
         <object_component_ref idref="oc-1b9"/>
      </symbol>
      <symbol id="sm-525">
         <name>GPIOPinRead</name>
         <value>0x3a59</value>
         <object_component_ref idref="oc-1af"/>
      </symbol>
      <symbol id="sm-526">
         <name>GPIODirModeSet</name>
         <value>0x36e3</value>
         <object_component_ref idref="oc-26e"/>
      </symbol>
      <symbol id="sm-527">
         <name>GPIOPinWrite</name>
         <value>0x3a5f</value>
         <object_component_ref idref="oc-161"/>
      </symbol>
      <symbol id="sm-528">
         <name>GPIOPadConfigSet</name>
         <value>0x1891</value>
         <object_component_ref idref="oc-1a9"/>
      </symbol>
      <symbol id="sm-53f">
         <name>IntRegister</name>
         <value>0x3551</value>
         <object_component_ref idref="oc-25c"/>
      </symbol>
      <symbol id="sm-540">
         <name>g_pfnRAMVectors</name>
         <value>0x20000000</value>
         <object_component_ref idref="oc-309"/>
      </symbol>
      <symbol id="sm-593">
         <name>SysCtlClockSet</name>
         <value>0x22e5</value>
         <object_component_ref idref="oc-174"/>
      </symbol>
      <symbol id="sm-594">
         <name>SysCtlDelay</name>
         <value>0x3a65</value>
         <object_component_ref idref="oc-173"/>
      </symbol>
      <symbol id="sm-595">
         <name>SysCtlPeripheralEnable</name>
         <value>0x3585</value>
         <object_component_ref idref="oc-19d"/>
      </symbol>
      <symbol id="sm-596">
         <name>SysCtlClockGet</name>
         <value>0x1d95</value>
         <object_component_ref idref="oc-17a"/>
      </symbol>
      <symbol id="sm-5fe">
         <name>schdExecute</name>
         <value>0xe65</value>
         <object_component_ref idref="oc-de"/>
      </symbol>
      <symbol id="sm-5ff">
         <name>sysTimeWaitAbsolute</name>
         <value>0xd9f</value>
         <object_component_ref idref="oc-de"/>
      </symbol>
      <symbol id="sm-600">
         <name>lpInit</name>
         <value>0xfc7</value>
         <object_component_ref idref="oc-de"/>
      </symbol>
      <symbol id="sm-601">
         <name>sysTimeGet</name>
         <value>0xd4f</value>
         <object_component_ref idref="oc-de"/>
      </symbol>
      <symbol id="sm-602">
         <name>sysTimeReached</name>
         <value>0xd55</value>
         <object_component_ref idref="oc-de"/>
      </symbol>
      <symbol id="sm-603">
         <name>waitUs</name>
         <value>0xf99</value>
         <object_component_ref idref="oc-de"/>
      </symbol>
      <symbol id="sm-604">
         <name>sysTimeWait</name>
         <value>0xd7b</value>
         <object_component_ref idref="oc-de"/>
      </symbol>
      <symbol id="sm-605">
         <name>schdCallback</name>
         <value>0xdeb</value>
         <object_component_ref idref="oc-de"/>
      </symbol>
      <symbol id="sm-606">
         <name>waitMs</name>
         <value>0xf69</value>
         <object_component_ref idref="oc-de"/>
      </symbol>
      <symbol id="sm-621">
         <name>ledInit</name>
         <value>0x2733</value>
         <object_component_ref idref="oc-ea"/>
      </symbol>
      <symbol id="sm-622">
         <name>ledInitForced</name>
         <value>0x2711</value>
         <object_component_ref idref="oc-ea"/>
      </symbol>
      <symbol id="sm-623">
         <name>ledTurnOnOff</name>
         <value>0x2747</value>
         <object_component_ref idref="oc-ea"/>
      </symbol>
      <symbol id="sm-641">
         <name>pbInitForced</name>
         <value>0x28e1</value>
         <object_component_ref idref="oc-e4"/>
      </symbol>
      <symbol id="sm-642">
         <name>pbInit</name>
         <value>0x2915</value>
         <object_component_ref idref="oc-e4"/>
      </symbol>
      <symbol id="sm-643">
         <name>pbRead</name>
         <value>0x2929</value>
         <object_component_ref idref="oc-e4"/>
      </symbol>
      <symbol id="sm-65a">
         <name>uartPutString</name>
         <value>0x25f7</value>
         <object_component_ref idref="oc-f5"/>
      </symbol>
      <symbol id="sm-65b">
         <name>uprintf</name>
         <value>0x2623</value>
         <object_component_ref idref="oc-f5"/>
      </symbol>
      <symbol id="sm-65c">
         <name>uartInit</name>
         <value>0x2599</value>
         <object_component_ref idref="oc-f5"/>
      </symbol>
      <symbol id="sm-65d">
         <name>uartPutChar</name>
         <value>0x25d3</value>
         <object_component_ref idref="oc-f5"/>
      </symbol>
      <symbol id="sm-65e">
         <name>uartGetChar</name>
         <value>0x25e5</value>
         <object_component_ref idref="oc-f5"/>
      </symbol>
      <symbol id="sm-688">
         <name>vsnprintf</name>
         <value>0x3461</value>
         <object_component_ref idref="oc-1e2"/>
      </symbol>
      <symbol id="sm-695">
         <name>__aeabi_uldivmod</name>
         <value>0x2849</value>
         <object_component_ref idref="oc-16e"/>
      </symbol>
      <symbol id="sm-7fa">
         <name>__TI_printfi</name>
         <value>0x26d</value>
         <object_component_ref idref="oc-291"/>
      </symbol>
      <symbol id="sm-804">
         <name>__aeabi_idiv0</name>
         <value>0x188f</value>
         <object_component_ref idref="oc-24e"/>
      </symbol>
      <symbol id="sm-805">
         <name>__aeabi_ldiv0</name>
         <value>0x188f</value>
         <object_component_ref idref="oc-24e"/>
      </symbol>
      <symbol id="sm-81c">
         <name>__aeabi_dsub</name>
         <value>0x16d9</value>
         <object_component_ref idref="oc-3d2"/>
      </symbol>
      <symbol id="sm-81d">
         <name>__aeabi_dadd</name>
         <value>0x16e3</value>
         <object_component_ref idref="oc-3d2"/>
      </symbol>
      <symbol id="sm-83f">
         <name>__aeabi_cdcmpeq</name>
         <value>0x296d</value>
         <object_component_ref idref="oc-321"/>
      </symbol>
      <symbol id="sm-840">
         <name>__aeabi_cdcmple</name>
         <value>0x296d</value>
         <object_component_ref idref="oc-321"/>
      </symbol>
      <symbol id="sm-841">
         <name>__aeabi_cdrcmple</name>
         <value>0x29f3</value>
         <object_component_ref idref="oc-3bd"/>
      </symbol>
      <symbol id="sm-855">
         <name>__aeabi_ddiv</name>
         <value>0x1b39</value>
         <object_component_ref idref="oc-3b8"/>
      </symbol>
      <symbol id="sm-860">
         <name>__aeabi_dmul</name>
         <value>0x21e9</value>
         <object_component_ref idref="oc-3b3"/>
      </symbol>
      <symbol id="sm-86a">
         <name>__aeabi_d2iz</name>
         <value>0x32c1</value>
         <object_component_ref idref="oc-3c2"/>
      </symbol>
      <symbol id="sm-874">
         <name>__aeabi_i2d</name>
         <value>0x36b5</value>
         <object_component_ref idref="oc-3cd"/>
      </symbol>
      <symbol id="sm-88a">
         <name>atoi</name>
         <value>0x322d</value>
         <object_component_ref idref="oc-315"/>
      </symbol>
      <symbol id="sm-895">
         <name>_ctypes_</name>
         <value>0x3a74</value>
         <object_component_ref idref="oc-3ac"/>
      </symbol>
      <symbol id="sm-8a4">
         <name>ltoa</name>
         <value>0x30ef</value>
         <object_component_ref idref="oc-3c7"/>
      </symbol>
      <symbol id="sm-8b4">
         <name>memccpy</name>
         <value>0x3891</value>
         <object_component_ref idref="oc-33e"/>
      </symbol>
      <symbol id="sm-8ca">
         <name>__aeabi_errno_addr</name>
         <value>0x3a49</value>
         <object_component_ref idref="oc-34a"/>
      </symbol>
      <symbol id="sm-8cb">
         <name>errno</name>
         <value>0x20001328</value>
         <object_component_ref idref="oc-40e"/>
      </symbol>
      <symbol id="sm-8e4">
         <name>wcslen</name>
         <value>0x39e9</value>
         <object_component_ref idref="oc-344"/>
      </symbol>
      <symbol id="sm-904">
         <name>frexpl</name>
         <value>0x2e01</value>
         <object_component_ref idref="oc-3f2"/>
      </symbol>
      <symbol id="sm-905">
         <name>frexp</name>
         <value>0x2e01</value>
         <object_component_ref idref="oc-3f2"/>
      </symbol>
      <symbol id="sm-922">
         <name>scalbn</name>
         <value>0x20d9</value>
         <object_component_ref idref="oc-3f8"/>
      </symbol>
      <symbol id="sm-923">
         <name>scalbnl</name>
         <value>0x20d9</value>
         <object_component_ref idref="oc-3f8"/>
      </symbol>
      <symbol id="sm-924">
         <name>ldexpl</name>
         <value>0x20d9</value>
         <object_component_ref idref="oc-3f8"/>
      </symbol>
      <symbol id="sm-925">
         <name>ldexp</name>
         <value>0x20d9</value>
         <object_component_ref idref="oc-3f8"/>
      </symbol>
      <symbol id="sm-92f">
         <name>copysign</name>
         <value>0x38e3</value>
         <object_component_ref idref="oc-486"/>
      </symbol>
      <symbol id="sm-930">
         <name>copysignl</name>
         <value>0x38e3</value>
         <object_component_ref idref="oc-486"/>
      </symbol>
      <symbol id="sm-95d">
         <name>SysTickEnable</name>
         <value>0x3971</value>
         <object_component_ref idref="oc-192"/>
      </symbol>
      <symbol id="sm-95e">
         <name>SysTickIntRegister</name>
         <value>0x3821</value>
         <object_component_ref idref="oc-186"/>
      </symbol>
      <symbol id="sm-95f">
         <name>SysTickIntEnable</name>
         <value>0x3985</value>
         <object_component_ref idref="oc-18c"/>
      </symbol>
      <symbol id="sm-960">
         <name>SysTickPeriodSet</name>
         <value>0x39fd</value>
         <object_component_ref idref="oc-180"/>
      </symbol>
      <symbol id="sm-993">
         <name>UARTConfigSetExpClk</name>
         <value>0x3309</value>
         <object_component_ref idref="oc-1d0"/>
      </symbol>
      <symbol id="sm-994">
         <name>UARTDisable</name>
         <value>0x37e1</value>
         <object_component_ref idref="oc-281"/>
      </symbol>
      <symbol id="sm-995">
         <name>UARTCharPut</name>
         <value>0x3a3d</value>
         <object_component_ref idref="oc-1d6"/>
      </symbol>
      <symbol id="sm-996">
         <name>UARTEnable</name>
         <value>0x3999</value>
         <object_component_ref idref="oc-287"/>
      </symbol>
      <symbol id="sm-997">
         <name>UARTCharGet</name>
         <value>0x3a33</value>
         <object_component_ref idref="oc-1dc"/>
      </symbol>
      <symbol id="sm-998">
         <name>__TI_static_base__</name>
         <value>0x0</value>
      </symbol>
      <symbol id="sm-99b">
         <name>__mpu_init</name>
         <value>0x0</value>
      </symbol>
      <symbol id="sm-99c">
         <name>_system_post_cinit</name>
         <value>0x0</value>
      </symbol>
      <symbol id="sm-99d">
         <name>remove</name>
         <value>0x373d</value>
      </symbol>
   </symbol_table>
   <title>Link successful</title>
</link_info>
