<?xml version="1.0" encoding="ISO-8859-1" ?>
<link_info>
   <banner>TI ARM Linker PC v18.12.4.LTS</banner>
   <copyright>Copyright (c) 1996-2018 Texas Instruments Incorporated</copyright>
   <link_time>0x606b77eb</link_time>
   <link_errors>0x0</link_errors>
   <output_file>Lab7.out</output_file>
   <entry_point>
      <name>_c_int00_noargs</name>
      <address>0x3fc5</address>
   </entry_point>
   <input_file_list>
      <input_file id="fl-2">
         <path>.\</path>
         <kind>object</kind>
         <file>lab7_main.obj</file>
         <name>lab7_main.obj</name>
      </input_file>
      <input_file id="fl-3">
         <path>.\</path>
         <kind>object</kind>
         <file>pwmbuzzer.obj</file>
         <name>pwmbuzzer.obj</name>
      </input_file>
      <input_file id="fl-4">
         <path>.\</path>
         <kind>object</kind>
         <file>pwmbuzzer_asm.obj</file>
         <name>pwmbuzzer_asm.obj</name>
      </input_file>
      <input_file id="fl-5">
         <path>.\</path>
         <kind>object</kind>
         <file>pwmbuzzer_asm_direct.obj</file>
         <name>pwmbuzzer_asm_direct.obj</name>
      </input_file>
      <input_file id="fl-6">
         <path>.\</path>
         <kind>object</kind>
         <file>pwmled.obj</file>
         <name>pwmled.obj</name>
      </input_file>
      <input_file id="fl-7">
         <path>.\</path>
         <kind>object</kind>
         <file>pwmled_asm.obj</file>
         <name>pwmled_asm.obj</name>
      </input_file>
      <input_file id="fl-8">
         <path>.\</path>
         <kind>object</kind>
         <file>ras.obj</file>
         <name>ras.obj</name>
      </input_file>
      <input_file id="fl-9">
         <path>.\</path>
         <kind>object</kind>
         <file>ras_asm.obj</file>
         <name>ras_asm.obj</name>
      </input_file>
      <input_file id="fl-a">
         <path>.\</path>
         <kind>object</kind>
         <file>tm4c123gh6pm_startup_ccs.obj</file>
         <name>tm4c123gh6pm_startup_ccs.obj</name>
      </input_file>
      <input_file id="fl-10">
         <kind>object</kind>
         <file>&lt;internal&gt;</file>
         <name>&lt;internal&gt;</name>
      </input_file>
      <input_file id="fl-c6">
         <path>C:\ti\ccs930\ccs\tools\compiler\ti-cgt-arm_18.12.4.LTS\lib\</path>
         <kind>archive</kind>
         <file>rtsv7M4_T_le_v4SPD16_eabi.lib</file>
         <name>s_sin.c.obj</name>
      </input_file>
      <input_file id="fl-c7">
         <path>C:\ti\ccs930\ccs\tools\compiler\ti-cgt-arm_18.12.4.LTS\lib\</path>
         <kind>archive</kind>
         <file>rtsv7M4_T_le_v4SPD16_eabi.lib</file>
         <name>fd_add_t2.asm.obj</name>
      </input_file>
      <input_file id="fl-c8">
         <path>C:\ti\ccs930\ccs\tools\compiler\ti-cgt-arm_18.12.4.LTS\lib\</path>
         <kind>archive</kind>
         <file>rtsv7M4_T_le_v4SPD16_eabi.lib</file>
         <name>fd_cmp_t2.asm.obj</name>
      </input_file>
      <input_file id="fl-c9">
         <path>C:\ti\ccs930\ccs\tools\compiler\ti-cgt-arm_18.12.4.LTS\lib\</path>
         <kind>archive</kind>
         <file>rtsv7M4_T_le_v4SPD16_eabi.lib</file>
         <name>fd_div_t2.asm.obj</name>
      </input_file>
      <input_file id="fl-ca">
         <path>C:\ti\ccs930\ccs\tools\compiler\ti-cgt-arm_18.12.4.LTS\lib\</path>
         <kind>archive</kind>
         <file>rtsv7M4_T_le_v4SPD16_eabi.lib</file>
         <name>fd_mul_t2.asm.obj</name>
      </input_file>
      <input_file id="fl-cb">
         <path>C:\ti\ccs930\ccs\tools\compiler\ti-cgt-arm_18.12.4.LTS\lib\</path>
         <kind>archive</kind>
         <file>rtsv7M4_T_le_v4SPD16_eabi.lib</file>
         <name>fd_toi_t2.asm.obj</name>
      </input_file>
      <input_file id="fl-cc">
         <path>C:\ti\ccs930\ccs\tools\compiler\ti-cgt-arm_18.12.4.LTS\lib\</path>
         <kind>archive</kind>
         <file>rtsv7M4_T_le_v4SPD16_eabi.lib</file>
         <name>i_tofd_t2.asm.obj</name>
      </input_file>
      <input_file id="fl-cd">
         <path>C:\ti\ccs930\ccs\tools\compiler\ti-cgt-arm_18.12.4.LTS\lib\</path>
         <kind>archive</kind>
         <file>rtsv7M4_T_le_v4SPD16_eabi.lib</file>
         <name>copy_zero_init.c.obj</name>
      </input_file>
      <input_file id="fl-ce">
         <path>C:\ti\ccs930\ccs\tools\compiler\ti-cgt-arm_18.12.4.LTS\lib\</path>
         <kind>archive</kind>
         <file>rtsv7M4_T_le_v4SPD16_eabi.lib</file>
         <name>copy_decompress_none.c.obj</name>
      </input_file>
      <input_file id="fl-cf">
         <path>C:\ti\ccs930\ccs\tools\compiler\ti-cgt-arm_18.12.4.LTS\lib\</path>
         <kind>archive</kind>
         <file>rtsv7M4_T_le_v4SPD16_eabi.lib</file>
         <name>copy_decompress_lzss.c.obj</name>
      </input_file>
      <input_file id="fl-d0">
         <path>C:\ti\ccs930\ccs\tools\compiler\ti-cgt-arm_18.12.4.LTS\lib\</path>
         <kind>archive</kind>
         <file>rtsv7M4_T_le_v4SPD16_eabi.lib</file>
         <name>k_rem_pio2.c.obj</name>
      </input_file>
      <input_file id="fl-d1">
         <path>C:\ti\ccs930\ccs\tools\compiler\ti-cgt-arm_18.12.4.LTS\lib\</path>
         <kind>archive</kind>
         <file>rtsv7M4_T_le_v4SPD16_eabi.lib</file>
         <name>boot_cortex_m.c.obj</name>
      </input_file>
      <input_file id="fl-d2">
         <path>C:\ti\ccs930\ccs\tools\compiler\ti-cgt-arm_18.12.4.LTS\lib\</path>
         <kind>archive</kind>
         <file>rtsv7M4_T_le_v4SPD16_eabi.lib</file>
         <name>k_cos.c.obj</name>
      </input_file>
      <input_file id="fl-d3">
         <path>C:\ti\ccs930\ccs\tools\compiler\ti-cgt-arm_18.12.4.LTS\lib\</path>
         <kind>archive</kind>
         <file>rtsv7M4_T_le_v4SPD16_eabi.lib</file>
         <name>k_sin.c.obj</name>
      </input_file>
      <input_file id="fl-d4">
         <path>C:\ti\ccs930\ccs\tools\compiler\ti-cgt-arm_18.12.4.LTS\lib\</path>
         <kind>archive</kind>
         <file>rtsv7M4_T_le_v4SPD16_eabi.lib</file>
         <name>s_floor.c.obj</name>
      </input_file>
      <input_file id="fl-d5">
         <path>C:\ti\ccs930\ccs\tools\compiler\ti-cgt-arm_18.12.4.LTS\lib\</path>
         <kind>archive</kind>
         <file>rtsv7M4_T_le_v4SPD16_eabi.lib</file>
         <name>s_scalbn.c.obj</name>
      </input_file>
      <input_file id="fl-d6">
         <path>C:\ti\ccs930\ccs\tools\compiler\ti-cgt-arm_18.12.4.LTS\lib\</path>
         <kind>archive</kind>
         <file>rtsv7M4_T_le_v4SPD16_eabi.lib</file>
         <name>memcpy_t2.asm.obj</name>
      </input_file>
      <input_file id="fl-d7">
         <path>C:\ti\ccs930\ccs\tools\compiler\ti-cgt-arm_18.12.4.LTS\lib\</path>
         <kind>archive</kind>
         <file>rtsv7M4_T_le_v4SPD16_eabi.lib</file>
         <name>memset_t2.asm.obj</name>
      </input_file>
      <input_file id="fl-d8">
         <path>C:\ti\ccs930\ccs\tools\compiler\ti-cgt-arm_18.12.4.LTS\lib\</path>
         <kind>archive</kind>
         <file>rtsv7M4_T_le_v4SPD16_eabi.lib</file>
         <name>autoinit.c.obj</name>
      </input_file>
      <input_file id="fl-d9">
         <path>C:\ti\ccs930\ccs\tools\compiler\ti-cgt-arm_18.12.4.LTS\lib\</path>
         <kind>archive</kind>
         <file>rtsv7M4_T_le_v4SPD16_eabi.lib</file>
         <name>pre_init.c.obj</name>
      </input_file>
      <input_file id="fl-da">
         <path>C:\ti\ccs930\ccs\tools\compiler\ti-cgt-arm_18.12.4.LTS\lib\</path>
         <kind>archive</kind>
         <file>rtsv7M4_T_le_v4SPD16_eabi.lib</file>
         <name>cpy_tbl.c.obj</name>
      </input_file>
      <input_file id="fl-db">
         <path>C:\ti\ccs930\ccs\tools\compiler\ti-cgt-arm_18.12.4.LTS\lib\</path>
         <kind>archive</kind>
         <file>rtsv7M4_T_le_v4SPD16_eabi.lib</file>
         <name>exit.c.obj</name>
      </input_file>
      <input_file id="fl-dc">
         <path>C:\ti\ccs930\ccs\tools\compiler\ti-cgt-arm_18.12.4.LTS\lib\</path>
         <kind>archive</kind>
         <file>rtsv7M4_T_le_v4SPD16_eabi.lib</file>
         <name>_lock.c.obj</name>
      </input_file>
      <input_file id="fl-dd">
         <path>C:\ti\ccs930\ccs\tools\compiler\ti-cgt-arm_18.12.4.LTS\lib\</path>
         <kind>archive</kind>
         <file>rtsv7M4_T_le_v4SPD16_eabi.lib</file>
         <name>args_main.c.obj</name>
      </input_file>
      <input_file id="fl-de">
         <path>C:\ti\ccs930\ccs\tools\compiler\ti-cgt-arm_18.12.4.LTS\lib\</path>
         <kind>archive</kind>
         <file>rtsv7M4_T_le_v4SPD16_eabi.lib</file>
         <name>errno.c.obj</name>
      </input_file>
      <input_file id="fl-df">
         <path>C:\ti\ccs930\ccs\tools\compiler\ti-cgt-arm_18.12.4.LTS\lib\</path>
         <kind>archive</kind>
         <file>rtsv7M4_T_le_v4SPD16_eabi.lib</file>
         <name>s_copysign.c.obj</name>
      </input_file>
      <input_file id="fl-e0">
         <path>C:\ti\TivaWare_C_Series-2.2.0.295\driverlib\ccs\Debug\</path>
         <kind>archive</kind>
         <file>driverlib.lib</file>
         <name>adc.obj</name>
      </input_file>
      <input_file id="fl-e1">
         <path>C:\ti\TivaWare_C_Series-2.2.0.295\driverlib\ccs\Debug\</path>
         <kind>archive</kind>
         <file>driverlib.lib</file>
         <name>gpio.obj</name>
      </input_file>
      <input_file id="fl-e2">
         <path>C:\ti\TivaWare_C_Series-2.2.0.295\driverlib\ccs\Debug\</path>
         <kind>archive</kind>
         <file>driverlib.lib</file>
         <name>interrupt.obj</name>
      </input_file>
      <input_file id="fl-e3">
         <path>C:\ti\TivaWare_C_Series-2.2.0.295\driverlib\ccs\Debug\</path>
         <kind>archive</kind>
         <file>driverlib.lib</file>
         <name>sysctl.obj</name>
      </input_file>
      <input_file id="fl-e4">
         <path>C:\ti\TivaWare_C_Series-2.2.0.295\driverlib\ccs\Debug\</path>
         <kind>archive</kind>
         <file>driverlib.lib</file>
         <name>timer.obj</name>
      </input_file>
      <input_file id="fl-e5">
         <path>C:\ti\TivaWare_C_Series-2.2.0.295\driverlib\ccs\Debug\</path>
         <kind>archive</kind>
         <file>driverlib.lib</file>
         <name>cpu.obj</name>
      </input_file>
      <input_file id="fl-e6">
         <path>C:\Users\perth\OneDrive\Desktop\College Stuff\4. ECE 266\LabGroupA1\Util\Debug\</path>
         <kind>archive</kind>
         <file>Util.lib</file>
         <name>launchpad.obj</name>
      </input_file>
      <input_file id="fl-e7">
         <path>C:\Users\perth\OneDrive\Desktop\College Stuff\4. ECE 266\LabGroupA1\Util\Debug\</path>
         <kind>archive</kind>
         <file>Util.lib</file>
         <name>led.obj</name>
      </input_file>
      <input_file id="fl-e8">
         <path>C:\Users\perth\OneDrive\Desktop\College Stuff\4. ECE 266\LabGroupA1\Util\Debug\</path>
         <kind>archive</kind>
         <file>Util.lib</file>
         <name>pushbutton.obj</name>
      </input_file>
      <input_file id="fl-e9">
         <path>C:\Users\perth\OneDrive\Desktop\College Stuff\4. ECE 266\LabGroupA1\Util\Debug\</path>
         <kind>archive</kind>
         <file>Util.lib</file>
         <name>uart.obj</name>
      </input_file>
      <input_file id="fl-ea">
         <path>C:\ti\ccs930\ccs\tools\compiler\ti-cgt-arm_18.12.4.LTS\lib\</path>
         <kind>archive</kind>
         <file>rtsv7M4_T_le_v4SPD16_eabi.lib</file>
         <name>vsnprintf.c.obj</name>
      </input_file>
      <input_file id="fl-eb">
         <path>C:\ti\ccs930\ccs\tools\compiler\ti-cgt-arm_18.12.4.LTS\lib\</path>
         <kind>archive</kind>
         <file>rtsv7M4_T_le_v4SPD16_eabi.lib</file>
         <name>ull_div_t2.asm.obj</name>
      </input_file>
      <input_file id="fl-ec">
         <path>C:\ti\ccs930\ccs\tools\compiler\ti-cgt-arm_18.12.4.LTS\lib\</path>
         <kind>archive</kind>
         <file>rtsv7M4_T_le_v4SPD16_eabi.lib</file>
         <name>_printfi.c.obj</name>
      </input_file>
      <input_file id="fl-ed">
         <path>C:\ti\ccs930\ccs\tools\compiler\ti-cgt-arm_18.12.4.LTS\lib\</path>
         <kind>archive</kind>
         <file>rtsv7M4_T_le_v4SPD16_eabi.lib</file>
         <name>div0.asm.obj</name>
      </input_file>
      <input_file id="fl-ee">
         <path>C:\ti\ccs930\ccs\tools\compiler\ti-cgt-arm_18.12.4.LTS\lib\</path>
         <kind>archive</kind>
         <file>rtsv7M4_T_le_v4SPD16_eabi.lib</file>
         <name>atoi.c.obj</name>
      </input_file>
      <input_file id="fl-ef">
         <path>C:\ti\ccs930\ccs\tools\compiler\ti-cgt-arm_18.12.4.LTS\lib\</path>
         <kind>archive</kind>
         <file>rtsv7M4_T_le_v4SPD16_eabi.lib</file>
         <name>ctype.c.obj</name>
      </input_file>
      <input_file id="fl-f0">
         <path>C:\ti\ccs930\ccs\tools\compiler\ti-cgt-arm_18.12.4.LTS\lib\</path>
         <kind>archive</kind>
         <file>rtsv7M4_T_le_v4SPD16_eabi.lib</file>
         <name>ltoa.c.obj</name>
      </input_file>
      <input_file id="fl-f1">
         <path>C:\ti\ccs930\ccs\tools\compiler\ti-cgt-arm_18.12.4.LTS\lib\</path>
         <kind>archive</kind>
         <file>rtsv7M4_T_le_v4SPD16_eabi.lib</file>
         <name>memccpy.c.obj</name>
      </input_file>
      <input_file id="fl-f2">
         <path>C:\ti\ccs930\ccs\tools\compiler\ti-cgt-arm_18.12.4.LTS\lib\</path>
         <kind>archive</kind>
         <file>rtsv7M4_T_le_v4SPD16_eabi.lib</file>
         <name>strchr.c.obj</name>
      </input_file>
      <input_file id="fl-f3">
         <path>C:\ti\ccs930\ccs\tools\compiler\ti-cgt-arm_18.12.4.LTS\lib\</path>
         <kind>archive</kind>
         <file>rtsv7M4_T_le_v4SPD16_eabi.lib</file>
         <name>strlen.c.obj</name>
      </input_file>
      <input_file id="fl-f4">
         <path>C:\ti\ccs930\ccs\tools\compiler\ti-cgt-arm_18.12.4.LTS\lib\</path>
         <kind>archive</kind>
         <file>rtsv7M4_T_le_v4SPD16_eabi.lib</file>
         <name>wcslen.c.obj</name>
      </input_file>
      <input_file id="fl-f5">
         <path>C:\ti\ccs930\ccs\tools\compiler\ti-cgt-arm_18.12.4.LTS\lib\</path>
         <kind>archive</kind>
         <file>rtsv7M4_T_le_v4SPD16_eabi.lib</file>
         <name>s_frexp.c.obj</name>
      </input_file>
      <input_file id="fl-f6">
         <path>C:\ti\TivaWare_C_Series-2.2.0.295\driverlib\ccs\Debug\</path>
         <kind>archive</kind>
         <file>driverlib.lib</file>
         <name>systick.obj</name>
      </input_file>
      <input_file id="fl-f7">
         <path>C:\ti\TivaWare_C_Series-2.2.0.295\driverlib\ccs\Debug\</path>
         <kind>archive</kind>
         <file>driverlib.lib</file>
         <name>uart.obj</name>
      </input_file>
   </input_file_list>
   <object_component_list>
      <object_component id="oc-f">
         <name>.intvecs</name>
         <load_address>0x0</load_address>
         <run_address>0x0</run_address>
         <size>0x26c</size>
         <input_file_ref idref="fl-a"/>
      </object_component>
      <object_component id="oc-34d">
         <name>.text:__TI_printfi</name>
         <load_address>0x26c</load_address>
         <run_address>0x26c</run_address>
         <size>0xa4e</size>
         <input_file_ref idref="fl-ec"/>
      </object_component>
      <object_component id="oc-29e">
         <name>.text</name>
         <load_address>0xcba</load_address>
         <run_address>0xcba</run_address>
         <size>0x2</size>
         <input_file_ref idref="fl-ed"/>
      </object_component>
      <object_component id="oc-163">
         <name>.text:__kernel_rem_pio2</name>
         <load_address>0xcbc</load_address>
         <run_address>0xcbc</run_address>
         <size>0x738</size>
         <input_file_ref idref="fl-d0"/>
      </object_component>
      <object_component id="oc-d4">
         <name>.text:sin</name>
         <load_address>0x13f4</load_address>
         <run_address>0x13f4</run_address>
         <size>0x5c4</size>
         <input_file_ref idref="fl-c6"/>
      </object_component>
      <object_component id="oc-e4">
         <name>.text</name>
         <load_address>0x19b8</load_address>
         <run_address>0x19b8</run_address>
         <size>0x3d0</size>
         <input_file_ref idref="fl-e6"/>
      </object_component>
      <object_component id="oc-3d8">
         <name>.text:_pconv_a</name>
         <load_address>0x1d88</load_address>
         <run_address>0x1d88</run_address>
         <size>0x270</size>
         <input_file_ref idref="fl-ec"/>
      </object_component>
      <object_component id="oc-98">
         <name>.text</name>
         <load_address>0x1ff8</load_address>
         <run_address>0x1ff8</run_address>
         <size>0x25c</size>
         <input_file_ref idref="fl-2"/>
      </object_component>
      <object_component id="oc-3c6">
         <name>.text:_pconv_g</name>
         <load_address>0x2254</load_address>
         <run_address>0x2254</run_address>
         <size>0x1d0</size>
         <input_file_ref idref="fl-ec"/>
      </object_component>
      <object_component id="oc-159">
         <name>.text</name>
         <load_address>0x2424</load_address>
         <run_address>0x2424</run_address>
         <size>0x1b6</size>
         <input_file_ref idref="fl-c7"/>
      </object_component>
      <object_component id="oc-153">
         <name>.text:__kernel_sin</name>
         <load_address>0x25dc</load_address>
         <run_address>0x25dc</run_address>
         <size>0x174</size>
         <input_file_ref idref="fl-d3"/>
      </object_component>
      <object_component id="oc-2bb">
         <name>.text:GPIOPadConfigSet</name>
         <load_address>0x2750</load_address>
         <run_address>0x2750</run_address>
         <size>0x16c</size>
         <input_file_ref idref="fl-e1"/>
      </object_component>
      <object_component id="oc-169">
         <name>.text:__kernel_cos</name>
         <load_address>0x28bc</load_address>
         <run_address>0x28bc</run_address>
         <size>0x16c</size>
         <input_file_ref idref="fl-d2"/>
      </object_component>
      <object_component id="oc-3d2">
         <name>.text:_pconv_e</name>
         <load_address>0x2a28</load_address>
         <run_address>0x2a28</run_address>
         <size>0x13c</size>
         <input_file_ref idref="fl-ec"/>
      </object_component>
      <object_component id="oc-ca">
         <name>.text</name>
         <load_address>0x2b64</load_address>
         <run_address>0x2b64</run_address>
         <size>0x136</size>
         <input_file_ref idref="fl-c9"/>
      </object_component>
      <object_component id="oc-41d">
         <name>.text:fcvt</name>
         <load_address>0x2c9c</load_address>
         <run_address>0x2c9c</run_address>
         <size>0x124</size>
         <input_file_ref idref="fl-ec"/>
      </object_component>
      <object_component id="oc-19c">
         <name>.text:SysCtlClockGet</name>
         <load_address>0x2dc0</load_address>
         <run_address>0x2dc0</run_address>
         <size>0x118</size>
         <input_file_ref idref="fl-e3"/>
      </object_component>
      <object_component id="oc-24d">
         <name>.text:scalbn</name>
         <load_address>0x2ed8</load_address>
         <run_address>0x2ed8</run_address>
         <size>0x110</size>
         <input_file_ref idref="fl-d5"/>
      </object_component>
      <object_component id="oc-cf">
         <name>.text</name>
         <load_address>0x2fe8</load_address>
         <run_address>0x2fe8</run_address>
         <size>0xfc</size>
         <input_file_ref idref="fl-ca"/>
      </object_component>
      <object_component id="oc-253">
         <name>.text:floor</name>
         <load_address>0x30e4</load_address>
         <run_address>0x30e4</run_address>
         <size>0xf8</size>
         <input_file_ref idref="fl-d4"/>
      </object_component>
      <object_component id="oc-196">
         <name>.text:SysCtlClockSet</name>
         <load_address>0x31dc</load_address>
         <run_address>0x31dc</run_address>
         <size>0xf4</size>
         <input_file_ref idref="fl-e3"/>
      </object_component>
      <object_component id="oc-184">
         <name>.text</name>
         <load_address>0x32d0</load_address>
         <run_address>0x32d0</run_address>
         <size>0xc4</size>
         <input_file_ref idref="fl-e9"/>
      </object_component>
      <object_component id="oc-3c0">
         <name>.text:_ltostr</name>
         <load_address>0x3394</load_address>
         <run_address>0x3394</run_address>
         <size>0xb1</size>
         <input_file_ref idref="fl-ec"/>
      </object_component>
      <object_component id="oc-1c0">
         <name>.text</name>
         <load_address>0x3448</load_address>
         <run_address>0x3448</run_address>
         <size>0x9c</size>
         <input_file_ref idref="fl-e7"/>
      </object_component>
      <object_component id="oc-38">
         <name>.text</name>
         <load_address>0x34e4</load_address>
         <run_address>0x34e4</run_address>
         <size>0x9c</size>
         <input_file_ref idref="fl-d6"/>
      </object_component>
      <object_component id="oc-190">
         <name>.text</name>
         <load_address>0x3580</load_address>
         <run_address>0x3580</run_address>
         <size>0x96</size>
         <input_file_ref idref="fl-eb"/>
      </object_component>
      <object_component id="oc-f4">
         <name>.text</name>
         <load_address>0x3618</load_address>
         <run_address>0x3618</run_address>
         <size>0x90</size>
         <input_file_ref idref="fl-6"/>
      </object_component>
      <object_component id="oc-1ba">
         <name>.text</name>
         <load_address>0x36a8</load_address>
         <run_address>0x36a8</run_address>
         <size>0x8c</size>
         <input_file_ref idref="fl-e8"/>
      </object_component>
      <object_component id="oc-15e">
         <name>.text:__aeabi_cdcmple</name>
         <load_address>0x3734</load_address>
         <run_address>0x3734</run_address>
         <size>0x86</size>
         <input_file_ref idref="fl-c8"/>
      </object_component>
      <object_component id="oc-259">
         <name>.text:__aeabi_cdrcmple</name>
         <load_address>0x37ba</load_address>
         <run_address>0x37ba</run_address>
         <size>0x86</size>
         <input_file_ref idref="fl-c8"/>
      </object_component>
      <object_component id="oc-210">
         <name>.text:ADCSequenceStepConfigure</name>
         <load_address>0x3840</load_address>
         <run_address>0x3840</run_address>
         <size>0x7a</size>
         <input_file_ref idref="fl-e0"/>
      </object_component>
      <object_component id="oc-8c">
         <name>.text</name>
         <load_address>0x38ba</load_address>
         <run_address>0x38ba</run_address>
         <size>0x7a</size>
         <input_file_ref idref="fl-d7"/>
      </object_component>
      <object_component id="oc-df">
         <name>.text</name>
         <load_address>0x3934</load_address>
         <run_address>0x3934</run_address>
         <size>0x72</size>
         <input_file_ref idref="fl-7"/>
      </object_component>
      <object_component id="oc-416">
         <name>.text:_mcpy</name>
         <load_address>0x39a6</load_address>
         <run_address>0x39a6</run_address>
         <size>0x6e</size>
         <input_file_ref idref="fl-ec"/>
      </object_component>
      <object_component id="oc-12">
         <name>.text:decompress:lzss:__TI_decompress_lzss</name>
         <load_address>0x3a14</load_address>
         <run_address>0x3a14</run_address>
         <size>0x68</size>
         <input_file_ref idref="fl-cf"/>
      </object_component>
      <object_component id="oc-42b">
         <name>.text:frexp</name>
         <load_address>0x3a7c</load_address>
         <run_address>0x3a7c</run_address>
         <size>0x64</size>
         <input_file_ref idref="fl-f5"/>
      </object_component>
      <object_component id="oc-1f7">
         <name>.text:TimerConfigure</name>
         <load_address>0x3ae0</load_address>
         <run_address>0x3ae0</run_address>
         <size>0x60</size>
         <input_file_ref idref="fl-e4"/>
      </object_component>
      <object_component id="oc-3cc">
         <name>.text:_pconv_f</name>
         <load_address>0x3b40</load_address>
         <run_address>0x3b40</run_address>
         <size>0x56</size>
         <input_file_ref idref="fl-ec"/>
      </object_component>
      <object_component id="oc-40a">
         <name>.text:ltoa</name>
         <load_address>0x3b96</load_address>
         <run_address>0x3b96</run_address>
         <size>0x54</size>
         <input_file_ref idref="fl-f0"/>
      </object_component>
      <object_component id="oc-100">
         <name>.text</name>
         <load_address>0x3bec</load_address>
         <run_address>0x3bec</run_address>
         <size>0x54</size>
         <input_file_ref idref="fl-3"/>
      </object_component>
      <object_component id="oc-410">
         <name>.text:_ecpy</name>
         <load_address>0x3c40</load_address>
         <run_address>0x3c40</run_address>
         <size>0x52</size>
         <input_file_ref idref="fl-ec"/>
      </object_component>
      <object_component id="oc-20a">
         <name>.text:ADCSequenceConfigure</name>
         <load_address>0x3c92</load_address>
         <run_address>0x3c92</run_address>
         <size>0x4e</size>
         <input_file_ref idref="fl-e0"/>
      </object_component>
      <object_component id="oc-ef">
         <name>.text</name>
         <load_address>0x3ce0</load_address>
         <run_address>0x3ce0</run_address>
         <size>0x4e</size>
         <input_file_ref idref="fl-9"/>
      </object_component>
      <object_component id="oc-1f1">
         <name>.text:GPIOPinConfigure</name>
         <load_address>0x3d30</load_address>
         <run_address>0x3d30</run_address>
         <size>0x4c</size>
         <input_file_ref idref="fl-e1"/>
      </object_component>
      <object_component id="oc-3ba">
         <name>.text:atoi</name>
         <load_address>0x3d7c</load_address>
         <run_address>0x3d7c</run_address>
         <size>0x4c</size>
         <input_file_ref idref="fl-ee"/>
      </object_component>
      <object_component id="oc-da">
         <name>.text</name>
         <load_address>0x3dc8</load_address>
         <run_address>0x3dc8</run_address>
         <size>0x48</size>
         <input_file_ref idref="fl-cb"/>
      </object_component>
      <object_component id="oc-27b">
         <name>.text:UARTConfigSetExpClk</name>
         <load_address>0x3e10</load_address>
         <run_address>0x3e10</run_address>
         <size>0x46</size>
         <input_file_ref idref="fl-f7"/>
      </object_component>
      <object_component id="oc-11c">
         <name>.text:__TI_auto_init_nobinit_nopinit:__TI_auto_init_nobinit_nopinit</name>
         <load_address>0x3e58</load_address>
         <run_address>0x3e58</run_address>
         <size>0x44</size>
         <input_file_ref idref="fl-d8"/>
      </object_component>
      <object_component id="oc-fa">
         <name>.text</name>
         <load_address>0x3e9c</load_address>
         <run_address>0x3e9c</run_address>
         <size>0x40</size>
         <input_file_ref idref="fl-8"/>
      </object_component>
      <object_component id="oc-28d">
         <name>.text:vsnprintf</name>
         <load_address>0x3edc</load_address>
         <run_address>0x3edc</run_address>
         <size>0x40</size>
         <input_file_ref idref="fl-ea"/>
      </object_component>
      <object_component id="oc-423">
         <name>.text:_fcpy</name>
         <load_address>0x3f1c</load_address>
         <run_address>0x3f1c</run_address>
         <size>0x3e</size>
         <input_file_ref idref="fl-ec"/>
      </object_component>
      <object_component id="oc-2ac">
         <name>.text:IntRegister</name>
         <load_address>0x3f5c</load_address>
         <run_address>0x3f5c</run_address>
         <size>0x34</size>
         <input_file_ref idref="fl-e2"/>
      </object_component>
      <object_component id="oc-1cc">
         <name>.text:SysCtlPeripheralEnable</name>
         <load_address>0x3f90</load_address>
         <run_address>0x3f90</run_address>
         <size>0x34</size>
         <input_file_ref idref="fl-e3"/>
      </object_component>
      <object_component id="oc-56">
         <name>.text:_c_int00_noargs:_c_int00_noargs</name>
         <load_address>0x3fc4</load_address>
         <run_address>0x3fc4</run_address>
         <size>0x34</size>
         <input_file_ref idref="fl-d1"/>
      </object_component>
      <object_component id="oc-353">
         <name>.text:_outs</name>
         <load_address>0x3ff8</load_address>
         <run_address>0x3ff8</run_address>
         <size>0x30</size>
         <input_file_ref idref="fl-ea"/>
      </object_component>
      <object_component id="oc-1d8">
         <name>.text:ADCIntStatus</name>
         <load_address>0x4028</load_address>
         <run_address>0x4028</run_address>
         <size>0x2e</size>
         <input_file_ref idref="fl-e0"/>
      </object_component>
      <object_component id="oc-ea">
         <name>.text</name>
         <load_address>0x4058</load_address>
         <run_address>0x4058</run_address>
         <size>0x2e</size>
         <input_file_ref idref="fl-4"/>
      </object_component>
      <object_component id="oc-c5">
         <name>.text</name>
         <load_address>0x4086</load_address>
         <run_address>0x4086</run_address>
         <size>0x2e</size>
         <input_file_ref idref="fl-cc"/>
      </object_component>
      <object_component id="oc-2e9">
         <name>.text:GPIODirModeSet</name>
         <load_address>0x40b4</load_address>
         <run_address>0x40b4</run_address>
         <size>0x2c</size>
         <input_file_ref idref="fl-e1"/>
      </object_component>
      <object_component id="oc-33d">
         <name>.text:UARTDisable</name>
         <load_address>0x40e0</load_address>
         <run_address>0x40e0</run_address>
         <size>0x20</size>
         <input_file_ref idref="fl-f7"/>
      </object_component>
      <object_component id="oc-1de">
         <name>.text:ADCSequenceDataGet</name>
         <load_address>0x4100</load_address>
         <run_address>0x4100</run_address>
         <size>0x1e</size>
         <input_file_ref idref="fl-e0"/>
      </object_component>
      <object_component id="oc-1a8">
         <name>.text:SysTickIntRegister</name>
         <load_address>0x4120</load_address>
         <run_address>0x4120</run_address>
         <size>0x1c</size>
         <input_file_ref idref="fl-f6"/>
      </object_component>
      <object_component id="oc-44">
         <name>.text:decompress:ZI:__TI_zero_init_nomemset:__TI_zero_init_nomemset</name>
         <load_address>0x413c</load_address>
         <run_address>0x413c</run_address>
         <size>0x1c</size>
         <input_file_ref idref="fl-cd"/>
      </object_component>
      <object_component id="oc-3de">
         <name>.text:memccpy</name>
         <load_address>0x4158</load_address>
         <run_address>0x4158</run_address>
         <size>0x1c</size>
         <input_file_ref idref="fl-f1"/>
      </object_component>
      <object_component id="oc-2cb">
         <name>.text:GPIOPinTypeGPIOOutput</name>
         <load_address>0x4174</load_address>
         <run_address>0x4174</run_address>
         <size>0x1a</size>
         <input_file_ref idref="fl-e1"/>
      </object_component>
      <object_component id="oc-324">
         <name>.text:copysign</name>
         <load_address>0x418e</load_address>
         <run_address>0x418e</run_address>
         <size>0x1a</size>
         <input_file_ref idref="fl-df"/>
      </object_component>
      <object_component id="oc-1d2">
         <name>.text:ADCProcessorTrigger</name>
         <load_address>0x41a8</load_address>
         <run_address>0x41a8</run_address>
         <size>0x18</size>
         <input_file_ref idref="fl-e0"/>
      </object_component>
      <object_component id="oc-1fd">
         <name>.text:TimerControlLevel</name>
         <load_address>0x41c0</load_address>
         <run_address>0x41c0</run_address>
         <size>0x18</size>
         <input_file_ref idref="fl-e4"/>
      </object_component>
      <object_component id="oc-359">
         <name>.text:_outc</name>
         <load_address>0x41d8</load_address>
         <run_address>0x41d8</run_address>
         <size>0x18</size>
         <input_file_ref idref="fl-ea"/>
      </object_component>
      <object_component id="oc-2b5">
         <name>.text:GPIOPinTypeGPIOInput</name>
         <load_address>0x41f0</load_address>
         <run_address>0x41f0</run_address>
         <size>0x16</size>
         <input_file_ref idref="fl-e1"/>
      </object_component>
      <object_component id="oc-1eb">
         <name>.text:GPIOPinTypeTimer</name>
         <load_address>0x4206</load_address>
         <run_address>0x4206</run_address>
         <size>0x16</size>
         <input_file_ref idref="fl-e1"/>
      </object_component>
      <object_component id="oc-275">
         <name>.text:GPIOPinTypeUART</name>
         <load_address>0x421c</load_address>
         <run_address>0x421c</run_address>
         <size>0x16</size>
         <input_file_ref idref="fl-e1"/>
      </object_component>
      <object_component id="oc-431">
         <name>.text:strchr</name>
         <load_address>0x4232</load_address>
         <run_address>0x4232</run_address>
         <size>0x16</size>
         <input_file_ref idref="fl-f2"/>
      </object_component>
      <object_component id="oc-1b4">
         <name>.text:SysTickEnable</name>
         <load_address>0x4248</load_address>
         <run_address>0x4248</run_address>
         <size>0x14</size>
         <input_file_ref idref="fl-f6"/>
      </object_component>
      <object_component id="oc-1ae">
         <name>.text:SysTickIntEnable</name>
         <load_address>0x425c</load_address>
         <run_address>0x425c</run_address>
         <size>0x14</size>
         <input_file_ref idref="fl-f6"/>
      </object_component>
      <object_component id="oc-343">
         <name>.text:UARTEnable</name>
         <load_address>0x4270</load_address>
         <run_address>0x4270</run_address>
         <size>0x14</size>
         <input_file_ref idref="fl-f7"/>
      </object_component>
      <object_component id="oc-3b4">
         <name>.text:strlen</name>
         <load_address>0x4284</load_address>
         <run_address>0x4284</run_address>
         <size>0x14</size>
         <input_file_ref idref="fl-f3"/>
      </object_component>
      <object_component id="oc-177">
         <name>.text:TimerLoadSet</name>
         <load_address>0x4298</load_address>
         <run_address>0x4298</run_address>
         <size>0x12</size>
         <input_file_ref idref="fl-e4"/>
      </object_component>
      <object_component id="oc-17d">
         <name>.text:TimerMatchSet</name>
         <load_address>0x42aa</load_address>
         <run_address>0x42aa</run_address>
         <size>0x12</size>
         <input_file_ref idref="fl-e4"/>
      </object_component>
      <object_component id="oc-3e4">
         <name>.text:wcslen</name>
         <load_address>0x42bc</load_address>
         <run_address>0x42bc</run_address>
         <size>0x12</size>
         <input_file_ref idref="fl-f4"/>
      </object_component>
      <object_component id="oc-1a2">
         <name>.text:SysTickPeriodSet</name>
         <load_address>0x42d0</load_address>
         <run_address>0x42d0</run_address>
         <size>0x10</size>
         <input_file_ref idref="fl-f6"/>
      </object_component>
      <object_component id="oc-216">
         <name>.text:ADCSequenceEnable</name>
         <load_address>0x42e0</load_address>
         <run_address>0x42e0</run_address>
         <size>0xe</size>
         <input_file_ref idref="fl-e0"/>
      </object_component>
      <object_component id="oc-203">
         <name>.text:TimerEnable</name>
         <load_address>0x42ee</load_address>
         <run_address>0x42ee</run_address>
         <size>0xe</size>
         <input_file_ref idref="fl-e4"/>
      </object_component>
      <object_component id="oc-18">
         <name>.text:decompress:none:__TI_decompress_none</name>
         <load_address>0x42fc</load_address>
         <run_address>0x42fc</run_address>
         <size>0xe</size>
         <input_file_ref idref="fl-ce"/>
      </object_component>
      <object_component id="oc-24">
         <name>.text</name>
         <load_address>0x430a</load_address>
         <run_address>0x430a</run_address>
         <size>0xc</size>
         <input_file_ref idref="fl-a"/>
      </object_component>
      <object_component id="oc-1e4">
         <name>.text:ADCIntClear</name>
         <load_address>0x4316</load_address>
         <run_address>0x4316</run_address>
         <size>0xa</size>
         <input_file_ref idref="fl-e0"/>
      </object_component>
      <object_component id="oc-287">
         <name>.text:UARTCharGet</name>
         <load_address>0x4320</load_address>
         <run_address>0x4320</run_address>
         <size>0xa</size>
         <input_file_ref idref="fl-f7"/>
      </object_component>
      <object_component id="oc-281">
         <name>.text:UARTCharPut</name>
         <load_address>0x432a</load_address>
         <run_address>0x432a</run_address>
         <size>0xa</size>
         <input_file_ref idref="fl-f7"/>
      </object_component>
      <object_component id="oc-31e">
         <name>.text:__aeabi_errno_addr</name>
         <load_address>0x4334</load_address>
         <run_address>0x4334</run_address>
         <size>0x8</size>
         <input_file_ref idref="fl-de"/>
      </object_component>
      <object_component id="oc-2c1">
         <name>.text:GPIOPinRead</name>
         <load_address>0x433c</load_address>
         <run_address>0x433c</run_address>
         <size>0x6</size>
         <input_file_ref idref="fl-e1"/>
      </object_component>
      <object_component id="oc-2d1">
         <name>.text:GPIOPinWrite</name>
         <load_address>0x4342</load_address>
         <run_address>0x4342</run_address>
         <size>0x6</size>
         <input_file_ref idref="fl-e1"/>
      </object_component>
      <object_component id="oc-195">
         <name>.text:SysCtlDelay</name>
         <load_address>0x4348</load_address>
         <run_address>0x4348</run_address>
         <size>0x6</size>
         <input_file_ref idref="fl-e3"/>
      </object_component>
      <object_component id="oc-92">
         <name>.text:_system_pre_init</name>
         <load_address>0x434e</load_address>
         <run_address>0x434e</run_address>
         <size>0x4</size>
         <input_file_ref idref="fl-d9"/>
      </object_component>
      <object_component id="oc-110">
         <name>.text:abort:abort</name>
         <load_address>0x4352</load_address>
         <run_address>0x4352</run_address>
         <size>0x4</size>
         <input_file_ref idref="fl-db"/>
      </object_component>
      <object_component id="oc-25e">
         <name>.const:$O1$$</name>
         <load_address>0x4358</load_address>
         <run_address>0x4358</run_address>
         <size>0x158</size>
         <input_file_ref idref="fl-d0"/>
      </object_component>
      <object_component id="oc-404">
         <name>.const:.string:_ctypes_</name>
         <load_address>0x44b0</load_address>
         <run_address>0x44b0</run_address>
         <size>0x101</size>
         <input_file_ref idref="fl-ef"/>
      </object_component>
      <object_component id="oc-2f1">
         <name>.const:g_pui32GPIOBaseAddrs</name>
         <load_address>0x45b4</load_address>
         <run_address>0x45b4</run_address>
         <size>0x90</size>
         <input_file_ref idref="fl-e1"/>
      </object_component>
      <object_component id="oc-2a6">
         <name>.const:g_pui32Xtals</name>
         <load_address>0x4644</load_address>
         <run_address>0x4644</run_address>
         <size>0x6c</size>
         <input_file_ref idref="fl-e3"/>
      </object_component>
      <object_component id="oc-49e">
         <name>.cinit..data.load</name>
         <load_address>0x46b0</load_address>
         <run_address>0x46b0</run_address>
         <size>0x17</size>
      </object_component>
      <object_component id="oc-49b">
         <name>__TI_handler_table</name>
         <load_address>0x46c8</load_address>
         <run_address>0x46c8</run_address>
         <size>0xc</size>
      </object_component>
      <object_component id="oc-49f">
         <name>.cinit..bss.load</name>
         <load_address>0x46d8</load_address>
         <run_address>0x46d8</run_address>
         <size>0x8</size>
      </object_component>
      <object_component id="oc-49d">
         <name>.cinit..vtable.load</name>
         <load_address>0x46e0</load_address>
         <run_address>0x46e0</run_address>
         <size>0x8</size>
      </object_component>
      <object_component id="oc-49c">
         <name>__TI_cinit_table</name>
         <load_address>0x46e8</load_address>
         <run_address>0x46e8</run_address>
         <size>0x18</size>
      </object_component>
      <object_component id="oc-382">
         <name>.vtable</name>
         <uninitialized>true</uninitialized>
         <run_address>0x20000000</run_address>
         <size>0x26c</size>
         <input_file_ref idref="fl-e2"/>
      </object_component>
      <object_component id="oc-106">
         <name>.data</name>
         <load_address>0x2000078c</load_address>
         <run_address>0x2000078c</run_address>
         <size>0x4</size>
         <input_file_ref idref="fl-2"/>
      </object_component>
      <object_component id="oc-109">
         <name>.data:led</name>
         <load_address>0x20000784</load_address>
         <run_address>0x20000784</run_address>
         <size>0x8</size>
         <input_file_ref idref="fl-2"/>
      </object_component>
      <object_component id="oc-10c">
         <name>.data:buzz</name>
         <load_address>0x2000077c</load_address>
         <run_address>0x2000077c</run_address>
         <size>0x8</size>
         <input_file_ref idref="fl-2"/>
      </object_component>
      <object_component id="oc-3a6">
         <name>.data</name>
         <load_address>0x20000790</load_address>
         <run_address>0x20000790</run_address>
         <size>0x4</size>
         <input_file_ref idref="fl-de"/>
      </object_component>
      <object_component id="oc-18a">
         <name>.data</name>
         <load_address>0x20000774</load_address>
         <run_address>0x20000774</run_address>
         <size>0x8</size>
         <input_file_ref idref="fl-e6"/>
      </object_component>
      <object_component id="oc-2d7">
         <name>.data</name>
         <load_address>0x20000794</load_address>
         <run_address>0x20000794</run_address>
         <size>0x1</size>
         <input_file_ref idref="fl-e7"/>
      </object_component>
      <object_component id="oc-2c7">
         <name>.data</name>
         <load_address>0x20000795</load_address>
         <run_address>0x20000795</run_address>
         <size>0x1</size>
         <input_file_ref idref="fl-e8"/>
      </object_component>
      <object_component id="oc-1c6">
         <name>.bss</name>
         <uninitialized>true</uninitialized>
         <run_address>0x20000770</run_address>
         <size>0x4</size>
         <input_file_ref idref="fl-e6"/>
      </object_component>
      <object_component id="oc-18d">
         <name>.bss:callbackHeap</name>
         <uninitialized>true</uninitialized>
         <run_address>0x20000670</run_address>
         <size>0x100</size>
         <input_file_ref idref="fl-e6"/>
      </object_component>
      <object_component id="oc-21">
         <name>.stack</name>
         <uninitialized>true</uninitialized>
         <run_address>0x20000270</run_address>
         <size>0x4</size>
         <input_file_ref idref="fl-d1"/>
      </object_component>
      <object_component id="oc-4a0">
         <name>.stack</name>
         <uninitialized>true</uninitialized>
         <run_address>0x20000270</run_address>
         <size>0x0</size>
      </object_component>
      <object_component id="oc-b4">
         <name>.debug_info</name>
         <load_address>0x0</load_address>
         <run_address>0x0</run_address>
         <size>0x3f5</size>
         <input_file_ref idref="fl-2"/>
      </object_component>
      <object_component id="oc-107">
         <name>.debug_info</name>
         <load_address>0x3f5</load_address>
         <run_address>0x3f5</run_address>
         <size>0xfb</size>
         <input_file_ref idref="fl-2"/>
      </object_component>
      <object_component id="oc-10a">
         <name>.debug_info</name>
         <load_address>0x4f0</load_address>
         <run_address>0x4f0</run_address>
         <size>0xeb</size>
         <input_file_ref idref="fl-2"/>
      </object_component>
      <object_component id="oc-10d">
         <name>.debug_info</name>
         <load_address>0x5db</load_address>
         <run_address>0x5db</run_address>
         <size>0xed</size>
         <input_file_ref idref="fl-2"/>
      </object_component>
      <object_component id="oc-9a">
         <name>.debug_info</name>
         <load_address>0x6c8</load_address>
         <run_address>0x6c8</run_address>
         <size>0x652</size>
         <input_file_ref idref="fl-2"/>
      </object_component>
      <object_component id="oc-220">
         <name>.debug_info</name>
         <load_address>0xd1a</load_address>
         <run_address>0xd1a</run_address>
         <size>0x87</size>
         <input_file_ref idref="fl-2"/>
      </object_component>
      <object_component id="oc-6d">
         <name>.debug_info</name>
         <load_address>0xda1</load_address>
         <run_address>0xda1</run_address>
         <size>0x26b</size>
         <input_file_ref idref="fl-2"/>
      </object_component>
      <object_component id="oc-af">
         <name>.debug_info</name>
         <load_address>0x100c</load_address>
         <run_address>0x100c</run_address>
         <size>0x8b</size>
         <input_file_ref idref="fl-2"/>
      </object_component>
      <object_component id="oc-aa">
         <name>.debug_info</name>
         <load_address>0x1097</load_address>
         <run_address>0x1097</run_address>
         <size>0x297</size>
         <input_file_ref idref="fl-2"/>
      </object_component>
      <object_component id="oc-379">
         <name>.debug_info</name>
         <load_address>0x132e</load_address>
         <run_address>0x132e</run_address>
         <size>0xef</size>
         <input_file_ref idref="fl-2"/>
      </object_component>
      <object_component id="oc-72">
         <name>.debug_info</name>
         <load_address>0x141d</load_address>
         <run_address>0x141d</run_address>
         <size>0xbb</size>
         <input_file_ref idref="fl-2"/>
      </object_component>
      <object_component id="oc-103">
         <name>.debug_info</name>
         <load_address>0x14d8</load_address>
         <run_address>0x14d8</run_address>
         <size>0x1d5</size>
         <input_file_ref idref="fl-3"/>
      </object_component>
      <object_component id="oc-eb">
         <name>.debug_info</name>
         <load_address>0x16ad</load_address>
         <run_address>0x16ad</run_address>
         <size>0x131</size>
         <input_file_ref idref="fl-4"/>
      </object_component>
      <object_component id="oc-f5">
         <name>.debug_info</name>
         <load_address>0x17de</load_address>
         <run_address>0x17de</run_address>
         <size>0x239</size>
         <input_file_ref idref="fl-6"/>
      </object_component>
      <object_component id="oc-e1">
         <name>.debug_info</name>
         <load_address>0x1a17</load_address>
         <run_address>0x1a17</run_address>
         <size>0x179</size>
         <input_file_ref idref="fl-7"/>
      </object_component>
      <object_component id="oc-fe">
         <name>.debug_info</name>
         <load_address>0x1b90</load_address>
         <run_address>0x1b90</run_address>
         <size>0x1a4</size>
         <input_file_ref idref="fl-8"/>
      </object_component>
      <object_component id="oc-33">
         <name>.debug_info</name>
         <load_address>0x1d34</load_address>
         <run_address>0x1d34</run_address>
         <size>0x84</size>
         <input_file_ref idref="fl-8"/>
      </object_component>
      <object_component id="oc-f2">
         <name>.debug_info</name>
         <load_address>0x1db8</load_address>
         <run_address>0x1db8</run_address>
         <size>0x171</size>
         <input_file_ref idref="fl-9"/>
      </object_component>
      <object_component id="oc-2c">
         <name>.debug_info</name>
         <load_address>0x1f29</load_address>
         <run_address>0x1f29</run_address>
         <size>0x2ce</size>
         <input_file_ref idref="fl-a"/>
      </object_component>
      <object_component id="oc-10">
         <name>.debug_info</name>
         <load_address>0x21f7</load_address>
         <run_address>0x21f7</run_address>
         <size>0x10d</size>
         <input_file_ref idref="fl-a"/>
      </object_component>
      <object_component id="oc-25">
         <name>.debug_info</name>
         <load_address>0x2304</load_address>
         <run_address>0x2304</run_address>
         <size>0x289</size>
         <input_file_ref idref="fl-a"/>
      </object_component>
      <object_component id="oc-170">
         <name>.debug_info</name>
         <load_address>0x258d</load_address>
         <run_address>0x258d</run_address>
         <size>0x365</size>
         <input_file_ref idref="fl-c6"/>
      </object_component>
      <object_component id="oc-d8">
         <name>.debug_info</name>
         <load_address>0x28f2</load_address>
         <run_address>0x28f2</run_address>
         <size>0x795</size>
         <input_file_ref idref="fl-c6"/>
      </object_component>
      <object_component id="oc-26d">
         <name>.debug_info</name>
         <load_address>0x3087</load_address>
         <run_address>0x3087</run_address>
         <size>0x46</size>
         <input_file_ref idref="fl-c6"/>
      </object_component>
      <object_component id="oc-171">
         <name>.debug_info</name>
         <load_address>0x30cd</load_address>
         <run_address>0x30cd</run_address>
         <size>0x39</size>
         <input_file_ref idref="fl-c6"/>
      </object_component>
      <object_component id="oc-15b">
         <name>.debug_info</name>
         <load_address>0x3106</load_address>
         <run_address>0x3106</run_address>
         <size>0x14b</size>
         <input_file_ref idref="fl-c7"/>
      </object_component>
      <object_component id="oc-15f">
         <name>.debug_info</name>
         <load_address>0x3251</load_address>
         <run_address>0x3251</run_address>
         <size>0x127</size>
         <input_file_ref idref="fl-c8"/>
      </object_component>
      <object_component id="oc-25a">
         <name>.debug_info</name>
         <load_address>0x3378</load_address>
         <run_address>0x3378</run_address>
         <size>0x129</size>
         <input_file_ref idref="fl-c8"/>
      </object_component>
      <object_component id="oc-cd">
         <name>.debug_info</name>
         <load_address>0x34a1</load_address>
         <run_address>0x34a1</run_address>
         <size>0x139</size>
         <input_file_ref idref="fl-c9"/>
      </object_component>
      <object_component id="oc-d1">
         <name>.debug_info</name>
         <load_address>0x35da</load_address>
         <run_address>0x35da</run_address>
         <size>0x139</size>
         <input_file_ref idref="fl-ca"/>
      </object_component>
      <object_component id="oc-dc">
         <name>.debug_info</name>
         <load_address>0x3713</load_address>
         <run_address>0x3713</run_address>
         <size>0x12d</size>
         <input_file_ref idref="fl-cb"/>
      </object_component>
      <object_component id="oc-c6">
         <name>.debug_info</name>
         <load_address>0x3840</load_address>
         <run_address>0x3840</run_address>
         <size>0x12b</size>
         <input_file_ref idref="fl-cc"/>
      </object_component>
      <object_component id="oc-8b">
         <name>.debug_info</name>
         <load_address>0x396b</load_address>
         <run_address>0x396b</run_address>
         <size>0x2d3</size>
         <input_file_ref idref="fl-cd"/>
      </object_component>
      <object_component id="oc-46">
         <name>.debug_info</name>
         <load_address>0x3c3e</load_address>
         <run_address>0x3c3e</run_address>
         <size>0x1d1</size>
         <input_file_ref idref="fl-cd"/>
      </object_component>
      <object_component id="oc-86">
         <name>.debug_info</name>
         <load_address>0x3e0f</load_address>
         <run_address>0x3e0f</run_address>
         <size>0x46</size>
         <input_file_ref idref="fl-cd"/>
      </object_component>
      <object_component id="oc-bc">
         <name>.debug_info</name>
         <load_address>0x3e55</load_address>
         <run_address>0x3e55</run_address>
         <size>0x2c</size>
         <input_file_ref idref="fl-cd"/>
      </object_component>
      <object_component id="oc-43">
         <name>.debug_info</name>
         <load_address>0x3e81</load_address>
         <run_address>0x3e81</run_address>
         <size>0x2a7</size>
         <input_file_ref idref="fl-ce"/>
      </object_component>
      <object_component id="oc-19">
         <name>.debug_info</name>
         <load_address>0x4128</load_address>
         <run_address>0x4128</run_address>
         <size>0x1e9</size>
         <input_file_ref idref="fl-ce"/>
      </object_component>
      <object_component id="oc-3e">
         <name>.debug_info</name>
         <load_address>0x4311</load_address>
         <run_address>0x4311</run_address>
         <size>0x46</size>
         <input_file_ref idref="fl-ce"/>
      </object_component>
      <object_component id="oc-7e">
         <name>.debug_info</name>
         <load_address>0x4357</load_address>
         <run_address>0x4357</run_address>
         <size>0x2c</size>
         <input_file_ref idref="fl-ce"/>
      </object_component>
      <object_component id="oc-7c">
         <name>.debug_info</name>
         <load_address>0x4383</load_address>
         <run_address>0x4383</run_address>
         <size>0x29d</size>
         <input_file_ref idref="fl-cf"/>
      </object_component>
      <object_component id="oc-14">
         <name>.debug_info</name>
         <load_address>0x4620</load_address>
         <run_address>0x4620</run_address>
         <size>0x24f</size>
         <input_file_ref idref="fl-cf"/>
      </object_component>
      <object_component id="oc-2e">
         <name>.debug_info</name>
         <load_address>0x486f</load_address>
         <run_address>0x486f</run_address>
         <size>0x60</size>
         <input_file_ref idref="fl-cf"/>
      </object_component>
      <object_component id="oc-b5">
         <name>.debug_info</name>
         <load_address>0x48cf</load_address>
         <run_address>0x48cf</run_address>
         <size>0x46</size>
         <input_file_ref idref="fl-cf"/>
      </object_component>
      <object_component id="oc-77">
         <name>.debug_info</name>
         <load_address>0x4915</load_address>
         <run_address>0x4915</run_address>
         <size>0x39</size>
         <input_file_ref idref="fl-cf"/>
      </object_component>
      <object_component id="oc-262">
         <name>.debug_info</name>
         <load_address>0x494e</load_address>
         <run_address>0x494e</run_address>
         <size>0x3a9</size>
         <input_file_ref idref="fl-d0"/>
      </object_component>
      <object_component id="oc-25f">
         <name>.debug_info</name>
         <load_address>0x4cf7</load_address>
         <run_address>0x4cf7</run_address>
         <size>0x139</size>
         <input_file_ref idref="fl-d0"/>
      </object_component>
      <object_component id="oc-164">
         <name>.debug_info</name>
         <load_address>0x4e30</load_address>
         <run_address>0x4e30</run_address>
         <size>0x72e</size>
         <input_file_ref idref="fl-d0"/>
      </object_component>
      <object_component id="oc-333">
         <name>.debug_info</name>
         <load_address>0x555e</load_address>
         <run_address>0x555e</run_address>
         <size>0x39</size>
         <input_file_ref idref="fl-d0"/>
      </object_component>
      <object_component id="oc-264">
         <name>.debug_info</name>
         <load_address>0x5597</load_address>
         <run_address>0x5597</run_address>
         <size>0x2c</size>
         <input_file_ref idref="fl-d0"/>
      </object_component>
      <object_component id="oc-22">
         <name>.debug_info</name>
         <load_address>0x55c3</load_address>
         <run_address>0x55c3</run_address>
         <size>0x10a</size>
         <input_file_ref idref="fl-d1"/>
      </object_component>
      <object_component id="oc-57">
         <name>.debug_info</name>
         <load_address>0x56cd</load_address>
         <run_address>0x56cd</run_address>
         <size>0x1a8</size>
         <input_file_ref idref="fl-d1"/>
      </object_component>
      <object_component id="oc-26a">
         <name>.debug_info</name>
         <load_address>0x5875</load_address>
         <run_address>0x5875</run_address>
         <size>0x28c</size>
         <input_file_ref idref="fl-d2"/>
      </object_component>
      <object_component id="oc-16b">
         <name>.debug_info</name>
         <load_address>0x5b01</load_address>
         <run_address>0x5b01</run_address>
         <size>0x326</size>
         <input_file_ref idref="fl-d2"/>
      </object_component>
      <object_component id="oc-24a">
         <name>.debug_info</name>
         <load_address>0x5e27</load_address>
         <run_address>0x5e27</run_address>
         <size>0x291</size>
         <input_file_ref idref="fl-d3"/>
      </object_component>
      <object_component id="oc-155">
         <name>.debug_info</name>
         <load_address>0x60b8</load_address>
         <run_address>0x60b8</run_address>
         <size>0x37f</size>
         <input_file_ref idref="fl-d3"/>
      </object_component>
      <object_component id="oc-32d">
         <name>.debug_info</name>
         <load_address>0x6437</load_address>
         <run_address>0x6437</run_address>
         <size>0x28e</size>
         <input_file_ref idref="fl-d4"/>
      </object_component>
      <object_component id="oc-254">
         <name>.debug_info</name>
         <load_address>0x66c5</load_address>
         <run_address>0x66c5</run_address>
         <size>0x229</size>
         <input_file_ref idref="fl-d4"/>
      </object_component>
      <object_component id="oc-32b">
         <name>.debug_info</name>
         <load_address>0x68ee</load_address>
         <run_address>0x68ee</run_address>
         <size>0x2fc</size>
         <input_file_ref idref="fl-d5"/>
      </object_component>
      <object_component id="oc-24f">
         <name>.debug_info</name>
         <load_address>0x6bea</load_address>
         <run_address>0x6bea</run_address>
         <size>0x224</size>
         <input_file_ref idref="fl-d5"/>
      </object_component>
      <object_component id="oc-39">
         <name>.debug_info</name>
         <load_address>0x6e0e</load_address>
         <run_address>0x6e0e</run_address>
         <size>0x118</size>
         <input_file_ref idref="fl-d6"/>
      </object_component>
      <object_component id="oc-8f">
         <name>.debug_info</name>
         <load_address>0x6f26</load_address>
         <run_address>0x6f26</run_address>
         <size>0x146</size>
         <input_file_ref idref="fl-d7"/>
      </object_component>
      <object_component id="oc-234">
         <name>.debug_info</name>
         <load_address>0x706c</load_address>
         <run_address>0x706c</run_address>
         <size>0x4b2</size>
         <input_file_ref idref="fl-d8"/>
      </object_component>
      <object_component id="oc-11e">
         <name>.debug_info</name>
         <load_address>0x751e</load_address>
         <run_address>0x751e</run_address>
         <size>0x1a5</size>
         <input_file_ref idref="fl-d8"/>
      </object_component>
      <object_component id="oc-30b">
         <name>.debug_info</name>
         <load_address>0x76c3</load_address>
         <run_address>0x76c3</run_address>
         <size>0x39</size>
         <input_file_ref idref="fl-d8"/>
      </object_component>
      <object_component id="oc-39a">
         <name>.debug_info</name>
         <load_address>0x76fc</load_address>
         <run_address>0x76fc</run_address>
         <size>0x39</size>
         <input_file_ref idref="fl-d8"/>
      </object_component>
      <object_component id="oc-310">
         <name>.debug_info</name>
         <load_address>0x7735</load_address>
         <run_address>0x7735</run_address>
         <size>0x39</size>
         <input_file_ref idref="fl-d8"/>
      </object_component>
      <object_component id="oc-315">
         <name>.debug_info</name>
         <load_address>0x776e</load_address>
         <run_address>0x776e</run_address>
         <size>0xcd</size>
         <input_file_ref idref="fl-d8"/>
      </object_component>
      <object_component id="oc-96">
         <name>.debug_info</name>
         <load_address>0x783b</load_address>
         <run_address>0x783b</run_address>
         <size>0x152</size>
         <input_file_ref idref="fl-d9"/>
      </object_component>
      <object_component id="oc-112">
         <name>.debug_info</name>
         <load_address>0x798d</load_address>
         <run_address>0x798d</run_address>
         <size>0x121</size>
         <input_file_ref idref="fl-db"/>
      </object_component>
      <object_component id="oc-3aa">
         <name>.debug_info</name>
         <load_address>0x7aae</load_address>
         <run_address>0x7aae</run_address>
         <size>0x288</size>
         <input_file_ref idref="fl-de"/>
      </object_component>
      <object_component id="oc-3a7">
         <name>.debug_info</name>
         <load_address>0x7d36</load_address>
         <run_address>0x7d36</run_address>
         <size>0x10d</size>
         <input_file_ref idref="fl-de"/>
      </object_component>
      <object_component id="oc-321">
         <name>.debug_info</name>
         <load_address>0x7e43</load_address>
         <run_address>0x7e43</run_address>
         <size>0x14d</size>
         <input_file_ref idref="fl-de"/>
      </object_component>
      <object_component id="oc-325">
         <name>.debug_info</name>
         <load_address>0x7f90</load_address>
         <run_address>0x7f90</run_address>
         <size>0x160</size>
         <input_file_ref idref="fl-df"/>
      </object_component>
      <object_component id="oc-2e5">
         <name>.debug_info</name>
         <load_address>0x80f0</load_address>
         <run_address>0x80f0</run_address>
         <size>0x3ba</size>
         <input_file_ref idref="fl-e0"/>
      </object_component>
      <object_component id="oc-212">
         <name>.debug_info</name>
         <load_address>0x84aa</load_address>
         <run_address>0x84aa</run_address>
         <size>0x33c</size>
         <input_file_ref idref="fl-e0"/>
      </object_component>
      <object_component id="oc-218">
         <name>.debug_info</name>
         <load_address>0x87e6</load_address>
         <run_address>0x87e6</run_address>
         <size>0x2a9</size>
         <input_file_ref idref="fl-e0"/>
      </object_component>
      <object_component id="oc-1e0">
         <name>.debug_info</name>
         <load_address>0x8a8f</load_address>
         <run_address>0x8a8f</run_address>
         <size>0x308</size>
         <input_file_ref idref="fl-e0"/>
      </object_component>
      <object_component id="oc-20c">
         <name>.debug_info</name>
         <load_address>0x8d97</load_address>
         <run_address>0x8d97</run_address>
         <size>0x32f</size>
         <input_file_ref idref="fl-e0"/>
      </object_component>
      <object_component id="oc-1d5">
         <name>.debug_info</name>
         <load_address>0x90c6</load_address>
         <run_address>0x90c6</run_address>
         <size>0x2ad</size>
         <input_file_ref idref="fl-e0"/>
      </object_component>
      <object_component id="oc-1db">
         <name>.debug_info</name>
         <load_address>0x9373</load_address>
         <run_address>0x9373</run_address>
         <size>0x2f0</size>
         <input_file_ref idref="fl-e0"/>
      </object_component>
      <object_component id="oc-1e6">
         <name>.debug_info</name>
         <load_address>0x9663</load_address>
         <run_address>0x9663</run_address>
         <size>0x29d</size>
         <input_file_ref idref="fl-e0"/>
      </object_component>
      <object_component id="oc-2f0">
         <name>.debug_info</name>
         <load_address>0x9900</load_address>
         <run_address>0x9900</run_address>
         <size>0x3e4</size>
         <input_file_ref idref="fl-e1"/>
      </object_component>
      <object_component id="oc-2f2">
         <name>.debug_info</name>
         <load_address>0x9ce4</load_address>
         <run_address>0x9ce4</run_address>
         <size>0x164</size>
         <input_file_ref idref="fl-e1"/>
      </object_component>
      <object_component id="oc-2d2">
         <name>.debug_info</name>
         <load_address>0x9e48</load_address>
         <run_address>0x9e48</run_address>
         <size>0x2ac</size>
         <input_file_ref idref="fl-e1"/>
      </object_component>
      <object_component id="oc-2ea">
         <name>.debug_info</name>
         <load_address>0xa0f4</load_address>
         <run_address>0xa0f4</run_address>
         <size>0x2bc</size>
         <input_file_ref idref="fl-e1"/>
      </object_component>
      <object_component id="oc-2bc">
         <name>.debug_info</name>
         <load_address>0xa3b0</load_address>
         <run_address>0xa3b0</run_address>
         <size>0x31f</size>
         <input_file_ref idref="fl-e1"/>
      </object_component>
      <object_component id="oc-276">
         <name>.debug_info</name>
         <load_address>0xa6cf</load_address>
         <run_address>0xa6cf</run_address>
         <size>0x29b</size>
         <input_file_ref idref="fl-e1"/>
      </object_component>
      <object_component id="oc-1ec">
         <name>.debug_info</name>
         <load_address>0xa96a</load_address>
         <run_address>0xa96a</run_address>
         <size>0x29d</size>
         <input_file_ref idref="fl-e1"/>
      </object_component>
      <object_component id="oc-2cc">
         <name>.debug_info</name>
         <load_address>0xac07</load_address>
         <run_address>0xac07</run_address>
         <size>0x2c0</size>
         <input_file_ref idref="fl-e1"/>
      </object_component>
      <object_component id="oc-2b6">
         <name>.debug_info</name>
         <load_address>0xaec7</load_address>
         <run_address>0xaec7</run_address>
         <size>0x2a5</size>
         <input_file_ref idref="fl-e1"/>
      </object_component>
      <object_component id="oc-2c2">
         <name>.debug_info</name>
         <load_address>0xb16c</load_address>
         <run_address>0xb16c</run_address>
         <size>0x284</size>
         <input_file_ref idref="fl-e1"/>
      </object_component>
      <object_component id="oc-1f2">
         <name>.debug_info</name>
         <load_address>0xb3f0</load_address>
         <run_address>0xb3f0</run_address>
         <size>0x289</size>
         <input_file_ref idref="fl-e1"/>
      </object_component>
      <object_component id="oc-386">
         <name>.debug_info</name>
         <load_address>0xb679</load_address>
         <run_address>0xb679</run_address>
         <size>0x3b7</size>
         <input_file_ref idref="fl-e2"/>
      </object_component>
      <object_component id="oc-383">
         <name>.debug_info</name>
         <load_address>0xba30</load_address>
         <run_address>0xba30</run_address>
         <size>0x160</size>
         <input_file_ref idref="fl-e2"/>
      </object_component>
      <object_component id="oc-2ad">
         <name>.debug_info</name>
         <load_address>0xbb90</load_address>
         <run_address>0xbb90</run_address>
         <size>0x2ca</size>
         <input_file_ref idref="fl-e2"/>
      </object_component>
      <object_component id="oc-2a5">
         <name>.debug_info</name>
         <load_address>0xbe5a</load_address>
         <run_address>0xbe5a</run_address>
         <size>0x441</size>
         <input_file_ref idref="fl-e3"/>
      </object_component>
      <object_component id="oc-2a7">
         <name>.debug_info</name>
         <load_address>0xc29b</load_address>
         <run_address>0xc29b</run_address>
         <size>0x156</size>
         <input_file_ref idref="fl-e3"/>
      </object_component>
      <object_component id="oc-1cd">
         <name>.debug_info</name>
         <load_address>0xc3f1</load_address>
         <run_address>0xc3f1</run_address>
         <size>0x286</size>
         <input_file_ref idref="fl-e3"/>
      </object_component>
      <object_component id="oc-197">
         <name>.debug_info</name>
         <load_address>0xc677</load_address>
         <run_address>0xc677</run_address>
         <size>0x2e4</size>
         <input_file_ref idref="fl-e3"/>
      </object_component>
      <object_component id="oc-19d">
         <name>.debug_info</name>
         <load_address>0xc95b</load_address>
         <run_address>0xc95b</run_address>
         <size>0x2be</size>
         <input_file_ref idref="fl-e3"/>
      </object_component>
      <object_component id="oc-375">
         <name>.debug_info</name>
         <load_address>0xcc19</load_address>
         <run_address>0xcc19</run_address>
         <size>0x51</size>
         <input_file_ref idref="fl-e3"/>
      </object_component>
      <object_component id="oc-273">
         <name>.debug_info</name>
         <load_address>0xcc6a</load_address>
         <run_address>0xcc6a</run_address>
         <size>0x3c7</size>
         <input_file_ref idref="fl-e4"/>
      </object_component>
      <object_component id="oc-180">
         <name>.debug_info</name>
         <load_address>0xd031</load_address>
         <run_address>0xd031</run_address>
         <size>0x2c5</size>
         <input_file_ref idref="fl-e4"/>
      </object_component>
      <object_component id="oc-179">
         <name>.debug_info</name>
         <load_address>0xd2f6</load_address>
         <run_address>0xd2f6</run_address>
         <size>0x2c3</size>
         <input_file_ref idref="fl-e4"/>
      </object_component>
      <object_component id="oc-205">
         <name>.debug_info</name>
         <load_address>0xd5b9</load_address>
         <run_address>0xd5b9</run_address>
         <size>0x288</size>
         <input_file_ref idref="fl-e4"/>
      </object_component>
      <object_component id="oc-200">
         <name>.debug_info</name>
         <load_address>0xd841</load_address>
         <run_address>0xd841</run_address>
         <size>0x2c5</size>
         <input_file_ref idref="fl-e4"/>
      </object_component>
      <object_component id="oc-1fa">
         <name>.debug_info</name>
         <load_address>0xdb06</load_address>
         <run_address>0xdb06</run_address>
         <size>0x295</size>
         <input_file_ref idref="fl-e4"/>
      </object_component>
      <object_component id="oc-1ca">
         <name>.debug_info</name>
         <load_address>0xdd9b</load_address>
         <run_address>0xdd9b</run_address>
         <size>0x453</size>
         <input_file_ref idref="fl-e6"/>
      </object_component>
      <object_component id="oc-1c7">
         <name>.debug_info</name>
         <load_address>0xe1ee</load_address>
         <run_address>0xe1ee</run_address>
         <size>0xf5</size>
         <input_file_ref idref="fl-e6"/>
      </object_component>
      <object_component id="oc-18b">
         <name>.debug_info</name>
         <load_address>0xe2e3</load_address>
         <run_address>0xe2e3</run_address>
         <size>0x121</size>
         <input_file_ref idref="fl-e6"/>
      </object_component>
      <object_component id="oc-18e">
         <name>.debug_info</name>
         <load_address>0xe404</load_address>
         <run_address>0xe404</run_address>
         <size>0xfb</size>
         <input_file_ref idref="fl-e6"/>
      </object_component>
      <object_component id="oc-e5">
         <name>.debug_info</name>
         <load_address>0xe4ff</load_address>
         <run_address>0xe4ff</run_address>
         <size>0x9ec</size>
         <input_file_ref idref="fl-e6"/>
      </object_component>
      <object_component id="oc-2df">
         <name>.debug_info</name>
         <load_address>0xeeeb</load_address>
         <run_address>0xeeeb</run_address>
         <size>0x51</size>
         <input_file_ref idref="fl-e6"/>
      </object_component>
      <object_component id="oc-36d">
         <name>.debug_info</name>
         <load_address>0xef3c</load_address>
         <run_address>0xef3c</run_address>
         <size>0xcc</size>
         <input_file_ref idref="fl-e6"/>
      </object_component>
      <object_component id="oc-295">
         <name>.debug_info</name>
         <load_address>0xf008</load_address>
         <run_address>0xf008</run_address>
         <size>0x2c</size>
         <input_file_ref idref="fl-e6"/>
      </object_component>
      <object_component id="oc-2d8">
         <name>.debug_info</name>
         <load_address>0xf034</load_address>
         <run_address>0xf034</run_address>
         <size>0xf3</size>
         <input_file_ref idref="fl-e7"/>
      </object_component>
      <object_component id="oc-1c1">
         <name>.debug_info</name>
         <load_address>0xf127</load_address>
         <run_address>0xf127</run_address>
         <size>0x2c3</size>
         <input_file_ref idref="fl-e7"/>
      </object_component>
      <object_component id="oc-2c8">
         <name>.debug_info</name>
         <load_address>0xf3ea</load_address>
         <run_address>0xf3ea</run_address>
         <size>0xfa</size>
         <input_file_ref idref="fl-e8"/>
      </object_component>
      <object_component id="oc-1bb">
         <name>.debug_info</name>
         <load_address>0xf4e4</load_address>
         <run_address>0xf4e4</run_address>
         <size>0x25b</size>
         <input_file_ref idref="fl-e8"/>
      </object_component>
      <object_component id="oc-294">
         <name>.debug_info</name>
         <load_address>0xf73f</load_address>
         <run_address>0xf73f</run_address>
         <size>0x450</size>
         <input_file_ref idref="fl-e9"/>
      </object_component>
      <object_component id="oc-187">
         <name>.debug_info</name>
         <load_address>0xfb8f</load_address>
         <run_address>0xfb8f</run_address>
         <size>0x3f8</size>
         <input_file_ref idref="fl-e9"/>
      </object_component>
      <object_component id="oc-360">
         <name>.debug_info</name>
         <load_address>0xff87</load_address>
         <run_address>0xff87</run_address>
         <size>0x33f</size>
         <input_file_ref idref="fl-ea"/>
      </object_component>
      <object_component id="oc-28f">
         <name>.debug_info</name>
         <load_address>0x102c6</load_address>
         <run_address>0x102c6</run_address>
         <size>0x207</size>
         <input_file_ref idref="fl-ea"/>
      </object_component>
      <object_component id="oc-354">
         <name>.debug_info</name>
         <load_address>0x104cd</load_address>
         <run_address>0x104cd</run_address>
         <size>0x1c5</size>
         <input_file_ref idref="fl-ea"/>
      </object_component>
      <object_component id="oc-35b">
         <name>.debug_info</name>
         <load_address>0x10692</load_address>
         <run_address>0x10692</run_address>
         <size>0x178</size>
         <input_file_ref idref="fl-ea"/>
      </object_component>
      <object_component id="oc-361">
         <name>.debug_info</name>
         <load_address>0x1080a</load_address>
         <run_address>0x1080a</run_address>
         <size>0x2c</size>
         <input_file_ref idref="fl-ea"/>
      </object_component>
      <object_component id="oc-366">
         <name>.debug_info</name>
         <load_address>0x10836</load_address>
         <run_address>0x10836</run_address>
         <size>0x69</size>
         <input_file_ref idref="fl-ea"/>
      </object_component>
      <object_component id="oc-192">
         <name>.debug_info</name>
         <load_address>0x1089f</load_address>
         <run_address>0x1089f</run_address>
         <size>0x133</size>
         <input_file_ref idref="fl-eb"/>
      </object_component>
      <object_component id="oc-3eb">
         <name>.debug_info</name>
         <load_address>0x109d2</load_address>
         <run_address>0x109d2</run_address>
         <size>0x57a</size>
         <input_file_ref idref="fl-ec"/>
      </object_component>
      <object_component id="oc-3c1">
         <name>.debug_info</name>
         <load_address>0x10f4c</load_address>
         <run_address>0x10f4c</run_address>
         <size>0x21d</size>
         <input_file_ref idref="fl-ec"/>
      </object_component>
      <object_component id="oc-411">
         <name>.debug_info</name>
         <load_address>0x11169</load_address>
         <run_address>0x11169</run_address>
         <size>0x1b2</size>
         <input_file_ref idref="fl-ec"/>
      </object_component>
      <object_component id="oc-417">
         <name>.debug_info</name>
         <load_address>0x1131b</load_address>
         <run_address>0x1131b</run_address>
         <size>0x21a</size>
         <input_file_ref idref="fl-ec"/>
      </object_component>
      <object_component id="oc-3c7">
         <name>.debug_info</name>
         <load_address>0x11535</load_address>
         <run_address>0x11535</run_address>
         <size>0x3ba</size>
         <input_file_ref idref="fl-ec"/>
      </object_component>
      <object_component id="oc-41e">
         <name>.debug_info</name>
         <load_address>0x118ef</load_address>
         <run_address>0x118ef</run_address>
         <size>0x304</size>
         <input_file_ref idref="fl-ec"/>
      </object_component>
      <object_component id="oc-424">
         <name>.debug_info</name>
         <load_address>0x11bf3</load_address>
         <run_address>0x11bf3</run_address>
         <size>0x214</size>
         <input_file_ref idref="fl-ec"/>
      </object_component>
      <object_component id="oc-3cd">
         <name>.debug_info</name>
         <load_address>0x11e07</load_address>
         <run_address>0x11e07</run_address>
         <size>0x214</size>
         <input_file_ref idref="fl-ec"/>
      </object_component>
      <object_component id="oc-3d3">
         <name>.debug_info</name>
         <load_address>0x1201b</load_address>
         <run_address>0x1201b</run_address>
         <size>0x303</size>
         <input_file_ref idref="fl-ec"/>
      </object_component>
      <object_component id="oc-3d9">
         <name>.debug_info</name>
         <load_address>0x1231e</load_address>
         <run_address>0x1231e</run_address>
         <size>0x4af</size>
         <input_file_ref idref="fl-ec"/>
      </object_component>
      <object_component id="oc-34e">
         <name>.debug_info</name>
         <load_address>0x127cd</load_address>
         <run_address>0x127cd</run_address>
         <size>0x5f3</size>
         <input_file_ref idref="fl-ec"/>
      </object_component>
      <object_component id="oc-3ec">
         <name>.debug_info</name>
         <load_address>0x12dc0</load_address>
         <run_address>0x12dc0</run_address>
         <size>0x86</size>
         <input_file_ref idref="fl-ec"/>
      </object_component>
      <object_component id="oc-443">
         <name>.debug_info</name>
         <load_address>0x12e46</load_address>
         <run_address>0x12e46</run_address>
         <size>0x39</size>
         <input_file_ref idref="fl-ec"/>
[...]
      </symbol>
      <symbol id="sm-7f">
         <name>callbackLedPlay</name>
         <value>0x2047</value>
         <object_component_ref idref="oc-98"/>
      </symbol>
      <symbol id="sm-80">
         <name>main</name>
         <value>0x21dd</value>
         <object_component_ref idref="oc-98"/>
      </symbol>
      <symbol id="sm-81">
         <name>callbackBuzzerPlay</name>
         <value>0x2101</value>
         <object_component_ref idref="oc-98"/>
      </symbol>
      <symbol id="sm-92">
         <name>buzzerInit</name>
         <value>0x3bed</value>
         <object_component_ref idref="oc-100"/>
      </symbol>
      <symbol id="sm-9f">
         <name>buzzPWMSet</name>
         <value>0x4065</value>
         <object_component_ref idref="oc-ea"/>
      </symbol>
      <symbol id="sm-b5">
         <name>ledPwmInit</name>
         <value>0x3619</value>
         <object_component_ref idref="oc-f4"/>
      </symbol>
      <symbol id="sm-c5">
         <name>ledPwmSet</name>
         <value>0x394d</value>
         <object_component_ref idref="oc-df"/>
      </symbol>
      <symbol id="sm-d7">
         <name>rasInit</name>
         <value>0x3e9d</value>
         <object_component_ref idref="oc-fa"/>
      </symbol>
      <symbol id="sm-e4">
         <name>rasRead</name>
         <value>0x3ce9</value>
         <object_component_ref idref="oc-ef"/>
      </symbol>
      <symbol id="sm-100">
         <name>ResetISR</name>
         <value>0x430b</value>
         <object_component_ref idref="oc-24"/>
      </symbol>
      <symbol id="sm-101">
         <name>g_pfnVectors</name>
         <value>0x0</value>
         <object_component_ref idref="oc-f"/>
      </symbol>
      <symbol id="sm-157">
         <name>sin</name>
         <value>0x13f5</value>
         <object_component_ref idref="oc-d4"/>
      </symbol>
      <symbol id="sm-158">
         <name>sinl</name>
         <value>0x13f5</value>
         <object_component_ref idref="oc-d4"/>
      </symbol>
      <symbol id="sm-16f">
         <name>__aeabi_dsub</name>
         <value>0x2425</value>
         <object_component_ref idref="oc-159"/>
      </symbol>
      <symbol id="sm-170">
         <name>__aeabi_dadd</name>
         <value>0x242f</value>
         <object_component_ref idref="oc-159"/>
      </symbol>
      <symbol id="sm-192">
         <name>__aeabi_cdcmpeq</name>
         <value>0x3735</value>
         <object_component_ref idref="oc-15e"/>
      </symbol>
      <symbol id="sm-193">
         <name>__aeabi_cdcmple</name>
         <value>0x3735</value>
         <object_component_ref idref="oc-15e"/>
      </symbol>
      <symbol id="sm-194">
         <name>__aeabi_cdrcmple</name>
         <value>0x37bb</value>
         <object_component_ref idref="oc-259"/>
      </symbol>
      <symbol id="sm-1a8">
         <name>__aeabi_ddiv</name>
         <value>0x2b65</value>
         <object_component_ref idref="oc-ca"/>
      </symbol>
      <symbol id="sm-1b3">
         <name>__aeabi_dmul</name>
         <value>0x2fe9</value>
         <object_component_ref idref="oc-cf"/>
      </symbol>
      <symbol id="sm-1bd">
         <name>__aeabi_d2iz</name>
         <value>0x3dc9</value>
         <object_component_ref idref="oc-da"/>
      </symbol>
      <symbol id="sm-1c7">
         <name>__aeabi_i2d</name>
         <value>0x4087</value>
         <object_component_ref idref="oc-c5"/>
      </symbol>
      <symbol id="sm-1e0">
         <name>__TI_zero_init_nomemset</name>
         <value>0x413d</value>
         <object_component_ref idref="oc-44"/>
      </symbol>
      <symbol id="sm-1f7">
         <name>__TI_decompress_none</name>
         <value>0x42fd</value>
         <object_component_ref idref="oc-18"/>
      </symbol>
      <symbol id="sm-21a">
         <name>__TI_decompress_lzss</name>
         <value>0x3a15</value>
         <object_component_ref idref="oc-12"/>
      </symbol>
      <symbol id="sm-28a">
         <name>__kernel_rem_pio2</name>
         <value>0xcbd</value>
         <object_component_ref idref="oc-163"/>
      </symbol>
      <symbol id="sm-29d">
         <name>__stack</name>
         <value>0x20000270</value>
         <object_component_ref idref="oc-21"/>
      </symbol>
      <symbol id="sm-29e">
         <name>_c_int00_noargs</name>
         <value>0x3fc5</value>
         <object_component_ref idref="oc-56"/>
      </symbol>
      <symbol id="sm-2b4">
         <name>__kernel_cos</name>
         <value>0x28bd</value>
         <object_component_ref idref="oc-169"/>
      </symbol>
      <symbol id="sm-2cb">
         <name>__kernel_sin</name>
         <value>0x25dd</value>
         <object_component_ref idref="oc-153"/>
      </symbol>
      <symbol id="sm-2e8">
         <name>floorl</name>
         <value>0x30e5</value>
         <object_component_ref idref="oc-253"/>
      </symbol>
      <symbol id="sm-2e9">
         <name>floor</name>
         <value>0x30e5</value>
         <object_component_ref idref="oc-253"/>
      </symbol>
      <symbol id="sm-306">
         <name>scalbn</name>
         <value>0x2ed9</value>
         <object_component_ref idref="oc-24d"/>
      </symbol>
      <symbol id="sm-307">
         <name>scalbnl</name>
         <value>0x2ed9</value>
         <object_component_ref idref="oc-24d"/>
      </symbol>
      <symbol id="sm-308">
         <name>ldexpl</name>
         <value>0x2ed9</value>
         <object_component_ref idref="oc-24d"/>
      </symbol>
      <symbol id="sm-309">
         <name>ldexp</name>
         <value>0x2ed9</value>
         <object_component_ref idref="oc-24d"/>
      </symbol>
      <symbol id="sm-324">
         <name>memcpy</name>
         <value>0x34e5</value>
         <object_component_ref idref="oc-38"/>
      </symbol>
      <symbol id="sm-325">
         <name>__aeabi_memcpy</name>
         <value>0x34e5</value>
         <object_component_ref idref="oc-38"/>
      </symbol>
      <symbol id="sm-326">
         <name>__aeabi_memcpy8</name>
         <value>0x34e5</value>
         <object_component_ref idref="oc-38"/>
      </symbol>
      <symbol id="sm-327">
         <name>__aeabi_memcpy4</name>
         <value>0x34e5</value>
         <object_component_ref idref="oc-38"/>
      </symbol>
      <symbol id="sm-336">
         <name>__aeabi_memset</name>
         <value>0x38bd</value>
         <object_component_ref idref="oc-8c"/>
      </symbol>
      <symbol id="sm-337">
         <name>memset</name>
         <value>0x38c3</value>
         <object_component_ref idref="oc-8c"/>
      </symbol>
      <symbol id="sm-338">
         <name>__aeabi_memset8</name>
         <value>0x38bd</value>
         <object_component_ref idref="oc-8c"/>
      </symbol>
      <symbol id="sm-339">
         <name>__aeabi_memset4</name>
         <value>0x38bd</value>
         <object_component_ref idref="oc-8c"/>
      </symbol>
      <symbol id="sm-33a">
         <name>__aeabi_memclr8</name>
         <value>0x38bb</value>
         <object_component_ref idref="oc-8c"/>
      </symbol>
      <symbol id="sm-33b">
         <name>__aeabi_memclr4</name>
         <value>0x38bb</value>
         <object_component_ref idref="oc-8c"/>
      </symbol>
      <symbol id="sm-33c">
         <name>__aeabi_memclr</name>
         <value>0x38bb</value>
         <object_component_ref idref="oc-8c"/>
      </symbol>
      <symbol id="sm-364">
         <name>__TI_auto_init_nobinit_nopinit</name>
         <value>0x3e59</value>
         <object_component_ref idref="oc-11c"/>
      </symbol>
      <symbol id="sm-36e">
         <name>_system_pre_init</name>
         <value>0x434f</value>
         <object_component_ref idref="oc-92"/>
      </symbol>
      <symbol id="sm-37a">
         <name>C$$EXIT</name>
         <value>0x4353</value>
         <object_component_ref idref="oc-110"/>
      </symbol>
      <symbol id="sm-37b">
         <name>abort</name>
         <value>0x4353</value>
         <object_component_ref idref="oc-110"/>
      </symbol>
      <symbol id="sm-393">
         <name>__aeabi_errno_addr</name>
         <value>0x4335</value>
         <object_component_ref idref="oc-31e"/>
      </symbol>
      <symbol id="sm-394">
         <name>errno</name>
         <value>0x20000790</value>
         <object_component_ref idref="oc-3a6"/>
      </symbol>
      <symbol id="sm-39e">
         <name>copysign</name>
         <value>0x418f</value>
         <object_component_ref idref="oc-324"/>
      </symbol>
      <symbol id="sm-39f">
         <name>copysignl</name>
         <value>0x418f</value>
         <object_component_ref idref="oc-324"/>
      </symbol>
      <symbol id="sm-3e4">
         <name>ADCProcessorTrigger</name>
         <value>0x41a9</value>
         <object_component_ref idref="oc-1d2"/>
      </symbol>
      <symbol id="sm-3e5">
         <name>ADCSequenceEnable</name>
         <value>0x42e1</value>
         <object_component_ref idref="oc-216"/>
      </symbol>
      <symbol id="sm-3e6">
         <name>ADCSequenceConfigure</name>
         <value>0x3c93</value>
         <object_component_ref idref="oc-20a"/>
      </symbol>
      <symbol id="sm-3e7">
         <name>ADCSequenceStepConfigure</name>
         <value>0x3841</value>
         <object_component_ref idref="oc-210"/>
      </symbol>
      <symbol id="sm-3e8">
         <name>ADCIntClear</name>
         <value>0x4317</value>
         <object_component_ref idref="oc-1e4"/>
      </symbol>
      <symbol id="sm-3e9">
         <name>ADCIntStatus</name>
         <value>0x4029</value>
         <object_component_ref idref="oc-1d8"/>
      </symbol>
      <symbol id="sm-3ea">
         <name>ADCSequenceDataGet</name>
         <value>0x4101</value>
         <object_component_ref idref="oc-1de"/>
      </symbol>
      <symbol id="sm-44c">
         <name>GPIOPinConfigure</name>
         <value>0x3d31</value>
         <object_component_ref idref="oc-1f1"/>
      </symbol>
      <symbol id="sm-44d">
         <name>GPIOPinTypeGPIOInput</name>
         <value>0x41f1</value>
         <object_component_ref idref="oc-2b5"/>
      </symbol>
      <symbol id="sm-44e">
         <name>GPIOPinTypeUART</name>
         <value>0x421d</value>
         <object_component_ref idref="oc-275"/>
      </symbol>
      <symbol id="sm-44f">
         <name>GPIOPinTypeGPIOOutput</name>
         <value>0x4175</value>
         <object_component_ref idref="oc-2cb"/>
      </symbol>
      <symbol id="sm-450">
         <name>GPIOPinRead</name>
         <value>0x433d</value>
         <object_component_ref idref="oc-2c1"/>
      </symbol>
      <symbol id="sm-451">
         <name>GPIODirModeSet</name>
         <value>0x40b5</value>
         <object_component_ref idref="oc-2e9"/>
      </symbol>
      <symbol id="sm-452">
         <name>GPIOPinWrite</name>
         <value>0x4343</value>
         <object_component_ref idref="oc-2d1"/>
      </symbol>
      <symbol id="sm-453">
         <name>GPIOPadConfigSet</name>
         <value>0x2751</value>
         <object_component_ref idref="oc-2bb"/>
      </symbol>
      <symbol id="sm-454">
         <name>GPIOPinTypeTimer</name>
         <value>0x4207</value>
         <object_component_ref idref="oc-1eb"/>
      </symbol>
      <symbol id="sm-46b">
         <name>IntRegister</name>
         <value>0x3f5d</value>
         <object_component_ref idref="oc-2ac"/>
      </symbol>
      <symbol id="sm-46c">
         <name>g_pfnRAMVectors</name>
         <value>0x20000000</value>
         <object_component_ref idref="oc-382"/>
      </symbol>
      <symbol id="sm-4bf">
         <name>SysCtlClockSet</name>
         <value>0x31dd</value>
         <object_component_ref idref="oc-196"/>
      </symbol>
      <symbol id="sm-4c0">
         <name>SysCtlDelay</name>
         <value>0x4349</value>
         <object_component_ref idref="oc-195"/>
      </symbol>
      <symbol id="sm-4c1">
         <name>SysCtlPeripheralEnable</name>
         <value>0x3f91</value>
         <object_component_ref idref="oc-1cc"/>
      </symbol>
      <symbol id="sm-4c2">
         <name>SysCtlClockGet</name>
         <value>0x2dc1</value>
         <object_component_ref idref="oc-19c"/>
      </symbol>
      <symbol id="sm-4f6">
         <name>TimerMatchSet</name>
         <value>0x42ab</value>
         <object_component_ref idref="oc-17d"/>
      </symbol>
      <symbol id="sm-4f7">
         <name>TimerLoadSet</name>
         <value>0x4299</value>
         <object_component_ref idref="oc-177"/>
      </symbol>
      <symbol id="sm-4f8">
         <name>TimerControlLevel</name>
         <value>0x41c1</value>
         <object_component_ref idref="oc-1fd"/>
      </symbol>
      <symbol id="sm-4f9">
         <name>TimerEnable</name>
         <value>0x42ef</value>
         <object_component_ref idref="oc-203"/>
      </symbol>
      <symbol id="sm-4fa">
         <name>TimerConfigure</name>
         <value>0x3ae1</value>
         <object_component_ref idref="oc-1f7"/>
      </symbol>
      <symbol id="sm-562">
         <name>schdExecute</name>
         <value>0x1b61</value>
         <object_component_ref idref="oc-e4"/>
      </symbol>
      <symbol id="sm-563">
         <name>sysTimeWaitAbsolute</name>
         <value>0x1a9b</value>
         <object_component_ref idref="oc-e4"/>
      </symbol>
      <symbol id="sm-564">
         <name>lpInit</name>
         <value>0x1cc3</value>
         <object_component_ref idref="oc-e4"/>
      </symbol>
      <symbol id="sm-565">
         <name>sysTimeGet</name>
         <value>0x1a4b</value>
         <object_component_ref idref="oc-e4"/>
      </symbol>
      <symbol id="sm-566">
         <name>sysTimeReached</name>
         <value>0x1a51</value>
         <object_component_ref idref="oc-e4"/>
      </symbol>
      <symbol id="sm-567">
         <name>waitUs</name>
         <value>0x1c95</value>
         <object_component_ref idref="oc-e4"/>
      </symbol>
      <symbol id="sm-568">
         <name>sysTimeWait</name>
         <value>0x1a77</value>
         <object_component_ref idref="oc-e4"/>
      </symbol>
      <symbol id="sm-569">
         <name>schdCallback</name>
         <value>0x1ae7</value>
         <object_component_ref idref="oc-e4"/>
      </symbol>
      <symbol id="sm-56a">
         <name>waitMs</name>
         <value>0x1c65</value>
         <object_component_ref idref="oc-e4"/>
      </symbol>
      <symbol id="sm-585">
         <name>ledInit</name>
         <value>0x346b</value>
         <object_component_ref idref="oc-1c0"/>
      </symbol>
      <symbol id="sm-586">
         <name>ledInitForced</name>
         <value>0x3449</value>
         <object_component_ref idref="oc-1c0"/>
      </symbol>
      <symbol id="sm-587">
         <name>ledTurnOnOff</name>
         <value>0x347f</value>
         <object_component_ref idref="oc-1c0"/>
      </symbol>
      <symbol id="sm-5a5">
         <name>pbInitForced</name>
         <value>0x36a9</value>
         <object_component_ref idref="oc-1ba"/>
      </symbol>
      <symbol id="sm-5a6">
         <name>pbInit</name>
         <value>0x36dd</value>
         <object_component_ref idref="oc-1ba"/>
      </symbol>
      <symbol id="sm-5a7">
         <name>pbRead</name>
         <value>0x36f1</value>
         <object_component_ref idref="oc-1ba"/>
      </symbol>
      <symbol id="sm-5be">
         <name>uartPutString</name>
         <value>0x332f</value>
         <object_component_ref idref="oc-184"/>
      </symbol>
      <symbol id="sm-5bf">
         <name>uprintf</name>
         <value>0x335b</value>
         <object_component_ref idref="oc-184"/>
      </symbol>
      <symbol id="sm-5c0">
         <name>uartInit</name>
         <value>0x32d1</value>
         <object_component_ref idref="oc-184"/>
      </symbol>
      <symbol id="sm-5c1">
         <name>uartPutChar</name>
         <value>0x330b</value>
         <object_component_ref idref="oc-184"/>
      </symbol>
      <symbol id="sm-5c2">
         <name>uartGetChar</name>
         <value>0x331d</value>
         <object_component_ref idref="oc-184"/>
      </symbol>
      <symbol id="sm-5f1">
         <name>vsnprintf</name>
         <value>0x3edd</value>
         <object_component_ref idref="oc-28d"/>
      </symbol>
      <symbol id="sm-5fe">
         <name>__aeabi_uldivmod</name>
         <value>0x3581</value>
         <object_component_ref idref="oc-190"/>
      </symbol>
      <symbol id="sm-763">
         <name>__TI_printfi</name>
         <value>0x26d</value>
         <object_component_ref idref="oc-34d"/>
      </symbol>
      <symbol id="sm-76d">
         <name>__aeabi_idiv0</name>
         <value>0xcbb</value>
         <object_component_ref idref="oc-29e"/>
      </symbol>
      <symbol id="sm-76e">
         <name>__aeabi_ldiv0</name>
         <value>0xcbb</value>
         <object_component_ref idref="oc-29e"/>
      </symbol>
      <symbol id="sm-784">
         <name>atoi</name>
         <value>0x3d7d</value>
         <object_component_ref idref="oc-3ba"/>
      </symbol>
      <symbol id="sm-78f">
         <name>_ctypes_</name>
         <value>0x44b0</value>
         <object_component_ref idref="oc-404"/>
      </symbol>
      <symbol id="sm-79e">
         <name>ltoa</name>
         <value>0x3b97</value>
         <object_component_ref idref="oc-40a"/>
      </symbol>
      <symbol id="sm-7ae">
         <name>memccpy</name>
         <value>0x4159</value>
         <object_component_ref idref="oc-3de"/>
      </symbol>
      <symbol id="sm-7be">
         <name>strchr</name>
         <value>0x4233</value>
         <object_component_ref idref="oc-431"/>
      </symbol>
      <symbol id="sm-7cc">
         <name>strlen</name>
         <value>0x4285</value>
         <object_component_ref idref="oc-3b4"/>
      </symbol>
      <symbol id="sm-7e5">
         <name>wcslen</name>
         <value>0x42bd</value>
         <object_component_ref idref="oc-3e4"/>
      </symbol>
      <symbol id="sm-7fb">
         <name>frexpl</name>
         <value>0x3a7d</value>
         <object_component_ref idref="oc-42b"/>
      </symbol>
      <symbol id="sm-7fc">
         <name>frexp</name>
         <value>0x3a7d</value>
         <object_component_ref idref="oc-42b"/>
      </symbol>
      <symbol id="sm-829">
         <name>SysTickEnable</name>
         <value>0x4249</value>
         <object_component_ref idref="oc-1b4"/>
      </symbol>
      <symbol id="sm-82a">
         <name>SysTickIntRegister</name>
         <value>0x4121</value>
         <object_component_ref idref="oc-1a8"/>
      </symbol>
      <symbol id="sm-82b">
         <name>SysTickIntEnable</name>
         <value>0x425d</value>
         <object_component_ref idref="oc-1ae"/>
      </symbol>
      <symbol id="sm-82c">
         <name>SysTickPeriodSet</name>
         <value>0x42d1</value>
         <object_component_ref idref="oc-1a2"/>
      </symbol>
      <symbol id="sm-85f">
         <name>UARTConfigSetExpClk</name>
         <value>0x3e11</value>
         <object_component_ref idref="oc-27b"/>
      </symbol>
      <symbol id="sm-860">
         <name>UARTDisable</name>
         <value>0x40e1</value>
         <object_component_ref idref="oc-33d"/>
      </symbol>
      <symbol id="sm-861">
         <name>UARTCharPut</name>
         <value>0x432b</value>
         <object_component_ref idref="oc-281"/>
      </symbol>
      <symbol id="sm-862">
         <name>UARTEnable</name>
         <value>0x4271</value>
         <object_component_ref idref="oc-343"/>
      </symbol>
      <symbol id="sm-863">
         <name>UARTCharGet</name>
         <value>0x4321</value>
         <object_component_ref idref="oc-287"/>
      </symbol>
      <symbol id="sm-864">
         <name>__TI_static_base__</name>
         <value>0x0</value>
      </symbol>
      <symbol id="sm-867">
         <name>__mpu_init</name>
         <value>0x0</value>
      </symbol>
      <symbol id="sm-868">
         <name>_system_post_cinit</name>
         <value>0x0</value>
      </symbol>
   </symbol_table>
   <title>Link successful</title>
</link_info>
