******************************************************************************
                  TI ARM Linker PC v18.12.4                    
******************************************************************************
>> Linked Mon Apr  5 15:49:47 2021

OUTPUT FILE NAME:   <Lab7.out>
ENTRY POINT SYMBOL: "_c_int00_noargs"  address: 00003fc5


MEMORY CONFIGURATION

         name            origin    length      used     unused   attr    fill
----------------------  --------  ---------  --------  --------  ----  --------
  FLASH                 00000000   00040000  000046fe  0003b902  R  X
  SRAM                  20000000   00008000  00000792  0000786e  RW X


SEGMENT ALLOCATION MAP

run origin  load origin   length   init length attrs members
----------  ----------- ---------- ----------- ----- -------
00000000    00000000    00004700   00004700    r-x
  00000000    00000000    0000026c   0000026c    r-- .intvecs
  0000026c    0000026c    000040ea   000040ea    r-x .text
  00004358    00004358    00000358   00000358    r-- .const
  000046b0    000046b0    00000050   00000050    r-- .cinit
20000000    20000000    00000796   00000000    rw-
  20000000    20000000    0000026c   00000000    rw- .vtable
  20000270    20000270    00000400   00000000    rw- .stack
  20000670    20000670    00000104   00000000    rw- .bss
  20000774    20000774    00000022   00000000    rw- .data


SECTION ALLOCATION MAP

 output                                  attributes/
section   page    origin      length       input sections
--------  ----  ----------  ----------   ----------------
.intvecs   0    00000000    0000026c     
                  00000000    0000026c     tm4c123gh6pm_startup_ccs.obj (.intvecs)

.text      0    0000026c    000040ea     
                  0000026c    00000a4e     rtsv7M4_T_le_v4SPD16_eabi.lib : _printfi.c.obj (.text:__TI_printfi)
                  00000cba    00000002                                   : div0.asm.obj (.text)
                  00000cbc    00000738                                   : k_rem_pio2.c.obj (.text:__kernel_rem_pio2)
                  000013f4    000005c4                                   : s_sin.c.obj (.text:sin)
                  000019b8    000003d0     Util.lib : launchpad.obj (.text)
                  00001d88    00000270     rtsv7M4_T_le_v4SPD16_eabi.lib : _printfi.c.obj (.text:_pconv_a)
                  00001ff8    0000025c     lab7_main.obj (.text)
                  00002254    000001d0     rtsv7M4_T_le_v4SPD16_eabi.lib : _printfi.c.obj (.text:_pconv_g)
                  00002424    000001b6                                   : fd_add_t2.asm.obj (.text)
                  000025da    00000002     --HOLE-- [fill = 0]
                  000025dc    00000174                                   : k_sin.c.obj (.text:__kernel_sin)
                  00002750    0000016c     driverlib.lib : gpio.obj (.text:GPIOPadConfigSet)
                  000028bc    0000016c     rtsv7M4_T_le_v4SPD16_eabi.lib : k_cos.c.obj (.text:__kernel_cos)
                  00002a28    0000013c                                   : _printfi.c.obj (.text:_pconv_e)
                  00002b64    00000136                                   : fd_div_t2.asm.obj (.text)
                  00002c9a    00000002     --HOLE-- [fill = 0]
                  00002c9c    00000124                                   : _printfi.c.obj (.text:fcvt)
                  00002dc0    00000118     driverlib.lib : sysctl.obj (.text:SysCtlClockGet)
                  00002ed8    00000110     rtsv7M4_T_le_v4SPD16_eabi.lib : s_scalbn.c.obj (.text:scalbn)
                  00002fe8    000000fc                                   : fd_mul_t2.asm.obj (.text)
                  000030e4    000000f8                                   : s_floor.c.obj (.text:floor)
                  000031dc    000000f4     driverlib.lib : sysctl.obj (.text:SysCtlClockSet)
                  000032d0    000000c4     Util.lib : uart.obj (.text)
                  00003394    000000b1     rtsv7M4_T_le_v4SPD16_eabi.lib : _printfi.c.obj (.text:_ltostr)
                  00003445    00000003     --HOLE-- [fill = 0]
                  00003448    0000009c     Util.lib : led.obj (.text)
                  000034e4    0000009c     rtsv7M4_T_le_v4SPD16_eabi.lib : memcpy_t2.asm.obj (.text)
                  00003580    00000096                                   : ull_div_t2.asm.obj (.text)
                  00003616    00000002     --HOLE-- [fill = 0]
                  00003618    00000090     pwmled.obj (.text)
                  000036a8    0000008c     Util.lib : pushbutton.obj (.text)
                  00003734    00000086     rtsv7M4_T_le_v4SPD16_eabi.lib : fd_cmp_t2.asm.obj (.text:__aeabi_cdcmple)
                  000037ba    00000086                                   : fd_cmp_t2.asm.obj (.text:__aeabi_cdrcmple)
                  00003840    0000007a     driverlib.lib : adc.obj (.text:ADCSequenceStepConfigure)
                  000038ba    0000007a     rtsv7M4_T_le_v4SPD16_eabi.lib : memset_t2.asm.obj (.text)
                  00003934    00000072     pwmled_asm.obj (.text)
                  000039a6    0000006e     rtsv7M4_T_le_v4SPD16_eabi.lib : _printfi.c.obj (.text:_mcpy)
                  00003a14    00000068                                   : copy_decompress_lzss.c.obj (.text:decompress:lzss:__TI_decompress_lzss)
                  00003a7c    00000064                                   : s_frexp.c.obj (.text:frexp)
                  00003ae0    00000060     driverlib.lib : timer.obj (.text:TimerConfigure)
                  00003b40    00000056     rtsv7M4_T_le_v4SPD16_eabi.lib : _printfi.c.obj (.text:_pconv_f)
                  00003b96    00000054                                   : ltoa.c.obj (.text:ltoa)
                  00003bea    00000002     --HOLE-- [fill = 0]
                  00003bec    00000054     pwmbuzzer.obj (.text)
                  00003c40    00000052     rtsv7M4_T_le_v4SPD16_eabi.lib : _printfi.c.obj (.text:_ecpy)
                  00003c92    0000004e     driverlib.lib : adc.obj (.text:ADCSequenceConfigure)
                  00003ce0    0000004e     ras_asm.obj (.text)
                  00003d2e    00000002     --HOLE-- [fill = 0]
                  00003d30    0000004c     driverlib.lib : gpio.obj (.text:GPIOPinConfigure)
                  00003d7c    0000004c     rtsv7M4_T_le_v4SPD16_eabi.lib : atoi.c.obj (.text:atoi)
                  00003dc8    00000048                                   : fd_toi_t2.asm.obj (.text)
                  00003e10    00000046     driverlib.lib : uart.obj (.text:UARTConfigSetExpClk)
                  00003e56    00000002     --HOLE-- [fill = 0]
                  00003e58    00000044     rtsv7M4_T_le_v4SPD16_eabi.lib : autoinit.c.obj (.text:__TI_auto_init_nobinit_nopinit:__TI_auto_init_nobinit_nopinit)
                  00003e9c    00000040     ras.obj (.text)
                  00003edc    00000040     rtsv7M4_T_le_v4SPD16_eabi.lib : vsnprintf.c.obj (.text:vsnprintf)
                  00003f1c    0000003e                                   : _printfi.c.obj (.text:_fcpy)
                  00003f5a    00000002     --HOLE-- [fill = 0]
                  00003f5c    00000034     driverlib.lib : interrupt.obj (.text:IntRegister)
                  00003f90    00000034                   : sysctl.obj (.text:SysCtlPeripheralEnable)
                  00003fc4    00000034     rtsv7M4_T_le_v4SPD16_eabi.lib : boot_cortex_m.c.obj (.text:_c_int00_noargs:_c_int00_noargs)
                  00003ff8    00000030                                   : vsnprintf.c.obj (.text:_outs)
                  00004028    0000002e     driverlib.lib : adc.obj (.text:ADCIntStatus)
                  00004056    00000002     --HOLE-- [fill = 0]
                  00004058    0000002e     pwmbuzzer_asm.obj (.text)
                  00004086    0000002e     rtsv7M4_T_le_v4SPD16_eabi.lib : i_tofd_t2.asm.obj (.text)
                  000040b4    0000002c     driverlib.lib : gpio.obj (.text:GPIODirModeSet)
                  000040e0    00000020                   : uart.obj (.text:UARTDisable)
                  00004100    0000001e                   : adc.obj (.text:ADCSequenceDataGet)
                  0000411e    00000002     --HOLE-- [fill = 0]
                  00004120    0000001c                   : systick.obj (.text:SysTickIntRegister)
                  0000413c    0000001c     rtsv7M4_T_le_v4SPD16_eabi.lib : copy_zero_init.c.obj (.text:decompress:ZI:__TI_zero_init_nomemset:__TI_zero_init_nomemset)
                  00004158    0000001c                                   : memccpy.c.obj (.text:memccpy)
                  00004174    0000001a     driverlib.lib : gpio.obj (.text:GPIOPinTypeGPIOOutput)
                  0000418e    0000001a     rtsv7M4_T_le_v4SPD16_eabi.lib : s_copysign.c.obj (.text:copysign)
                  000041a8    00000018     driverlib.lib : adc.obj (.text:ADCProcessorTrigger)
                  000041c0    00000018                   : timer.obj (.text:TimerControlLevel)
                  000041d8    00000018     rtsv7M4_T_le_v4SPD16_eabi.lib : vsnprintf.c.obj (.text:_outc)
                  000041f0    00000016     driverlib.lib : gpio.obj (.text:GPIOPinTypeGPIOInput)
                  00004206    00000016                   : gpio.obj (.text:GPIOPinTypeTimer)
                  0000421c    00000016                   : gpio.obj (.text:GPIOPinTypeUART)
                  00004232    00000016     rtsv7M4_T_le_v4SPD16_eabi.lib : strchr.c.obj (.text:strchr)
                  00004248    00000014     driverlib.lib : systick.obj (.text:SysTickEnable)
                  0000425c    00000014                   : systick.obj (.text:SysTickIntEnable)
                  00004270    00000014                   : uart.obj (.text:UARTEnable)
                  00004284    00000014     rtsv7M4_T_le_v4SPD16_eabi.lib : strlen.c.obj (.text:strlen)
                  00004298    00000012     driverlib.lib : timer.obj (.text:TimerLoadSet)
                  000042aa    00000012                   : timer.obj (.text:TimerMatchSet)
                  000042bc    00000012     rtsv7M4_T_le_v4SPD16_eabi.lib : wcslen.c.obj (.text:wcslen)
                  000042ce    00000002     --HOLE-- [fill = 0]
                  000042d0    00000010     driverlib.lib : systick.obj (.text:SysTickPeriodSet)
                  000042e0    0000000e                   : adc.obj (.text:ADCSequenceEnable)
                  000042ee    0000000e                   : timer.obj (.text:TimerEnable)
                  000042fc    0000000e     rtsv7M4_T_le_v4SPD16_eabi.lib : copy_decompress_none.c.obj (.text:decompress:none:__TI_decompress_none)
                  0000430a    0000000c     tm4c123gh6pm_startup_ccs.obj (.text)
                  00004316    0000000a     driverlib.lib : adc.obj (.text:ADCIntClear)
                  00004320    0000000a                   : uart.obj (.text:UARTCharGet)
                  0000432a    0000000a                   : uart.obj (.text:UARTCharPut)
                  00004334    00000008     rtsv7M4_T_le_v4SPD16_eabi.lib : errno.c.obj (.text:__aeabi_errno_addr)
                  0000433c    00000006     driverlib.lib : gpio.obj (.text:GPIOPinRead)
                  00004342    00000006                   : gpio.obj (.text:GPIOPinWrite)
                  00004348    00000006                   : sysctl.obj (.text:SysCtlDelay)
                  0000434e    00000004     rtsv7M4_T_le_v4SPD16_eabi.lib : pre_init.c.obj (.text:_system_pre_init)
                  00004352    00000004                                   : exit.c.obj (.text:abort:abort)

.const     0    00004358    00000358     
                  00004358    00000158     rtsv7M4_T_le_v4SPD16_eabi.lib : k_rem_pio2.c.obj (.const:$O1$$)
                  000044b0    00000101                                   : ctype.c.obj (.const:.string:_ctypes_)
                  000045b1    00000003     --HOLE-- [fill = 0]
                  000045b4    00000090     driverlib.lib : gpio.obj (.const:g_pui32GPIOBaseAddrs)
                  00004644    0000006c                   : sysctl.obj (.const:g_pui32Xtals)

.cinit     0    000046b0    00000050     
                  000046b0    00000017     (.cinit..data.load) [load image, compression = lzss]
                  000046c7    00000001     --HOLE-- [fill = 0]
                  000046c8    0000000c     (__TI_handler_table)
                  000046d4    00000004     --HOLE-- [fill = 0]
                  000046d8    00000008     (.cinit..bss.load) [load image, compression = zero_init]
                  000046e0    00000008     (.cinit..vtable.load) [load image, compression = zero_init]
                  000046e8    00000018     (__TI_cinit_table)

.init_array 
*          0    00000000    00000000     UNINITIALIZED

.vtable    0    20000000    0000026c     UNINITIALIZED
                  20000000    0000026c     driverlib.lib : interrupt.obj (.vtable)

.bss       0    20000670    00000104     UNINITIALIZED
                  20000670    00000100     Util.lib : launchpad.obj (.bss:callbackHeap)
                  20000770    00000004              : launchpad.obj (.bss)

.data      0    20000774    00000022     UNINITIALIZED
                  20000774    00000008     Util.lib : launchpad.obj (.data)
                  2000077c    00000008     lab7_main.obj (.data:buzz)
                  20000784    00000008     lab7_main.obj (.data:led)
                  2000078c    00000004     lab7_main.obj (.data)
                  20000790    00000004     rtsv7M4_T_le_v4SPD16_eabi.lib : errno.c.obj (.data)
                  20000794    00000001     Util.lib : led.obj (.data)
                  20000795    00000001              : pushbutton.obj (.data)

.stack     0    20000270    00000400     UNINITIALIZED
                  20000270    00000004     rtsv7M4_T_le_v4SPD16_eabi.lib : boot_cortex_m.c.obj (.stack)
                  20000274    000003fc     --HOLE--

MODULE SUMMARY

       Module                         code    ro data   rw data
       ------                         ----    -------   -------
    .\
       tm4c123gh6pm_startup_ccs.obj   12      620       0      
       lab7_main.obj                  604     0         20     
       pwmled.obj                     144     0         0      
       pwmled_asm.obj                 114     0         0      
       pwmbuzzer.obj                  84      0         0      
       ras_asm.obj                    78      0         0      
       ras.obj                        64      0         0      
       pwmbuzzer_asm.obj              46      0         0      
    +--+------------------------------+-------+---------+---------+
       Total:                         1146    620       20     
                                                               
    C:/Users/perth/OneDrive/Desktop/College Stuff/4. ECE 266/LabGroupA1/Util/Debug/Util.lib
       launchpad.obj                  976     0         268    
       uart.obj                       196     0         0      
       led.obj                        156     0         1      
       pushbutton.obj                 140     0         1      
    +--+------------------------------+-------+---------+---------+
       Total:                         1468    0         270    
                                                               
    C:/ti/TivaWare_C_Series-2.2.0.295/driverlib/ccs/Debug/driverlib.lib
       gpio.obj                       588     144       0      
       sysctl.obj                     582     108       0      
       interrupt.obj                  52      0         620    
       adc.obj                        324     0         0      
       timer.obj                      170     0         0      
       uart.obj                       142     0         0      
       systick.obj                    84      0         0      
    +--+------------------------------+-------+---------+---------+
       Total:                         1942    252       620    
                                                               
    C:\ti\ccs930\ccs\tools\compiler\ti-cgt-arm_18.12.4.LTS\lib\rtsv7M4_T_le_v4SPD16_eabi.lib
       _printfi.c.obj                 4851    0         0      
       k_rem_pio2.c.obj               1848    344       0      
       s_sin.c.obj                    1476    0         0      
       fd_add_t2.asm.obj              438     0         0      
       k_sin.c.obj                    372     0         0      
       k_cos.c.obj                    364     0         0      
       fd_div_t2.asm.obj              310     0         0      
       s_scalbn.c.obj                 272     0         0      
       fd_cmp_t2.asm.obj              268     0         0      
       ctype.c.obj                    0       257       0      
       fd_mul_t2.asm.obj              252     0         0      
       s_floor.c.obj                  248     0         0      
       memcpy_t2.asm.obj              156     0         0      
       ull_div_t2.asm.obj             150     0         0      
       vsnprintf.c.obj                136     0         0      
       memset_t2.asm.obj              122     0         0      
       copy_decompress_lzss.c.obj     104     0         0      
       s_frexp.c.obj                  100     0         0      
       ltoa.c.obj                     84      0         0      
       atoi.c.obj                     76      0         0      
       fd_toi_t2.asm.obj              72      0         0      
       autoinit.c.obj                 68      0         0      
       boot_cortex_m.c.obj            52      0         0      
       i_tofd_t2.asm.obj              46      0         0      
       copy_zero_init.c.obj           28      0         0      
       memccpy.c.obj                  28      0         0      
       s_copysign.c.obj               26      0         0      
       strchr.c.obj                   22      0         0      
       strlen.c.obj                   20      0         0      
       wcslen.c.obj                   18      0         0      
       copy_decompress_none.c.obj     14      0         0      
       errno.c.obj                    8       0         4      
       exit.c.obj                     4       0         0      
       pre_init.c.obj                 4       0         0      
       div0.asm.obj                   2       0         0      
    +--+------------------------------+-------+---------+---------+
       Total:                         12039   601       4      
                                                               
       Stack:                         0       0         1024   
       Linker Generated:              0       75        0      
    +--+------------------------------+-------+---------+---------+
       Grand Total:                   16595   1548      1938   


LINKER GENERATED COPY TABLES

__TI_cinit_table @ 000046e8 records: 3, size/record: 8, table size: 24
	.data: load addr=000046b0, load size=00000017 bytes, run addr=20000774, run size=00000022 bytes, compression=lzss
	.bss: load addr=000046d8, load size=00000008 bytes, run addr=20000670, run size=00000104 bytes, compression=zero_init
	.vtable: load addr=000046e0, load size=00000008 bytes, run addr=20000000, run size=0000026c bytes, compression=zero_init


LINKER GENERATED HANDLER TABLE

__TI_handler_table @ 000046c8 records: 3, size/record: 4, table size: 12
	index: 0, handler: __TI_zero_init
	index: 1, handler: __TI_decompress_lzss
	index: 2, handler: __TI_decompress_none


GLOBAL SYMBOLS: SORTED ALPHABETICALLY BY Name 

address   name                          
-------   ----                          
00004317  ADCIntClear                   
00004029  ADCIntStatus                  
00002153  ADCOutput                     
000041a9  ADCProcessorTrigger           
00003c93  ADCSequenceConfigure          
00004101  ADCSequenceDataGet            
000042e1  ADCSequenceEnable             
00003841  ADCSequenceStepConfigure      
00004353  C$$EXIT                       
000040b5  GPIODirModeSet                
00002751  GPIOPadConfigSet              
00003d31  GPIOPinConfigure              
0000433d  GPIOPinRead                   
000041f1  GPIOPinTypeGPIOInput          
00004175  GPIOPinTypeGPIOOutput         
00004207  GPIOPinTypeTimer              
0000421d  GPIOPinTypeUART               
00004343  GPIOPinWrite                  
00003f5d  IntRegister                   
0000430b  ResetISR                      
00002dc1  SysCtlClockGet                
000031dd  SysCtlClockSet                
00004349  SysCtlDelay                   
00003f91  SysCtlPeripheralEnable        
00004249  SysTickEnable                 
0000425d  SysTickIntEnable              
00004121  SysTickIntRegister            
000042d1  SysTickPeriodSet              
00003ae1  TimerConfigure                
000041c1  TimerControlLevel             
000042ef  TimerEnable                   
00004299  TimerLoadSet                  
000042ab  TimerMatchSet                 
00004321  UARTCharGet                   
0000432b  UARTCharPut                   
00003e11  UARTConfigSetExpClk           
000040e1  UARTDisable                   
00004271  UARTEnable                    
20000670  __STACK_END                   
00000400  __STACK_SIZE                  
20000470  __STACK_TOP                   
000046e8  __TI_CINIT_Base               
00004700  __TI_CINIT_Limit              
000046c8  __TI_Handler_Table_Base       
000046d4  __TI_Handler_Table_Limit      
00003e59  __TI_auto_init_nobinit_nopinit
00003a15  __TI_decompress_lzss          
000042fd  __TI_decompress_none          
ffffffff  __TI_pprof_out_hndl           
0000026d  __TI_printfi                  
ffffffff  __TI_prof_data_size           
ffffffff  __TI_prof_data_start          
00000000  __TI_static_base__            
0000413d  __TI_zero_init_nomemset       
00003735  __aeabi_cdcmpeq               
00003735  __aeabi_cdcmple               
000037bb  __aeabi_cdrcmple              
00003dc9  __aeabi_d2iz                  
0000242f  __aeabi_dadd                  
00002b65  __aeabi_ddiv                  
00002fe9  __aeabi_dmul                  
00002425  __aeabi_dsub                  
00004335  __aeabi_errno_addr            
00004087  __aeabi_i2d                   
00000cbb  __aeabi_idiv0                 
00000cbb  __aeabi_ldiv0                 
000038bb  __aeabi_memclr                
000038bb  __aeabi_memclr4               
000038bb  __aeabi_memclr8               
000034e5  __aeabi_memcpy                
000034e5  __aeabi_memcpy4               
000034e5  __aeabi_memcpy8               
000038bd  __aeabi_memset                
000038bd  __aeabi_memset4               
000038bd  __aeabi_memset8               
00003581  __aeabi_uldivmod              
ffffffff  __binit__                     
ffffffff  __c_args__                    
000028bd  __kernel_cos                  
00000cbd  __kernel_rem_pio2             
000025dd  __kernel_sin                  
UNDEFED   __mpu_init                    
20000270  __stack                       
00003fc5  _c_int00_noargs               
000044b0  _ctypes_                      
UNDEFED   _system_post_cinit            
0000434f  _system_pre_init              
00004353  abort                         
00003d7d  atoi                          
ffffffff  binit                         
00004065  buzzPWMSet                    
00003bed  buzzerInit                    
00002101  callbackBuzzerPlay            
00002047  callbackLedPlay               
0000418f  copysign                      
0000418f  copysignl                     
20000790  errno                         
000030e5  floor                         
000030e5  floorl                        
00003a7d  frexp                         
00003a7d  frexpl                        
20000000  g_pfnRAMVectors               
00000000  g_pfnVectors                  
00002ed9  ldexp                         
00002ed9  ldexpl                        
0000346b  ledInit                       
00003449  ledInitForced                 
00003619  ledPwmInit                    
0000394d  ledPwmSet                     
0000347f  ledTurnOnOff                  
00001cc3  lpInit                        
00003b97  ltoa                          
000021dd  main                          
00004159  memccpy                       
000034e5  memcpy                        
000038c3  memset                        
000036dd  pbInit                        
000036a9  pbInitForced                  
000036f1  pbRead                        
00003e9d  rasInit                       
00003ce9  rasRead                       
00002ed9  scalbn                        
00002ed9  scalbnl                       
00001ae7  schdCallback                  
00001b61  schdExecute                   
000013f5  sin                           
000013f5  sinl                          
00004233  strchr                        
00004285  strlen                        
00001a4b  sysTimeGet                    
00001a51  sysTimeReached                
00001a77  sysTimeWait                   
00001a9b  sysTimeWaitAbsolute           
0000331d  uartGetChar                   
000032d1  uartInit                      
0000330b  uartPutChar                   
0000332f  uartPutString                 
0000335b  uprintf                       
00003edd  vsnprintf                     
00001c65  waitMs                        
00001c95  waitUs                        
000042bd  wcslen                        


GLOBAL SYMBOLS: SORTED BY Symbol Address 

address   name                          
-------   ----                          
00000000  __TI_static_base__            
00000000  g_pfnVectors                  
0000026d  __TI_printfi                  
00000400  __STACK_SIZE                  
00000cbb  __aeabi_idiv0                 
00000cbb  __aeabi_ldiv0                 
00000cbd  __kernel_rem_pio2             
000013f5  sin                           
000013f5  sinl                          
00001a4b  sysTimeGet                    
00001a51  sysTimeReached                
00001a77  sysTimeWait                   
00001a9b  sysTimeWaitAbsolute           
00001ae7  schdCallback                  
00001b61  schdExecute                   
00001c65  waitMs                        
00001c95  waitUs                        
00001cc3  lpInit                        
00002047  callbackLedPlay               
00002101  callbackBuzzerPlay            
00002153  ADCOutput                     
000021dd  main                          
00002425  __aeabi_dsub                  
0000242f  __aeabi_dadd                  
000025dd  __kernel_sin                  
00002751  GPIOPadConfigSet              
000028bd  __kernel_cos                  
00002b65  __aeabi_ddiv                  
00002dc1  SysCtlClockGet                
00002ed9  ldexp                         
00002ed9  ldexpl                        
00002ed9  scalbn                        
00002ed9  scalbnl                       
00002fe9  __aeabi_dmul                  
000030e5  floor                         
000030e5  floorl                        
000031dd  SysCtlClockSet                
000032d1  uartInit                      
0000330b  uartPutChar                   
0000331d  uartGetChar                   
0000332f  uartPutString                 
0000335b  uprintf                       
00003449  ledInitForced                 
0000346b  ledInit                       
0000347f  ledTurnOnOff                  
000034e5  __aeabi_memcpy                
000034e5  __aeabi_memcpy4               
000034e5  __aeabi_memcpy8               
000034e5  memcpy                        
00003581  __aeabi_uldivmod              
00003619  ledPwmInit                    
000036a9  pbInitForced                  
000036dd  pbInit                        
000036f1  pbRead                        
00003735  __aeabi_cdcmpeq               
00003735  __aeabi_cdcmple               
000037bb  __aeabi_cdrcmple              
00003841  ADCSequenceStepConfigure      
000038bb  __aeabi_memclr                
000038bb  __aeabi_memclr4               
000038bb  __aeabi_memclr8               
000038bd  __aeabi_memset                
000038bd  __aeabi_memset4               
000038bd  __aeabi_memset8               
000038c3  memset                        
0000394d  ledPwmSet                     
00003a15  __TI_decompress_lzss          
00003a7d  frexp                         
00003a7d  frexpl                        
00003ae1  TimerConfigure                
00003b97  ltoa                          
00003bed  buzzerInit                    
00003c93  ADCSequenceConfigure          
00003ce9  rasRead                       
00003d31  GPIOPinConfigure              
00003d7d  atoi                          
00003dc9  __aeabi_d2iz                  
00003e11  UARTConfigSetExpClk           
00003e59  __TI_auto_init_nobinit_nopinit
00003e9d  rasInit                       
00003edd  vsnprintf                     
00003f5d  IntRegister                   
00003f91  SysCtlPeripheralEnable        
00003fc5  _c_int00_noargs               
00004029  ADCIntStatus                  
00004065  buzzPWMSet                    
00004087  __aeabi_i2d                   
000040b5  GPIODirModeSet                
000040e1  UARTDisable                   
00004101  ADCSequenceDataGet            
00004121  SysTickIntRegister            
0000413d  __TI_zero_init_nomemset       
00004159  memccpy                       
00004175  GPIOPinTypeGPIOOutput         
0000418f  copysign                      
0000418f  copysignl                     
000041a9  ADCProcessorTrigger           
000041c1  TimerControlLevel             
000041f1  GPIOPinTypeGPIOInput          
00004207  GPIOPinTypeTimer              
0000421d  GPIOPinTypeUART               
00004233  strchr                        
00004249  SysTickEnable                 
0000425d  SysTickIntEnable              
00004271  UARTEnable                    
00004285  strlen                        
00004299  TimerLoadSet                  
000042ab  TimerMatchSet                 
000042bd  wcslen                        
000042d1  SysTickPeriodSet              
000042e1  ADCSequenceEnable             
000042ef  TimerEnable                   
000042fd  __TI_decompress_none          
0000430b  ResetISR                      
00004317  ADCIntClear                   
00004321  UARTCharGet                   
0000432b  UARTCharPut                   
00004335  __aeabi_errno_addr            
0000433d  GPIOPinRead                   
00004343  GPIOPinWrite                  
00004349  SysCtlDelay                   
0000434f  _system_pre_init              
00004353  C$$EXIT                       
00004353  abort                         
000044b0  _ctypes_                      
000046c8  __TI_Handler_Table_Base       
000046d4  __TI_Handler_Table_Limit      
000046e8  __TI_CINIT_Base               
00004700  __TI_CINIT_Limit              
20000000  g_pfnRAMVectors               
20000270  __stack                       
20000470  __STACK_TOP                   
20000670  __STACK_END                   
20000790  errno                         
ffffffff  __TI_pprof_out_hndl           
ffffffff  __TI_prof_data_size           
ffffffff  __TI_prof_data_start          
ffffffff  __binit__                     
ffffffff  __c_args__                    
ffffffff  binit                         
UNDEFED   __mpu_init                    
UNDEFED   _system_post_cinit            

[142 symbols]
