<?xml version="1.0" encoding="ISO-8859-1" ?>
<link_info>
   <banner>TI ARM Linker PC v18.12.4.LTS</banner>
   <copyright>Copyright (c) 1996-2018 Texas Instruments Incorporated</copyright>
   <link_time>0x60458a47</link_time>
   <link_errors>0x0</link_errors>
   <output_file>Lab6.out</output_file>
   <entry_point>
      <name>_c_int00_noargs</name>
      <address>0x2e49</address>
   </entry_point>
   <input_file_list>
      <input_file id="fl-2">
         <path>.\</path>
         <kind>object</kind>
         <file>lab6_main.obj</file>
         <name>lab6_main.obj</name>
      </input_file>
      <input_file id="fl-3">
         <path>.\</path>
         <kind>object</kind>
         <file>ras.obj</file>
         <name>ras.obj</name>
      </input_file>
      <input_file id="fl-4">
         <path>.\</path>
         <kind>object</kind>
         <file>ras_asm.obj</file>
         <name>ras_asm.obj</name>
      </input_file>
      <input_file id="fl-5">
         <path>.\</path>
         <kind>object</kind>
         <file>ras_asm_direct.obj</file>
         <name>ras_asm_direct.obj</name>
      </input_file>
      <input_file id="fl-6">
         <path>.\</path>
         <kind>object</kind>
         <file>seg7.obj</file>
         <name>seg7.obj</name>
      </input_file>
      <input_file id="fl-7">
         <path>.\</path>
         <kind>object</kind>
         <file>sig7digit.obj</file>
         <name>sig7digit.obj</name>
      </input_file>
      <input_file id="fl-8">
         <path>.\</path>
         <kind>object</kind>
         <file>tm4c123gh6pm_startup_ccs.obj</file>
         <name>tm4c123gh6pm_startup_ccs.obj</name>
      </input_file>
      <input_file id="fl-e">
         <kind>object</kind>
         <file>&lt;internal&gt;</file>
         <name>&lt;internal&gt;</name>
      </input_file>
      <input_file id="fl-c4">
         <path>C:\ti\ccs930\ccs\tools\compiler\ti-cgt-arm_18.12.4.LTS\lib\</path>
         <kind>archive</kind>
         <file>rtsv7M4_T_le_v4SPD16_eabi.lib</file>
         <name>copy_zero_init.c.obj</name>
      </input_file>
      <input_file id="fl-c5">
         <path>C:\ti\ccs930\ccs\tools\compiler\ti-cgt-arm_18.12.4.LTS\lib\</path>
         <kind>archive</kind>
         <file>rtsv7M4_T_le_v4SPD16_eabi.lib</file>
         <name>copy_decompress_none.c.obj</name>
      </input_file>
      <input_file id="fl-c6">
         <path>C:\ti\ccs930\ccs\tools\compiler\ti-cgt-arm_18.12.4.LTS\lib\</path>
         <kind>archive</kind>
         <file>rtsv7M4_T_le_v4SPD16_eabi.lib</file>
         <name>copy_decompress_lzss.c.obj</name>
      </input_file>
      <input_file id="fl-c7">
         <path>C:\ti\ccs930\ccs\tools\compiler\ti-cgt-arm_18.12.4.LTS\lib\</path>
         <kind>archive</kind>
         <file>rtsv7M4_T_le_v4SPD16_eabi.lib</file>
         <name>boot_cortex_m.c.obj</name>
      </input_file>
      <input_file id="fl-c8">
         <path>C:\ti\ccs930\ccs\tools\compiler\ti-cgt-arm_18.12.4.LTS\lib\</path>
         <kind>archive</kind>
         <file>rtsv7M4_T_le_v4SPD16_eabi.lib</file>
         <name>memcpy_t2.asm.obj</name>
      </input_file>
      <input_file id="fl-c9">
         <path>C:\ti\ccs930\ccs\tools\compiler\ti-cgt-arm_18.12.4.LTS\lib\</path>
         <kind>archive</kind>
         <file>rtsv7M4_T_le_v4SPD16_eabi.lib</file>
         <name>memset_t2.asm.obj</name>
      </input_file>
      <input_file id="fl-ca">
         <path>C:\ti\ccs930\ccs\tools\compiler\ti-cgt-arm_18.12.4.LTS\lib\</path>
         <kind>archive</kind>
         <file>rtsv7M4_T_le_v4SPD16_eabi.lib</file>
         <name>autoinit.c.obj</name>
      </input_file>
      <input_file id="fl-cb">
         <path>C:\ti\ccs930\ccs\tools\compiler\ti-cgt-arm_18.12.4.LTS\lib\</path>
         <kind>archive</kind>
         <file>rtsv7M4_T_le_v4SPD16_eabi.lib</file>
         <name>pre_init.c.obj</name>
      </input_file>
      <input_file id="fl-cc">
         <path>C:\ti\ccs930\ccs\tools\compiler\ti-cgt-arm_18.12.4.LTS\lib\</path>
         <kind>archive</kind>
         <file>rtsv7M4_T_le_v4SPD16_eabi.lib</file>
         <name>cpy_tbl.c.obj</name>
      </input_file>
      <input_file id="fl-cd">
         <path>C:\ti\ccs930\ccs\tools\compiler\ti-cgt-arm_18.12.4.LTS\lib\</path>
         <kind>archive</kind>
         <file>rtsv7M4_T_le_v4SPD16_eabi.lib</file>
         <name>exit.c.obj</name>
      </input_file>
      <input_file id="fl-ce">
         <path>C:\ti\ccs930\ccs\tools\compiler\ti-cgt-arm_18.12.4.LTS\lib\</path>
         <kind>archive</kind>
         <file>rtsv7M4_T_le_v4SPD16_eabi.lib</file>
         <name>_lock.c.obj</name>
      </input_file>
      <input_file id="fl-cf">
         <path>C:\ti\ccs930\ccs\tools\compiler\ti-cgt-arm_18.12.4.LTS\lib\</path>
         <kind>archive</kind>
         <file>rtsv7M4_T_le_v4SPD16_eabi.lib</file>
         <name>args_main.c.obj</name>
      </input_file>
      <input_file id="fl-d0">
         <path>C:\ti\TivaWare_C_Series-2.2.0.295\driverlib\ccs\Debug\</path>
         <kind>archive</kind>
         <file>driverlib.lib</file>
         <name>adc.obj</name>
      </input_file>
      <input_file id="fl-d1">
         <path>C:\ti\TivaWare_C_Series-2.2.0.295\driverlib\ccs\Debug\</path>
         <kind>archive</kind>
         <file>driverlib.lib</file>
         <name>gpio.obj</name>
      </input_file>
      <input_file id="fl-d2">
         <path>C:\ti\TivaWare_C_Series-2.2.0.295\driverlib\ccs\Debug\</path>
         <kind>archive</kind>
         <file>driverlib.lib</file>
         <name>interrupt.obj</name>
      </input_file>
      <input_file id="fl-d3">
         <path>C:\ti\TivaWare_C_Series-2.2.0.295\driverlib\ccs\Debug\</path>
         <kind>archive</kind>
         <file>driverlib.lib</file>
         <name>sysctl.obj</name>
      </input_file>
      <input_file id="fl-d4">
         <path>C:\ti\TivaWare_C_Series-2.2.0.295\driverlib\ccs\Debug\</path>
         <kind>archive</kind>
         <file>driverlib.lib</file>
         <name>cpu.obj</name>
      </input_file>
      <input_file id="fl-d5">
         <path>C:\Users\perth\OneDrive\Desktop\College Stuff\4. ECE 266\LabGroupA1\Util\Debug\</path>
         <kind>archive</kind>
         <file>Util.lib</file>
         <name>launchpad.obj</name>
      </input_file>
      <input_file id="fl-d6">
         <path>C:\Users\perth\OneDrive\Desktop\College Stuff\4. ECE 266\LabGroupA1\Util\Debug\</path>
         <kind>archive</kind>
         <file>Util.lib</file>
         <name>led.obj</name>
      </input_file>
      <input_file id="fl-d7">
         <path>C:\Users\perth\OneDrive\Desktop\College Stuff\4. ECE 266\LabGroupA1\Util\Debug\</path>
         <kind>archive</kind>
         <file>Util.lib</file>
         <name>pushbutton.obj</name>
      </input_file>
      <input_file id="fl-d8">
         <path>C:\Users\perth\OneDrive\Desktop\College Stuff\4. ECE 266\LabGroupA1\Util\Debug\</path>
         <kind>archive</kind>
         <file>Util.lib</file>
         <name>uart.obj</name>
      </input_file>
      <input_file id="fl-d9">
         <path>C:\ti\ccs930\ccs\tools\compiler\ti-cgt-arm_18.12.4.LTS\lib\</path>
         <kind>archive</kind>
         <file>rtsv7M4_T_le_v4SPD16_eabi.lib</file>
         <name>vsnprintf.c.obj</name>
      </input_file>
      <input_file id="fl-da">
         <path>C:\ti\ccs930\ccs\tools\compiler\ti-cgt-arm_18.12.4.LTS\lib\</path>
         <kind>archive</kind>
         <file>rtsv7M4_T_le_v4SPD16_eabi.lib</file>
         <name>ull_div_t2.asm.obj</name>
      </input_file>
      <input_file id="fl-db">
         <path>C:\ti\ccs930\ccs\tools\compiler\ti-cgt-arm_18.12.4.LTS\lib\</path>
         <kind>archive</kind>
         <file>rtsv7M4_T_le_v4SPD16_eabi.lib</file>
         <name>_printfi.c.obj</name>
      </input_file>
      <input_file id="fl-dc">
         <path>C:\ti\ccs930\ccs\tools\compiler\ti-cgt-arm_18.12.4.LTS\lib\</path>
         <kind>archive</kind>
         <file>rtsv7M4_T_le_v4SPD16_eabi.lib</file>
         <name>div0.asm.obj</name>
      </input_file>
      <input_file id="fl-dd">
         <path>C:\ti\ccs930\ccs\tools\compiler\ti-cgt-arm_18.12.4.LTS\lib\</path>
         <kind>archive</kind>
         <file>rtsv7M4_T_le_v4SPD16_eabi.lib</file>
         <name>fd_add_t2.asm.obj</name>
      </input_file>
      <input_file id="fl-de">
         <path>C:\ti\ccs930\ccs\tools\compiler\ti-cgt-arm_18.12.4.LTS\lib\</path>
         <kind>archive</kind>
         <file>rtsv7M4_T_le_v4SPD16_eabi.lib</file>
         <name>fd_cmp_t2.asm.obj</name>
      </input_file>
      <input_file id="fl-df">
         <path>C:\ti\ccs930\ccs\tools\compiler\ti-cgt-arm_18.12.4.LTS\lib\</path>
         <kind>archive</kind>
         <file>rtsv7M4_T_le_v4SPD16_eabi.lib</file>
         <name>fd_div_t2.asm.obj</name>
      </input_file>
      <input_file id="fl-e0">
         <path>C:\ti\ccs930\ccs\tools\compiler\ti-cgt-arm_18.12.4.LTS\lib\</path>
         <kind>archive</kind>
         <file>rtsv7M4_T_le_v4SPD16_eabi.lib</file>
         <name>fd_mul_t2.asm.obj</name>
      </input_file>
      <input_file id="fl-e1">
         <path>C:\ti\ccs930\ccs\tools\compiler\ti-cgt-arm_18.12.4.LTS\lib\</path>
         <kind>archive</kind>
         <file>rtsv7M4_T_le_v4SPD16_eabi.lib</file>
         <name>fd_toi_t2.asm.obj</name>
      </input_file>
      <input_file id="fl-e2">
         <path>C:\ti\ccs930\ccs\tools\compiler\ti-cgt-arm_18.12.4.LTS\lib\</path>
         <kind>archive</kind>
         <file>rtsv7M4_T_le_v4SPD16_eabi.lib</file>
         <name>i_tofd_t2.asm.obj</name>
      </input_file>
      <input_file id="fl-e3">
         <path>C:\ti\ccs930\ccs\tools\compiler\ti-cgt-arm_18.12.4.LTS\lib\</path>
         <kind>archive</kind>
         <file>rtsv7M4_T_le_v4SPD16_eabi.lib</file>
         <name>atoi.c.obj</name>
      </input_file>
      <input_file id="fl-e4">
         <path>C:\ti\ccs930\ccs\tools\compiler\ti-cgt-arm_18.12.4.LTS\lib\</path>
         <kind>archive</kind>
         <file>rtsv7M4_T_le_v4SPD16_eabi.lib</file>
         <name>ctype.c.obj</name>
      </input_file>
      <input_file id="fl-e5">
         <path>C:\ti\ccs930\ccs\tools\compiler\ti-cgt-arm_18.12.4.LTS\lib\</path>
         <kind>archive</kind>
         <file>rtsv7M4_T_le_v4SPD16_eabi.lib</file>
         <name>ltoa.c.obj</name>
      </input_file>
      <input_file id="fl-e6">
         <path>C:\ti\ccs930\ccs\tools\compiler\ti-cgt-arm_18.12.4.LTS\lib\</path>
         <kind>archive</kind>
         <file>rtsv7M4_T_le_v4SPD16_eabi.lib</file>
         <name>memccpy.c.obj</name>
      </input_file>
      <input_file id="fl-e7">
         <path>C:\ti\ccs930\ccs\tools\compiler\ti-cgt-arm_18.12.4.LTS\lib\</path>
         <kind>archive</kind>
         <file>rtsv7M4_T_le_v4SPD16_eabi.lib</file>
         <name>strchr.c.obj</name>
      </input_file>
      <input_file id="fl-e8">
         <path>C:\ti\ccs930\ccs\tools\compiler\ti-cgt-arm_18.12.4.LTS\lib\</path>
         <kind>archive</kind>
         <file>rtsv7M4_T_le_v4SPD16_eabi.lib</file>
         <name>strlen.c.obj</name>
      </input_file>
      <input_file id="fl-e9">
         <path>C:\ti\ccs930\ccs\tools\compiler\ti-cgt-arm_18.12.4.LTS\lib\</path>
         <kind>archive</kind>
         <file>rtsv7M4_T_le_v4SPD16_eabi.lib</file>
         <name>errno.c.obj</name>
      </input_file>
      <input_file id="fl-ea">
         <path>C:\ti\ccs930\ccs\tools\compiler\ti-cgt-arm_18.12.4.LTS\lib\</path>
         <kind>archive</kind>
         <file>rtsv7M4_T_le_v4SPD16_eabi.lib</file>
         <name>wcslen.c.obj</name>
      </input_file>
      <input_file id="fl-eb">
         <path>C:\ti\ccs930\ccs\tools\compiler\ti-cgt-arm_18.12.4.LTS\lib\</path>
         <kind>archive</kind>
         <file>rtsv7M4_T_le_v4SPD16_eabi.lib</file>
         <name>s_frexp.c.obj</name>
      </input_file>
      <input_file id="fl-ec">
         <path>C:\ti\ccs930\ccs\tools\compiler\ti-cgt-arm_18.12.4.LTS\lib\</path>
         <kind>archive</kind>
         <file>rtsv7M4_T_le_v4SPD16_eabi.lib</file>
         <name>s_scalbn.c.obj</name>
      </input_file>
      <input_file id="fl-ed">
         <path>C:\ti\ccs930\ccs\tools\compiler\ti-cgt-arm_18.12.4.LTS\lib\</path>
         <kind>archive</kind>
         <file>rtsv7M4_T_le_v4SPD16_eabi.lib</file>
         <name>s_copysign.c.obj</name>
      </input_file>
      <input_file id="fl-ee">
         <path>C:\ti\TivaWare_C_Series-2.2.0.295\driverlib\ccs\Debug\</path>
         <kind>archive</kind>
         <file>driverlib.lib</file>
         <name>systick.obj</name>
      </input_file>
      <input_file id="fl-ef">
         <path>C:\ti\TivaWare_C_Series-2.2.0.295\driverlib\ccs\Debug\</path>
         <kind>archive</kind>
         <file>driverlib.lib</file>
         <name>uart.obj</name>
      </input_file>
   </input_file_list>
   <object_component_list>
      <object_component id="oc-f">
         <name>.intvecs</name>
         <load_address>0x0</load_address>
         <run_address>0x0</run_address>
         <size>0x26c</size>
         <input_file_ref idref="fl-8"/>
      </object_component>
      <object_component id="oc-228">
         <name>.text:__TI_printfi</name>
         <load_address>0x26c</load_address>
         <run_address>0x26c</run_address>
         <size>0xa4e</size>
         <input_file_ref idref="fl-db"/>
      </object_component>
      <object_component id="oc-251">
         <name>.text</name>
         <load_address>0xcba</load_address>
         <run_address>0xcba</run_address>
         <size>0x2</size>
         <input_file_ref idref="fl-dc"/>
      </object_component>
      <object_component id="oc-d5">
         <name>.text</name>
         <load_address>0xcbc</load_address>
         <run_address>0xcbc</run_address>
         <size>0x3d0</size>
         <input_file_ref idref="fl-d5"/>
      </object_component>
      <object_component id="oc-2ee">
         <name>.text:_pconv_a</name>
         <load_address>0x108c</load_address>
         <run_address>0x108c</run_address>
         <size>0x270</size>
         <input_file_ref idref="fl-db"/>
      </object_component>
      <object_component id="oc-db">
         <name>.text</name>
         <load_address>0x12fc</load_address>
         <run_address>0x12fc</run_address>
         <size>0x1fc</size>
         <input_file_ref idref="fl-6"/>
      </object_component>
      <object_component id="oc-2dc">
         <name>.text:_pconv_g</name>
         <load_address>0x14f8</load_address>
         <run_address>0x14f8</run_address>
         <size>0x1d0</size>
         <input_file_ref idref="fl-db"/>
      </object_component>
      <object_component id="oc-35c">
         <name>.text</name>
         <load_address>0x16c8</load_address>
         <run_address>0x16c8</run_address>
         <size>0x1b6</size>
         <input_file_ref idref="fl-dd"/>
      </object_component>
      <object_component id="oc-1be">
         <name>.text:GPIOPadConfigSet</name>
         <load_address>0x1880</load_address>
         <run_address>0x1880</run_address>
         <size>0x16c</size>
         <input_file_ref idref="fl-d1"/>
      </object_component>
      <object_component id="oc-2e8">
         <name>.text:_pconv_e</name>
         <load_address>0x19ec</load_address>
         <run_address>0x19ec</run_address>
         <size>0x13c</size>
         <input_file_ref idref="fl-db"/>
      </object_component>
      <object_component id="oc-342">
         <name>.text</name>
         <load_address>0x1b28</load_address>
         <run_address>0x1b28</run_address>
         <size>0x136</size>
         <input_file_ref idref="fl-df"/>
      </object_component>
      <object_component id="oc-36e">
         <name>.text:fcvt</name>
         <load_address>0x1c60</load_address>
         <run_address>0x1c60</run_address>
         <size>0x124</size>
         <input_file_ref idref="fl-db"/>
      </object_component>
      <object_component id="oc-15b">
         <name>.text:SysCtlClockGet</name>
         <load_address>0x1d84</load_address>
         <run_address>0x1d84</run_address>
         <size>0x118</size>
         <input_file_ref idref="fl-d3"/>
      </object_component>
      <object_component id="oc-98">
         <name>.text</name>
         <load_address>0x1e9c</load_address>
         <run_address>0x1e9c</run_address>
         <size>0x118</size>
         <input_file_ref idref="fl-2"/>
      </object_component>
      <object_component id="oc-382">
         <name>.text:scalbn</name>
         <load_address>0x1fb4</load_address>
         <run_address>0x1fb4</run_address>
         <size>0x110</size>
         <input_file_ref idref="fl-ec"/>
      </object_component>
      <object_component id="oc-33d">
         <name>.text</name>
         <load_address>0x20c4</load_address>
         <run_address>0x20c4</run_address>
         <size>0xfc</size>
         <input_file_ref idref="fl-e0"/>
      </object_component>
      <object_component id="oc-18f">
         <name>.text:SysCtlClockSet</name>
         <load_address>0x21c0</load_address>
         <run_address>0x21c0</run_address>
         <size>0xf4</size>
         <input_file_ref idref="fl-d3"/>
      </object_component>
      <object_component id="oc-ca">
         <name>.text</name>
         <load_address>0x22b4</load_address>
         <run_address>0x22b4</run_address>
         <size>0xc4</size>
         <input_file_ref idref="fl-d8"/>
      </object_component>
      <object_component id="oc-2d1">
         <name>.text:_ltostr</name>
         <load_address>0x2378</load_address>
         <run_address>0x2378</run_address>
         <size>0xb1</size>
         <input_file_ref idref="fl-db"/>
      </object_component>
      <object_component id="oc-1b3">
         <name>.text</name>
         <load_address>0x242c</load_address>
         <run_address>0x242c</run_address>
         <size>0x9c</size>
         <input_file_ref idref="fl-d6"/>
      </object_component>
      <object_component id="oc-38">
         <name>.text</name>
         <load_address>0x24c8</load_address>
         <run_address>0x24c8</run_address>
         <size>0x9c</size>
         <input_file_ref idref="fl-c8"/>
      </object_component>
      <object_component id="oc-189">
         <name>.text</name>
         <load_address>0x2564</load_address>
         <run_address>0x2564</run_address>
         <size>0x96</size>
         <input_file_ref idref="fl-da"/>
      </object_component>
      <object_component id="oc-1ad">
         <name>.text</name>
         <load_address>0x25fc</load_address>
         <run_address>0x25fc</run_address>
         <size>0x8c</size>
         <input_file_ref idref="fl-d7"/>
      </object_component>
      <object_component id="oc-2d7">
         <name>.text:__aeabi_cdcmple</name>
         <load_address>0x2688</load_address>
         <run_address>0x2688</run_address>
         <size>0x86</size>
         <input_file_ref idref="fl-de"/>
      </object_component>
      <object_component id="oc-347">
         <name>.text:__aeabi_cdrcmple</name>
         <load_address>0x270e</load_address>
         <run_address>0x270e</run_address>
         <size>0x86</size>
         <input_file_ref idref="fl-de"/>
      </object_component>
      <object_component id="oc-1d8">
         <name>.text:ADCSequenceStepConfigure</name>
         <load_address>0x2794</load_address>
         <run_address>0x2794</run_address>
         <size>0x7a</size>
         <input_file_ref idref="fl-d0"/>
      </object_component>
      <object_component id="oc-8c">
         <name>.text</name>
         <load_address>0x280e</load_address>
         <run_address>0x280e</run_address>
         <size>0x7a</size>
         <input_file_ref idref="fl-c9"/>
      </object_component>
      <object_component id="oc-367">
         <name>.text:_mcpy</name>
         <load_address>0x2888</load_address>
         <run_address>0x2888</run_address>
         <size>0x6e</size>
         <input_file_ref idref="fl-db"/>
      </object_component>
      <object_component id="oc-12">
         <name>.text:decompress:lzss:__TI_decompress_lzss</name>
         <load_address>0x28f6</load_address>
         <run_address>0x28f6</run_address>
         <size>0x68</size>
         <input_file_ref idref="fl-c6"/>
      </object_component>
      <object_component id="oc-37c">
         <name>.text:frexp</name>
         <load_address>0x2960</load_address>
         <run_address>0x2960</run_address>
         <size>0x64</size>
         <input_file_ref idref="fl-eb"/>
      </object_component>
      <object_component id="oc-2e2">
         <name>.text:_pconv_f</name>
         <load_address>0x29c4</load_address>
         <run_address>0x29c4</run_address>
         <size>0x56</size>
         <input_file_ref idref="fl-db"/>
      </object_component>
      <object_component id="oc-351">
         <name>.text:ltoa</name>
         <load_address>0x2a1a</load_address>
         <run_address>0x2a1a</run_address>
         <size>0x54</size>
         <input_file_ref idref="fl-e5"/>
      </object_component>
      <object_component id="oc-d0">
         <name>.text</name>
         <load_address>0x2a70</load_address>
         <run_address>0x2a70</run_address>
         <size>0x54</size>
         <input_file_ref idref="fl-7"/>
      </object_component>
      <object_component id="oc-361">
         <name>.text:_ecpy</name>
         <load_address>0x2ac4</load_address>
         <run_address>0x2ac4</run_address>
         <size>0x52</size>
         <input_file_ref idref="fl-db"/>
      </object_component>
      <object_component id="oc-1d2">
         <name>.text:ADCSequenceConfigure</name>
         <load_address>0x2b16</load_address>
         <run_address>0x2b16</run_address>
         <size>0x4e</size>
         <input_file_ref idref="fl-d0"/>
      </object_component>
      <object_component id="oc-c5">
         <name>.text</name>
         <load_address>0x2b64</load_address>
         <run_address>0x2b64</run_address>
         <size>0x4e</size>
         <input_file_ref idref="fl-4"/>
      </object_component>
      <object_component id="oc-14f">
         <name>.text:GPIOPinConfigure</name>
         <load_address>0x2bb4</load_address>
         <run_address>0x2bb4</run_address>
         <size>0x4c</size>
         <input_file_ref idref="fl-d1"/>
      </object_component>
      <object_component id="oc-2cb">
         <name>.text:atoi</name>
         <load_address>0x2c00</load_address>
         <run_address>0x2c00</run_address>
         <size>0x4c</size>
         <input_file_ref idref="fl-e3"/>
      </object_component>
      <object_component id="oc-34c">
         <name>.text</name>
         <load_address>0x2c4c</load_address>
         <run_address>0x2c4c</run_address>
         <size>0x48</size>
         <input_file_ref idref="fl-e1"/>
      </object_component>
      <object_component id="oc-161">
         <name>.text:UARTConfigSetExpClk</name>
         <load_address>0x2c94</load_address>
         <run_address>0x2c94</run_address>
         <size>0x46</size>
         <input_file_ref idref="fl-ef"/>
      </object_component>
      <object_component id="oc-f7">
         <name>.text:__TI_auto_init_nobinit_nopinit:__TI_auto_init_nobinit_nopinit</name>
         <load_address>0x2cdc</load_address>
         <run_address>0x2cdc</run_address>
         <size>0x44</size>
         <input_file_ref idref="fl-ca"/>
      </object_component>
      <object_component id="oc-e1">
         <name>.text</name>
         <load_address>0x2d20</load_address>
         <run_address>0x2d20</run_address>
         <size>0x40</size>
         <input_file_ref idref="fl-3"/>
      </object_component>
      <object_component id="oc-173">
         <name>.text:vsnprintf</name>
         <load_address>0x2d60</load_address>
         <run_address>0x2d60</run_address>
         <size>0x40</size>
         <input_file_ref idref="fl-d9"/>
      </object_component>
      <object_component id="oc-374">
         <name>.text:_fcpy</name>
         <load_address>0x2da0</load_address>
         <run_address>0x2da0</run_address>
         <size>0x3e</size>
         <input_file_ref idref="fl-db"/>
      </object_component>
      <object_component id="oc-25a">
         <name>.text:IntRegister</name>
         <load_address>0x2de0</load_address>
         <run_address>0x2de0</run_address>
         <size>0x34</size>
         <input_file_ref idref="fl-d2"/>
      </object_component>
      <object_component id="oc-130">
         <name>.text:SysCtlPeripheralEnable</name>
         <load_address>0x2e14</load_address>
         <run_address>0x2e14</run_address>
         <size>0x34</size>
         <input_file_ref idref="fl-d3"/>
      </object_component>
      <object_component id="oc-56">
         <name>.text:_c_int00_noargs:_c_int00_noargs</name>
         <load_address>0x2e48</load_address>
         <run_address>0x2e48</run_address>
         <size>0x34</size>
         <input_file_ref idref="fl-c7"/>
      </object_component>
      <object_component id="oc-22e">
         <name>.text:_outs</name>
         <load_address>0x2e7c</load_address>
         <run_address>0x2e7c</run_address>
         <size>0x30</size>
         <input_file_ref idref="fl-d9"/>
      </object_component>
      <object_component id="oc-13c">
         <name>.text:ADCIntStatus</name>
         <load_address>0x2eac</load_address>
         <run_address>0x2eac</run_address>
         <size>0x2e</size>
         <input_file_ref idref="fl-d0"/>
      </object_component>
      <object_component id="oc-357">
         <name>.text</name>
         <load_address>0x2eda</load_address>
         <run_address>0x2eda</run_address>
         <size>0x2e</size>
         <input_file_ref idref="fl-e2"/>
      </object_component>
      <object_component id="oc-1c4">
         <name>.text:GPIODirModeSet</name>
         <load_address>0x2f08</load_address>
         <run_address>0x2f08</run_address>
         <size>0x2c</size>
         <input_file_ref idref="fl-d1"/>
      </object_component>
      <object_component id="oc-218">
         <name>.text:UARTDisable</name>
         <load_address>0x2f34</load_address>
         <run_address>0x2f34</run_address>
         <size>0x20</size>
         <input_file_ref idref="fl-ef"/>
      </object_component>
      <object_component id="oc-142">
         <name>.text:ADCSequenceDataGet</name>
         <load_address>0x2f54</load_address>
         <run_address>0x2f54</run_address>
         <size>0x1e</size>
         <input_file_ref idref="fl-d0"/>
      </object_component>
      <object_component id="oc-19b">
         <name>.text:SysTickIntRegister</name>
         <load_address>0x2f74</load_address>
         <run_address>0x2f74</run_address>
         <size>0x1c</size>
         <input_file_ref idref="fl-ee"/>
      </object_component>
      <object_component id="oc-44">
         <name>.text:decompress:ZI:__TI_zero_init_nomemset:__TI_zero_init_nomemset</name>
         <load_address>0x2f90</load_address>
         <run_address>0x2f90</run_address>
         <size>0x1c</size>
         <input_file_ref idref="fl-c4"/>
      </object_component>
      <object_component id="oc-2f4">
         <name>.text:memccpy</name>
         <load_address>0x2fac</load_address>
         <run_address>0x2fac</run_address>
         <size>0x1c</size>
         <input_file_ref idref="fl-e6"/>
      </object_component>
      <object_component id="oc-273">
         <name>.text:GPIOPinTypeGPIOOutput</name>
         <load_address>0x2fc8</load_address>
         <run_address>0x2fc8</run_address>
         <size>0x1a</size>
         <input_file_ref idref="fl-d1"/>
      </object_component>
      <object_component id="oc-3c7">
         <name>.text:copysign</name>
         <load_address>0x2fe2</load_address>
         <run_address>0x2fe2</run_address>
         <size>0x1a</size>
         <input_file_ref idref="fl-ed"/>
      </object_component>
      <object_component id="oc-136">
         <name>.text:ADCProcessorTrigger</name>
         <load_address>0x2ffc</load_address>
         <run_address>0x2ffc</run_address>
         <size>0x18</size>
         <input_file_ref idref="fl-d0"/>
      </object_component>
      <object_component id="oc-234">
         <name>.text:_outc</name>
         <load_address>0x3014</load_address>
         <run_address>0x3014</run_address>
         <size>0x18</size>
         <input_file_ref idref="fl-d9"/>
      </object_component>
      <object_component id="oc-263">
         <name>.text:GPIOPinTypeGPIOInput</name>
         <load_address>0x302c</load_address>
         <run_address>0x302c</run_address>
         <size>0x16</size>
         <input_file_ref idref="fl-d1"/>
      </object_component>
      <object_component id="oc-155">
         <name>.text:GPIOPinTypeUART</name>
         <load_address>0x3042</load_address>
         <run_address>0x3042</run_address>
         <size>0x16</size>
         <input_file_ref idref="fl-d1"/>
      </object_component>
      <object_component id="oc-388">
         <name>.text:strchr</name>
         <load_address>0x3058</load_address>
         <run_address>0x3058</run_address>
         <size>0x16</size>
         <input_file_ref idref="fl-e7"/>
      </object_component>
      <object_component id="oc-1a7">
         <name>.text:SysTickEnable</name>
         <load_address>0x3070</load_address>
         <run_address>0x3070</run_address>
         <size>0x14</size>
         <input_file_ref idref="fl-ee"/>
      </object_component>
      <object_component id="oc-1a1">
         <name>.text:SysTickIntEnable</name>
         <load_address>0x3084</load_address>
         <run_address>0x3084</run_address>
         <size>0x14</size>
         <input_file_ref idref="fl-ee"/>
      </object_component>
      <object_component id="oc-21e">
         <name>.text:UARTEnable</name>
         <load_address>0x3098</load_address>
         <run_address>0x3098</run_address>
         <size>0x14</size>
         <input_file_ref idref="fl-ef"/>
      </object_component>
      <object_component id="oc-2c5">
         <name>.text:strlen</name>
         <load_address>0x30ac</load_address>
         <run_address>0x30ac</run_address>
         <size>0x14</size>
         <input_file_ref idref="fl-e8"/>
      </object_component>
      <object_component id="oc-2fa">
         <name>.text:wcslen</name>
         <load_address>0x30c0</load_address>
         <run_address>0x30c0</run_address>
         <size>0x12</size>
         <input_file_ref idref="fl-ea"/>
      </object_component>
      <object_component id="oc-195">
         <name>.text:SysTickPeriodSet</name>
         <load_address>0x30d4</load_address>
         <run_address>0x30d4</run_address>
         <size>0x10</size>
         <input_file_ref idref="fl-ee"/>
      </object_component>
      <object_component id="oc-1de">
         <name>.text:ADCSequenceEnable</name>
         <load_address>0x30e4</load_address>
         <run_address>0x30e4</run_address>
         <size>0xe</size>
         <input_file_ref idref="fl-d0"/>
      </object_component>
      <object_component id="oc-18">
         <name>.text:decompress:none:__TI_decompress_none</name>
         <load_address>0x30f2</load_address>
         <run_address>0x30f2</run_address>
         <size>0xe</size>
         <input_file_ref idref="fl-c5"/>
      </object_component>
      <object_component id="oc-24">
         <name>.text</name>
         <load_address>0x3100</load_address>
         <run_address>0x3100</run_address>
         <size>0xc</size>
         <input_file_ref idref="fl-8"/>
      </object_component>
      <object_component id="oc-148">
         <name>.text:ADCIntClear</name>
         <load_address>0x310c</load_address>
         <run_address>0x310c</run_address>
         <size>0xa</size>
         <input_file_ref idref="fl-d0"/>
      </object_component>
      <object_component id="oc-16d">
         <name>.text:UARTCharGet</name>
         <load_address>0x3116</load_address>
         <run_address>0x3116</run_address>
         <size>0xa</size>
         <input_file_ref idref="fl-ef"/>
      </object_component>
      <object_component id="oc-167">
         <name>.text:UARTCharPut</name>
         <load_address>0x3120</load_address>
         <run_address>0x3120</run_address>
         <size>0xa</size>
         <input_file_ref idref="fl-ef"/>
      </object_component>
      <object_component id="oc-300">
         <name>.text:__aeabi_errno_addr</name>
         <load_address>0x312c</load_address>
         <run_address>0x312c</run_address>
         <size>0x8</size>
         <input_file_ref idref="fl-e9"/>
      </object_component>
      <object_component id="oc-269">
         <name>.text:GPIOPinRead</name>
         <load_address>0x3134</load_address>
         <run_address>0x3134</run_address>
         <size>0x6</size>
         <input_file_ref idref="fl-d1"/>
      </object_component>
      <object_component id="oc-1ca">
         <name>.text:GPIOPinWrite</name>
         <load_address>0x313a</load_address>
         <run_address>0x313a</run_address>
         <size>0x6</size>
         <input_file_ref idref="fl-d1"/>
      </object_component>
      <object_component id="oc-18e">
         <name>.text:SysCtlDelay</name>
         <load_address>0x3140</load_address>
         <run_address>0x3140</run_address>
         <size>0x6</size>
         <input_file_ref idref="fl-d3"/>
      </object_component>
      <object_component id="oc-92">
         <name>.text:_system_pre_init</name>
         <load_address>0x3146</load_address>
         <run_address>0x3146</run_address>
         <size>0x4</size>
         <input_file_ref idref="fl-cb"/>
      </object_component>
      <object_component id="oc-eb">
         <name>.text:abort:abort</name>
         <load_address>0x314a</load_address>
         <run_address>0x314a</run_address>
         <size>0x4</size>
         <input_file_ref idref="fl-cd"/>
      </object_component>
      <object_component id="oc-336">
         <name>.const:.string:_ctypes_</name>
         <load_address>0x3150</load_address>
         <run_address>0x3150</run_address>
         <size>0x101</size>
         <input_file_ref idref="fl-e4"/>
      </object_component>
      <object_component id="oc-20e">
         <name>.const:g_pui32GPIOBaseAddrs</name>
         <load_address>0x3254</load_address>
         <run_address>0x3254</run_address>
         <size>0x90</size>
         <input_file_ref idref="fl-d1"/>
      </object_component>
      <object_component id="oc-214">
         <name>.const:g_pui32Xtals</name>
         <load_address>0x32e4</load_address>
         <run_address>0x32e4</run_address>
         <size>0x6c</size>
         <input_file_ref idref="fl-d3"/>
      </object_component>
      <object_component id="oc-41d">
         <name>.cinit..data.load</name>
         <load_address>0x3350</load_address>
         <run_address>0x3350</run_address>
         <size>0x15</size>
      </object_component>
      <object_component id="oc-41a">
         <name>__TI_handler_table</name>
         <load_address>0x3368</load_address>
         <run_address>0x3368</run_address>
         <size>0xc</size>
      </object_component>
      <object_component id="oc-41e">
         <name>.cinit..bss.load</name>
         <load_address>0x3378</load_address>
         <run_address>0x3378</run_address>
         <size>0x8</size>
      </object_component>
      <object_component id="oc-41c">
         <name>.cinit..vtable.load</name>
         <load_address>0x3380</load_address>
         <run_address>0x3380</run_address>
         <size>0x8</size>
      </object_component>
      <object_component id="oc-41b">
         <name>__TI_cinit_table</name>
         <load_address>0x3388</load_address>
         <run_address>0x3388</run_address>
         <size>0x18</size>
      </object_component>
      <object_component id="oc-319">
         <name>.vtable</name>
         <uninitialized>true</uninitialized>
         <run_address>0x20000000</run_address>
         <size>0x26c</size>
         <input_file_ref idref="fl-d2"/>
      </object_component>
      <object_component id="oc-e7">
         <name>.data:seg7Display</name>
         <load_address>0x2000078c</load_address>
         <run_address>0x2000078c</run_address>
         <size>0x5</size>
         <input_file_ref idref="fl-2"/>
      </object_component>
      <object_component id="oc-180">
         <name>.data</name>
         <load_address>0x20000778</load_address>
         <run_address>0x20000778</run_address>
         <size>0xa</size>
         <input_file_ref idref="fl-7"/>
      </object_component>
      <object_component id="oc-183">
         <name>.data</name>
         <load_address>0x20000784</load_address>
         <run_address>0x20000784</run_address>
         <size>0x8</size>
         <input_file_ref idref="fl-d5"/>
      </object_component>
      <object_component id="oc-279">
         <name>.data</name>
         <load_address>0x20000782</load_address>
         <run_address>0x20000782</run_address>
         <size>0x1</size>
         <input_file_ref idref="fl-d6"/>
      </object_component>
      <object_component id="oc-26f">
         <name>.data</name>
         <load_address>0x20000783</load_address>
         <run_address>0x20000783</run_address>
         <size>0x1</size>
         <input_file_ref idref="fl-d7"/>
      </object_component>
      <object_component id="oc-398">
         <name>.data</name>
         <load_address>0x20000794</load_address>
         <run_address>0x20000794</run_address>
         <size>0x4</size>
         <input_file_ref idref="fl-e9"/>
      </object_component>
      <object_component id="oc-181">
         <name>.bss</name>
         <uninitialized>true</uninitialized>
         <run_address>0x20000774</run_address>
         <size>0x4</size>
         <input_file_ref idref="fl-7"/>
      </object_component>
      <object_component id="oc-1b9">
         <name>.bss</name>
         <uninitialized>true</uninitialized>
         <run_address>0x20000770</run_address>
         <size>0x4</size>
         <input_file_ref idref="fl-d5"/>
      </object_component>
      <object_component id="oc-186">
         <name>.bss:callbackHeap</name>
         <uninitialized>true</uninitialized>
         <run_address>0x20000670</run_address>
         <size>0x100</size>
         <input_file_ref idref="fl-d5"/>
      </object_component>
      <object_component id="oc-21">
         <name>.stack</name>
         <uninitialized>true</uninitialized>
         <run_address>0x20000270</run_address>
         <size>0x4</size>
         <input_file_ref idref="fl-c7"/>
      </object_component>
      <object_component id="oc-41f">
         <name>.stack</name>
         <uninitialized>true</uninitialized>
         <run_address>0x20000270</run_address>
         <size>0x0</size>
      </object_component>
      <object_component id="oc-b4">
         <name>.debug_info</name>
         <load_address>0x0</load_address>
         <run_address>0x0</run_address>
         <size>0x3bb</size>
         <input_file_ref idref="fl-2"/>
      </object_component>
      <object_component id="oc-e8">
         <name>.debug_info</name>
         <load_address>0x3bb</load_address>
         <run_address>0x3bb</run_address>
         <size>0xfc</size>
         <input_file_ref idref="fl-2"/>
      </object_component>
      <object_component id="oc-99">
         <name>.debug_info</name>
         <load_address>0x4b7</load_address>
         <run_address>0x4b7</run_address>
         <size>0x2c8</size>
         <input_file_ref idref="fl-2"/>
      </object_component>
      <object_component id="oc-12b">
         <name>.debug_info</name>
         <load_address>0x77f</load_address>
         <run_address>0x77f</run_address>
         <size>0x9a</size>
         <input_file_ref idref="fl-2"/>
      </object_component>
      <object_component id="oc-6d">
         <name>.debug_info</name>
         <load_address>0x819</load_address>
         <run_address>0x819</run_address>
         <size>0x26b</size>
         <input_file_ref idref="fl-2"/>
      </object_component>
      <object_component id="oc-af">
         <name>.debug_info</name>
         <load_address>0xa84</load_address>
         <run_address>0xa84</run_address>
         <size>0x8b</size>
         <input_file_ref idref="fl-2"/>
      </object_component>
      <object_component id="oc-aa">
         <name>.debug_info</name>
         <load_address>0xb0f</load_address>
         <run_address>0xb0f</run_address>
         <size>0x297</size>
         <input_file_ref idref="fl-2"/>
      </object_component>
      <object_component id="oc-2b4">
         <name>.debug_info</name>
         <load_address>0xda6</load_address>
         <run_address>0xda6</run_address>
         <size>0xef</size>
         <input_file_ref idref="fl-2"/>
      </object_component>
      <object_component id="oc-72">
         <name>.debug_info</name>
         <load_address>0xe95</load_address>
         <run_address>0xe95</run_address>
         <size>0xbb</size>
         <input_file_ref idref="fl-2"/>
      </object_component>
      <object_component id="oc-e2">
         <name>.debug_info</name>
         <load_address>0xf50</load_address>
         <run_address>0xf50</run_address>
         <size>0x1a4</size>
         <input_file_ref idref="fl-3"/>
      </object_component>
      <object_component id="oc-33">
         <name>.debug_info</name>
         <load_address>0x10f4</load_address>
         <run_address>0x10f4</run_address>
         <size>0x84</size>
         <input_file_ref idref="fl-3"/>
      </object_component>
      <object_component id="oc-c7">
         <name>.debug_info</name>
         <load_address>0x1178</load_address>
         <run_address>0x1178</run_address>
         <size>0x171</size>
         <input_file_ref idref="fl-4"/>
      </object_component>
      <object_component id="oc-1d1">
         <name>.debug_info</name>
         <load_address>0x12e9</load_address>
         <run_address>0x12e9</run_address>
         <size>0x38c</size>
         <input_file_ref idref="fl-6"/>
      </object_component>
      <object_component id="oc-df">
         <name>.debug_info</name>
         <load_address>0x1675</load_address>
         <run_address>0x1675</run_address>
         <size>0x6d1</size>
         <input_file_ref idref="fl-6"/>
      </object_component>
      <object_component id="oc-d1">
         <name>.debug_info</name>
         <load_address>0x1d46</load_address>
         <run_address>0x1d46</run_address>
         <size>0x112</size>
         <input_file_ref idref="fl-7"/>
      </object_component>
      <object_component id="oc-2c">
         <name>.debug_info</name>
         <load_address>0x1e58</load_address>
         <run_address>0x1e58</run_address>
         <size>0x2ce</size>
         <input_file_ref idref="fl-8"/>
      </object_component>
      <object_component id="oc-10">
         <name>.debug_info</name>
         <load_address>0x2126</load_address>
         <run_address>0x2126</run_address>
         <size>0x10d</size>
         <input_file_ref idref="fl-8"/>
      </object_component>
      <object_component id="oc-27">
         <name>.debug_info</name>
         <load_address>0x2233</load_address>
         <run_address>0x2233</run_address>
         <size>0x289</size>
         <input_file_ref idref="fl-8"/>
      </object_component>
      <object_component id="oc-8b">
         <name>.debug_info</name>
         <load_address>0x24bc</load_address>
         <run_address>0x24bc</run_address>
         <size>0x2d3</size>
         <input_file_ref idref="fl-c4"/>
      </object_component>
      <object_component id="oc-45">
         <name>.debug_info</name>
         <load_address>0x278f</load_address>
         <run_address>0x278f</run_address>
         <size>0x1d1</size>
         <input_file_ref idref="fl-c4"/>
      </object_component>
      <object_component id="oc-86">
         <name>.debug_info</name>
         <load_address>0x2960</load_address>
         <run_address>0x2960</run_address>
         <size>0x46</size>
         <input_file_ref idref="fl-c4"/>
      </object_component>
      <object_component id="oc-bc">
         <name>.debug_info</name>
         <load_address>0x29a6</load_address>
         <run_address>0x29a6</run_address>
         <size>0x2c</size>
         <input_file_ref idref="fl-c4"/>
      </object_component>
      <object_component id="oc-43">
         <name>.debug_info</name>
         <load_address>0x29d2</load_address>
         <run_address>0x29d2</run_address>
         <size>0x2a7</size>
         <input_file_ref idref="fl-c5"/>
      </object_component>
      <object_component id="oc-1b">
         <name>.debug_info</name>
         <load_address>0x2c79</load_address>
         <run_address>0x2c79</run_address>
         <size>0x1e9</size>
         <input_file_ref idref="fl-c5"/>
      </object_component>
      <object_component id="oc-3e">
         <name>.debug_info</name>
         <load_address>0x2e62</load_address>
         <run_address>0x2e62</run_address>
         <size>0x46</size>
         <input_file_ref idref="fl-c5"/>
      </object_component>
      <object_component id="oc-7e">
         <name>.debug_info</name>
         <load_address>0x2ea8</load_address>
         <run_address>0x2ea8</run_address>
         <size>0x2c</size>
         <input_file_ref idref="fl-c5"/>
      </object_component>
      <object_component id="oc-7c">
         <name>.debug_info</name>
         <load_address>0x2ed4</load_address>
         <run_address>0x2ed4</run_address>
         <size>0x29d</size>
         <input_file_ref idref="fl-c6"/>
      </object_component>
      <object_component id="oc-13">
         <name>.debug_info</name>
         <load_address>0x3171</load_address>
         <run_address>0x3171</run_address>
         <size>0x24f</size>
         <input_file_ref idref="fl-c6"/>
      </object_component>
      <object_component id="oc-2e">
         <name>.debug_info</name>
         <load_address>0x33c0</load_address>
         <run_address>0x33c0</run_address>
         <size>0x60</size>
         <input_file_ref idref="fl-c6"/>
      </object_component>
      <object_component id="oc-b5">
         <name>.debug_info</name>
         <load_address>0x3420</load_address>
         <run_address>0x3420</run_address>
         <size>0x46</size>
         <input_file_ref idref="fl-c6"/>
      </object_component>
      <object_component id="oc-77">
         <name>.debug_info</name>
         <load_address>0x3466</load_address>
         <run_address>0x3466</run_address>
         <size>0x39</size>
         <input_file_ref idref="fl-c6"/>
      </object_component>
      <object_component id="oc-22">
         <name>.debug_info</name>
         <load_address>0x349f</load_address>
         <run_address>0x349f</run_address>
         <size>0x10a</size>
         <input_file_ref idref="fl-c7"/>
      </object_component>
      <object_component id="oc-57">
         <name>.debug_info</name>
         <load_address>0x35a9</load_address>
         <run_address>0x35a9</run_address>
         <size>0x1a8</size>
         <input_file_ref idref="fl-c7"/>
      </object_component>
      <object_component id="oc-39">
         <name>.debug_info</name>
         <load_address>0x3751</load_address>
         <run_address>0x3751</run_address>
         <size>0x118</size>
         <input_file_ref idref="fl-c8"/>
      </object_component>
      <object_component id="oc-8e">
         <name>.debug_info</name>
         <load_address>0x3869</load_address>
         <run_address>0x3869</run_address>
         <size>0x146</size>
         <input_file_ref idref="fl-c9"/>
      </object_component>
      <object_component id="oc-1f2">
         <name>.debug_info</name>
         <load_address>0x39af</load_address>
         <run_address>0x39af</run_address>
         <size>0x4b2</size>
         <input_file_ref idref="fl-ca"/>
      </object_component>
      <object_component id="oc-f8">
         <name>.debug_info</name>
         <load_address>0x3e61</load_address>
         <run_address>0x3e61</run_address>
         <size>0x1a5</size>
         <input_file_ref idref="fl-ca"/>
      </object_component>
      <object_component id="oc-29d">
         <name>.debug_info</name>
         <load_address>0x4006</load_address>
         <run_address>0x4006</run_address>
         <size>0x39</size>
         <input_file_ref idref="fl-ca"/>
      </object_component>
      <object_component id="oc-328">
         <name>.debug_info</name>
         <load_address>0x403f</load_address>
         <run_address>0x403f</run_address>
         <size>0x39</size>
         <input_file_ref idref="fl-ca"/>
      </object_component>
      <object_component id="oc-2a2">
         <name>.debug_info</name>
         <load_address>0x4078</load_address>
         <run_address>0x4078</run_address>
         <size>0x39</size>
         <input_file_ref idref="fl-ca"/>
      </object_component>
      <object_component id="oc-2a7">
         <name>.debug_info</name>
         <load_address>0x40b1</load_address>
         <run_address>0x40b1</run_address>
         <size>0xcd</size>
         <input_file_ref idref="fl-ca"/>
      </object_component>
      <object_component id="oc-94">
         <name>.debug_info</name>
         <load_address>0x417e</load_address>
         <run_address>0x417e</run_address>
         <size>0x152</size>
         <input_file_ref idref="fl-cb"/>
      </object_component>
      <object_component id="oc-ed">
         <name>.debug_info</name>
         <load_address>0x42d0</load_address>
         <run_address>0x42d0</run_address>
         <size>0x121</size>
         <input_file_ref idref="fl-cd"/>
      </object_component>
      <object_component id="oc-20a">
         <name>.debug_info</name>
         <load_address>0x43f1</load_address>
         <run_address>0x43f1</run_address>
         <size>0x3ba</size>
         <input_file_ref idref="fl-d0"/>
      </object_component>
      <object_component id="oc-1da">
         <name>.debug_info</name>
         <load_address>0x47ab</load_address>
         <run_address>0x47ab</run_address>
         <size>0x33c</size>
         <input_file_ref idref="fl-d0"/>
      </object_component>
      <object_component id="oc-1e0">
         <name>.debug_info</name>
         <load_address>0x4ae7</load_address>
         <run_address>0x4ae7</run_address>
         <size>0x2a9</size>
         <input_file_ref idref="fl-d0"/>
      </object_component>
      <object_component id="oc-143">
         <name>.debug_info</name>
         <load_address>0x4d90</load_address>
         <run_address>0x4d90</run_address>
         <size>0x308</size>
         <input_file_ref idref="fl-d0"/>
      </object_component>
      <object_component id="oc-1d3">
         <name>.debug_info</name>
         <load_address>0x5098</load_address>
         <run_address>0x5098</run_address>
         <size>0x32f</size>
         <input_file_ref idref="fl-d0"/>
      </object_component>
      <object_component id="oc-137">
         <name>.debug_info</name>
         <load_address>0x53c7</load_address>
         <run_address>0x53c7</run_address>
         <size>0x2ad</size>
         <input_file_ref idref="fl-d0"/>
      </object_component>
      <object_component id="oc-13d">
         <name>.debug_info</name>
         <load_address>0x5674</load_address>
         <run_address>0x5674</run_address>
         <size>0x2f0</size>
         <input_file_ref idref="fl-d0"/>
      </object_component>
      <object_component id="oc-149">
         <name>.debug_info</name>
         <load_address>0x5964</load_address>
         <run_address>0x5964</run_address>
         <size>0x29d</size>
         <input_file_ref idref="fl-d0"/>
      </object_component>
      <object_component id="oc-212">
         <name>.debug_info</name>
         <load_address>0x5c01</load_address>
         <run_address>0x5c01</run_address>
         <size>0x3e4</size>
         <input_file_ref idref="fl-d1"/>
      </object_component>
      <object_component id="oc-20f">
         <name>.debug_info</name>
         <load_address>0x5fe5</load_address>
         <run_address>0x5fe5</run_address>
         <size>0x164</size>
         <input_file_ref idref="fl-d1"/>
      </object_component>
      <object_component id="oc-1cb">
         <name>.debug_info</name>
         <load_address>0x6149</load_address>
         <run_address>0x6149</run_address>
         <size>0x2ac</size>
         <input_file_ref idref="fl-d1"/>
      </object_component>
      <object_component id="oc-1c5">
         <name>.debug_info</name>
         <load_address>0x63f5</load_address>
         <run_address>0x63f5</run_address>
         <size>0x2bc</size>
         <input_file_ref idref="fl-d1"/>
      </object_component>
      <object_component id="oc-1bf">
         <name>.debug_info</name>
         <load_address>0x66b1</load_address>
         <run_address>0x66b1</run_address>
         <size>0x31f</size>
         <input_file_ref idref="fl-d1"/>
      </object_component>
      <object_component id="oc-156">
         <name>.debug_info</name>
         <load_address>0x69d0</load_address>
         <run_address>0x69d0</run_address>
         <size>0x29b</size>
         <input_file_ref idref="fl-d1"/>
      </object_component>
      <object_component id="oc-275">
         <name>.debug_info</name>
         <load_address>0x6c6b</load_address>
         <run_address>0x6c6b</run_address>
         <size>0x2c0</size>
         <input_file_ref idref="fl-d1"/>
      </object_component>
      <object_component id="oc-265">
         <name>.debug_info</name>
         <load_address>0x6f2b</load_address>
         <run_address>0x6f2b</run_address>
         <size>0x2a5</size>
         <input_file_ref idref="fl-d1"/>
      </object_component>
      <object_component id="oc-26b">
         <name>.debug_info</name>
         <load_address>0x71d0</load_address>
         <run_address>0x71d0</run_address>
         <size>0x284</size>
         <input_file_ref idref="fl-d1"/>
      </object_component>
      <object_component id="oc-151">
         <name>.debug_info</name>
         <load_address>0x7454</load_address>
         <run_address>0x7454</run_address>
         <size>0x289</size>
         <input_file_ref idref="fl-d1"/>
      </object_component>
      <object_component id="oc-31d">
         <name>.debug_info</name>
         <load_address>0x76dd</load_address>
         <run_address>0x76dd</run_address>
         <size>0x3b7</size>
         <input_file_ref idref="fl-d2"/>
      </object_component>
      <object_component id="oc-31a">
         <name>.debug_info</name>
         <load_address>0x7a94</load_address>
         <run_address>0x7a94</run_address>
         <size>0x160</size>
         <input_file_ref idref="fl-d2"/>
      </object_component>
      <object_component id="oc-25b">
         <name>.debug_info</name>
         <load_address>0x7bf4</load_address>
         <run_address>0x7bf4</run_address>
         <size>0x2ca</size>
         <input_file_ref idref="fl-d2"/>
      </object_component>
      <object_component id="oc-208">
         <name>.debug_info</name>
         <load_address>0x7ebe</load_address>
         <run_address>0x7ebe</run_address>
         <size>0x441</size>
         <input_file_ref idref="fl-d3"/>
      </object_component>
      <object_component id="oc-215">
         <name>.debug_info</name>
         <load_address>0x82ff</load_address>
         <run_address>0x82ff</run_address>
         <size>0x156</size>
         <input_file_ref idref="fl-d3"/>
      </object_component>
      <object_component id="oc-133">
         <name>.debug_info</name>
         <load_address>0x8455</load_address>
         <run_address>0x8455</run_address>
         <size>0x286</size>
         <input_file_ref idref="fl-d3"/>
      </object_component>
      <object_component id="oc-191">
         <name>.debug_info</name>
         <load_address>0x86db</load_address>
         <run_address>0x86db</run_address>
         <size>0x2e4</size>
         <input_file_ref idref="fl-d3"/>
      </object_component>
      <object_component id="oc-15d">
         <name>.debug_info</name>
         <load_address>0x89bf</load_address>
         <run_address>0x89bf</run_address>
         <size>0x2be</size>
         <input_file_ref idref="fl-d3"/>
      </object_component>
      <object_component id="oc-2b0">
         <name>.debug_info</name>
         <load_address>0x8c7d</load_address>
         <run_address>0x8c7d</run_address>
         <size>0x51</size>
         <input_file_ref idref="fl-d3"/>
      </object_component>
      <object_component id="oc-1bd">
         <name>.debug_info</name>
         <load_address>0x8cce</load_address>
         <run_address>0x8cce</run_address>
         <size>0x453</size>
         <input_file_ref idref="fl-d5"/>
      </object_component>
      <object_component id="oc-1ba">
         <name>.debug_info</name>
         <load_address>0x9121</load_address>
         <run_address>0x9121</run_address>
         <size>0xf5</size>
         <input_file_ref idref="fl-d5"/>
      </object_component>
      <object_component id="oc-184">
         <name>.debug_info</name>
         <load_address>0x9216</load_address>
         <run_address>0x9216</run_address>
         <size>0x121</size>
         <input_file_ref idref="fl-d5"/>
      </object_component>
      <object_component id="oc-187">
         <name>.debug_info</name>
         <load_address>0x9337</load_address>
         <run_address>0x9337</run_address>
         <size>0xfb</size>
         <input_file_ref idref="fl-d5"/>
      </object_component>
      <object_component id="oc-d6">
         <name>.debug_info</name>
         <load_address>0x9432</load_address>
         <run_address>0x9432</run_address>
         <size>0x9ec</size>
         <input_file_ref idref="fl-d5"/>
      </object_component>
      <object_component id="oc-281">
         <name>.debug_info</name>
         <load_address>0x9e1e</load_address>
         <run_address>0x9e1e</run_address>
         <size>0x51</size>
         <input_file_ref idref="fl-d5"/>
      </object_component>
      <object_component id="oc-248">
         <name>.debug_info</name>
         <load_address>0x9e6f</load_address>
         <run_address>0x9e6f</run_address>
         <size>0xcc</size>
         <input_file_ref idref="fl-d5"/>
      </object_component>
      <object_component id="oc-17b">
         <name>.debug_info</name>
         <load_address>0x9f3b</load_address>
         <run_address>0x9f3b</run_address>
         <size>0x2c</size>
         <input_file_ref idref="fl-d5"/>
      </object_component>
      <object_component id="oc-27a">
         <name>.debug_info</name>
         <load_address>0x9f67</load_address>
         <run_address>0x9f67</run_address>
         <size>0xf3</size>
         <input_file_ref idref="fl-d6"/>
      </object_component>
      <object_component id="oc-1b4">
         <name>.debug_info</name>
         <load_address>0xa05a</load_address>
         <run_address>0xa05a</run_address>
         <size>0x2c3</size>
         <input_file_ref idref="fl-d6"/>
      </object_component>
      <object_component id="oc-270">
         <name>.debug_info</name>
         <load_address>0xa31d</load_address>
         <run_address>0xa31d</run_address>
         <size>0xfa</size>
         <input_file_ref idref="fl-d7"/>
      </object_component>
      <object_component id="oc-1ae">
         <name>.debug_info</name>
         <load_address>0xa417</load_address>
         <run_address>0xa417</run_address>
         <size>0x25b</size>
         <input_file_ref idref="fl-d7"/>
      </object_component>
      <object_component id="oc-17a">
         <name>.debug_info</name>
         <load_address>0xa672</load_address>
         <run_address>0xa672</run_address>
         <size>0x450</size>
         <input_file_ref idref="fl-d8"/>
      </object_component>
      <object_component id="oc-cc">
         <name>.debug_info</name>
         <load_address>0xaac2</load_address>
         <run_address>0xaac2</run_address>
         <size>0x3f8</size>
         <input_file_ref idref="fl-d8"/>
      </object_component>
      <object_component id="oc-23b">
         <name>.debug_info</name>
         <load_address>0xaeba</load_address>
         <run_address>0xaeba</run_address>
         <size>0x33f</size>
         <input_file_ref idref="fl-d9"/>
      </object_component>
      <object_component id="oc-174">
         <name>.debug_info</name>
         <load_address>0xb1f9</load_address>
         <run_address>0xb1f9</run_address>
         <size>0x207</size>
         <input_file_ref idref="fl-d9"/>
      </object_component>
      <object_component id="oc-22f">
         <name>.debug_info</name>
         <load_address>0xb400</load_address>
         <run_address>0xb400</run_address>
         <size>0x1c5</size>
         <input_file_ref idref="fl-d9"/>
      </object_component>
      <object_component id="oc-235">
         <name>.debug_info</name>
         <load_address>0xb5c5</load_address>
         <run_address>0xb5c5</run_address>
         <size>0x178</size>
         <input_file_ref idref="fl-d9"/>
      </object_component>
      <object_component id="oc-23c">
         <name>.debug_info</name>
         <load_address>0xb73d</load_address>
         <run_address>0xb73d</run_address>
         <size>0x2c</size>
         <input_file_ref idref="fl-d9"/>
      </object_component>
      <object_component id="oc-241">
         <name>.debug_info</name>
         <load_address>0xb769</load_address>
         <run_address>0xb769</run_address>
         <size>0x69</size>
         <input_file_ref idref="fl-d9"/>
      </object_component>
      <object_component id="oc-18b">
         <name>.debug_info</name>
         <load_address>0xb7d2</load_address>
         <run_address>0xb7d2</run_address>
         <size>0x133</size>
         <input_file_ref idref="fl-da"/>
      </object_component>
      <object_component id="oc-307">
         <name>.debug_info</name>
         <load_address>0xb905</load_address>
         <run_address>0xb905</run_address>
         <size>0x57a</size>
         <input_file_ref idref="fl-db"/>
      </object_component>
      <object_component id="oc-2d2">
         <name>.debug_info</name>
         <load_address>0xbe7f</load_address>
         <run_address>0xbe7f</run_address>
         <size>0x21d</size>
         <input_file_ref idref="fl-db"/>
      </object_component>
      <object_component id="oc-362">
         <name>.debug_info</name>
         <load_address>0xc09c</load_address>
         <run_address>0xc09c</run_address>
         <size>0x1b2</size>
         <input_file_ref idref="fl-db"/>
      </object_component>
      <object_component id="oc-368">
         <name>.debug_info</name>
         <load_address>0xc24e</load_address>
         <run_address>0xc24e</run_address>
         <size>0x21a</size>
         <input_file_ref idref="fl-db"/>
      </object_component>
      <object_component id="oc-2dd">
         <name>.debug_info</name>
         <load_address>0xc468</load_address>
         <run_address>0xc468</run_address>
         <size>0x3ba</size>
         <input_file_ref idref="fl-db"/>
      </object_component>
      <object_component id="oc-36f">
         <name>.debug_info</name>
         <load_address>0xc822</load_address>
         <run_address>0xc822</run_address>
         <size>0x304</size>
         <input_file_ref idref="fl-db"/>
      </object_component>
      <object_component id="oc-375">
         <name>.debug_info</name>
         <load_address>0xcb26</load_address>
         <run_address>0xcb26</run_address>
         <size>0x214</size>
         <input_file_ref idref="fl-db"/>
      </object_component>
      <object_component id="oc-2e3">
         <name>.debug_info</name>
         <load_address>0xcd3a</load_address>
         <run_address>0xcd3a</run_address>
         <size>0x214</size>
         <input_file_ref idref="fl-db"/>
      </object_component>
      <object_component id="oc-2ea">
         <name>.debug_info</name>
         <load_address>0xcf4e</load_address>
         <run_address>0xcf4e</run_address>
         <size>0x303</size>
         <input_file_ref idref="fl-db"/>
      </object_component>
      <object_component id="oc-2f0">
         <name>.debug_info</name>
         <load_address>0xd251</load_address>
         <run_address>0xd251</run_address>
         <size>0x4af</size>
         <input_file_ref idref="fl-db"/>
      </object_component>
      <object_component id="oc-22a">
         <name>.debug_info</name>
         <load_address>0xd700</load_address>
         <run_address>0xd700</run_address>
         <size>0x5f3</size>
         <input_file_ref idref="fl-db"/>
      </object_component>
      <object_component id="oc-308">
         <name>.debug_info</name>
         <load_address>0xdcf3</load_address>
         <run_address>0xdcf3</run_address>
         <size>0x86</size>
         <input_file_ref idref="fl-db"/>
      </object_component>
      <object_component id="oc-39f">
         <name>.debug_info</name>
         <load_address>0xdd79</load_address>
         <run_address>0xdd79</run_address>
         <size>0x39</size>
         <input_file_ref idref="fl-db"/>
      </object_component>
      <object_component id="oc-3de">
         <name>.debug_info</name>
         <load_address>0xddb2</load_address>
         <run_address>0xddb2</run_address>
         <size>0xb6</size>
         <input_file_ref idref="fl-db"/>
      </object_component>
      <object_component id="oc-3a4">
         <name>.debug_info</name>
         <load_address>0xde68</load_address>
         <run_address>0xde68</run_address>
         <size>0x46</size>
         <input_file_ref idref="fl-db"/>
      </object_component>
      <object_component id="oc-30d">
         <name>.debug_info</name>
         <load_address>0xdeae</load_address>
         <run_address>0xdeae</run_address>
         <size>0x46</size>
         <input_file_ref idref="fl-db"/>
      </object_component>
      <object_component id="oc-254">
         <name>.debug_info</name>
         <load_address>0xdef4</load_address>
         <run_address>0xdef4</run_address>
         <size>0x114</size>
         <input_file_ref idref="fl-dc"/>
      </object_component>
      <object_component id="oc-35e">
         <name>.debug_info</name>
         <load_address>0xe008</load_address>
         <run_address>0xe008</run_address>
         <size>0x14b</size>
         <input_file_ref idref="fl-dd"/>
      </object_component>
      <object_component id="oc-2d8">
         <name>.debug_info</name>
         <load_address>0xe153</load_address>
         <run_address>0xe153</run_address>
         <size>0x127</size>
         <input_file_ref idref="fl-de"/>
      </object_component>
      <object_component id="oc-349">
         <name>.debug_info</name>
         <load_address>0xe27a</load_address>
         <run_address>0xe27a</run_address>
         <size>0x129</size>
         <input_file_ref idref="fl-de"/>
      </object_component>
      <object_component id="oc-345">
         <name>.debug_info</name>
         <load_address>0xe3a3</load_address>
         <run_address>0xe3a3</run_address>
         <size>0x139</size>
         <input_file_ref idref="fl-df"/>
      </object_component>
      <object_component id="oc-340">
         <name>.debug_info</name>
         <load_address>0xe4dc</load_address>
         <run_address>0xe4dc</run_address>
         <size>0x139</size>
         <input_file_ref idref="fl-e0"/>
      </object_component>
      <object_component id="oc-34d">
         <name>.debug_info</name>
         <load_address>0xe615</load_address>
         <run_address>0xe615</run_address>
         <size>0x12d</size>
         <input_file_ref idref="fl-e1"/>
      </object_component>
      <object_component id="oc-359">
         <name>.debug_info</name>
         <load_address>0xe742</load_address>
         <run_address>0xe742</run_address>
         <size>0x12b</size>
         <input_file_ref idref="fl-e2"/>
      </object_component>
      <object_component id="oc-33a">
         <name>.debug_info</name>
         <load_address>0xe86d</load_address>
         <run_address>0xe86d</run_address>
         <size>0x2b8</size>
         <input_file_ref idref="fl-e3"/>
      </object_component>
      <object_component id="oc-2cd">
         <name>.debug_info</name>
         <load_address>0xeb25</load_address>
         <run_address>0xeb25</run_address>
         <size>0x17b</size>
         <input_file_ref idref="fl-e3"/>
      </object_component>
      <object_component id="oc-3b1">
         <name>.debug_info</name>
         <load_address>0xeca0</load_address>
         <run_address>0xeca0</run_address>
         <size>0xf8</size>
         <input_file_ref idref="fl-e4"/>
      </object_component>
      <object_component id="oc-337">
         <name>.debug_info</name>
         <load_address>0xed98</load_address>
         <run_address>0xed98</run_address>
         <size>0x104</size>
         <input_file_ref idref="fl-e4"/>
      </object_component>
      <object_component id="oc-3b9">
         <name>.debug_info</name>
         <load_address>0xee9c</load_address>
         <run_address>0xee9c</run_address>
         <size>0x29a</size>
         <input_file_ref idref="fl-e5"/>
      </object_component>
      <object_component id="oc-353">
         <name>.debug_info</name>
         <load_address>0xf136</load_address>
         <run_address>0xf136</run_address>
         <size>0x1cc</size>
         <input_file_ref idref="fl-e5"/>
      </object_component>
      <object_component id="oc-390">
         <name>.debug_info</name>
         <load_address>0xf302</load_address>
         <run_address>0xf302</run_address>
         <size>0x295</size>
         <input_file_ref idref="fl-e6"/>
      </object_component>
      <object_component id="oc-2f5">
         <name>.debug_info</name>
         <load_address>0xf597</load_address>
         <run_address>0xf597</run_address>
         <size>0x1b5</size>
         <input_file_ref idref="fl-e6"/>
      </object_component>
      <object_component id="oc-3d0">
         <name>.debug_info</name>
         <load_address>0xf74c</load_address>
         <run_address>0xf74c</run_address>
         <size>0x299</size>
         <input_file_ref idref="fl-e7"/>
      </object_component>
      <object_component id="oc-389">
         <name>.debug_info</name>
         <load_address>0xf9e5</load_address>
         <run_address>0xf9e5</run_address>
         <size>0x25d</size>
         <input_file_ref idref="fl-e7"/>
      </object_component>
      <object_component id="oc-335">
         <name>.debug_info</name>
         <load_address>0xfc42</load_address>
         <run_address>0xfc42</run_address>
         <size>0x28e</size>
         <input_file_ref idref="fl-e8"/>
      </object_component>
      <object_component id="oc-2c8">
         <name>.debug_info</name>
         <load_address>0xfed0</load_address>
         <run_address>0xfed0</run_address>
         <size>0x240</size>
         <input_file_ref idref="fl-e8"/>
      </object_component>
      <object_component id="oc-39c">
         <name>.debug_info</name>
         <load_address>0x10110</load_address>
         <run_address>0x10110</run_address>
         <size>0x288</size>
         <input_file_ref idref="fl-e9"/>
      </object_component>
      <object_component id="oc-399">
         <name>.debug_info</name>
         <load_address>0x10398</load_address>
         <run_address>0x10398</run_address>
         <size>0x10d</size>
         <input_file_ref idref="fl-e9"/>
      </object_component>
      <object_component id="oc-304">
         <name>.debug_info</name>
         <load_address>0x104a5</load_address>
         <run_address>0x104a5</run_address>
         <size>0x14d</size>
         <input_file_ref idref="fl-e9"/>
      </object_component>
      <object_component id="oc-397">
         <name>.debug_info</name>
         <load_address>0x105f2</load_address>
         <run_address>0x105f2</run_address>
         <size>0x28e</size>
         <input_file_ref idref="fl-ea"/>
      </object_component>
      <object_component id="oc-2fb">
         <name>.debug_info</name>
         <load_address>0x10880</load_address>
         <run_address>0x10880</run_address>
         <size>0x159</size>
         <input_file_ref idref="fl-ea"/>
      </object_component>
      <object_component id="oc-3d3">
         <name>.debug_info</name>
         <load_address>0x109d9</load_address>
         <run_address>0x109d9</run_address>
         <size>0x46</size>
         <input_file_ref idref="fl-ea"/>
      </object_component>
      <object_component id="oc-392">
         <name>.debug_info</name>
         <load_address>0x10a1f</load_address>
         <run_address>0x10a1f</run_address>
         <size>0x39</size>
         <input_file_ref idref="fl-ea"/>
      </object_component>
      <object_component id="oc-3c1">
         <name>.debug_info</name>
         <load_address>0x10a58</load_address>
         <run_address>0x10a58</run_address>
         <size>0x299</size>
         <input_file_ref idref="fl-eb"/>
      </object_component>
      <object_component id="oc-37f">
         <name>.debug_info</name>
         <load_address>0x10cf1</load_address>
         <run_address>0x10cf1</run_address>
         <size>0x194</size>
         <input_file_ref idref="fl-eb"/>
      </object_component>
      <object_component id="oc-3e9">
         <name>.debug_info</name>
         <load_address>0x10e85</load_address>
         <run_address>0x10e85</run_address>
         <size>0x39</size>
         <input_file_ref idref="fl-eb"/>
      </object_component>
      <object_component id="oc-3c2">
         <name>.debug_info</name>
         <load_address>0x10ebe</load_address>
         <run_address>0x10ebe</run_address>
         <size>0x2c</size>
         <input_file_ref idref="fl-eb"/>
      </object_component>
      <object_component id="oc-3ce">
         <name>.debug_info</name>
         <load_address>0x10eea</load_address>
         <run_address>0x10eea</run_address>
         <size>0x2fc</size>
         <input_file_ref idref="fl-ec"/>
      </object_component>
      <object_component id="oc-383">
         <name>.debug_info</name>
         <load_address>0x111e6</load_address>
         <run_address>0x111e6</run_address>
         <size>0x224</size>
         <input_file_ref idref="fl-ec"/>
      </object_component>
      <object_component id="oc-3c8">
         <name>.debug_info</name>
         <load_address>0x1140a</load_address>
         <run_address>0x1140a</run_address>
         <size>0x160</size>
         <input_file_ref idref="fl-ed"/>
      </object_component>
      <object_component id="oc-259">
         <name>.debug_info</name>
         <load_address>0x1156a</load_address>
         <run_address>0x1156a</run_address>
         <size>0x346</size>
         <input_file_ref idref="fl-ee"/>
      </object_component>
      <object_component id="oc-196">
         <name>.debug_info</name>
         <load_address>0x118b0</load_address>
         <run_address>0x118b0</run_address>
         <size>0x26a</size>
         <input_file_ref idref="fl-ee"/>
      </object_component>
      <object_component id="oc-19c">
         <name>.debug_info</name>
         <load_address>0x11b1a</load_address>
         <run_address>0x11b1a</run_address>
         <size>0x280</size>
         <input_file_ref idref="fl-ee"/>
      </object_component>
      <object_component id="oc-1a2">
         <name>.debug_info</name>
         <load_address>0x11d9a</load_address>
         <run_address>0x11d9a</run_address>
         <size>0x230</size>
         <input_file_ref idref="fl-ee"/>
      </object_component>
      <object_component id="oc-1a8">
         <name>.debug_info</name>
         <load_address>0x11fca</load_address>
         <run_address>0x11fca</run_address>
         <size>0x22a</size>
         <input_file_ref idref="fl-ee"/>
      </object_component>
      <object_component id="oc-225">
         <name>.debug_info</name>
         <load_address>0x121f4</load_address>
         <run_address>0x121f4</run_address>
         <size>0x3cb</size>
         <input_file_ref idref="fl-ef"/>
      </object_component>
      <object_component id="oc-21f">
         <name>.debug_info</name>
         <load_address>0x125bf</load_address>
         <run_address>0x125bf</run_address>
         <size>0x250</size>
         <input_file_ref idref="fl-ef"/>
      </object_component>
      <object_component id="oc-219">
         <name>.debug_info</name>
         <load_address>0x1280f</load_address>
         <run_address>0x1280f</run_address>
         <size>0x252</size>
         <input_file_ref idref="fl-ef"/>
      </object_component>
      <object_component id="oc-162">
         <name>.debug_info</name>
         <load_address>0x12a61</load_address>
         <run_address>0x12a61</run_address>
         <size>0x32f</size>
         <input_file_ref idref="fl-ef"/>
      </object_component>
      <object_component id="oc-168">
         <name>.debug_info</name>
         <load_address>0x12d90</load_address>
         <run_address>0x12d90</run_address>
         <size>0x27c</size>
         <input_file_ref idref="fl-ef"/>
      </object_component>
      <object_component id="oc-16e">
         <name>.debug_info</name>
         <load_address>0x1300c</load_address>
         <run_address>0x1300c</run_address>
         <size>0x256</size>
         <input_file_ref idref="fl-ef"/>
      </object_component>
      <object_component id="oc-420">
         <name>.debug_info</name>
         <load_address>0x13262</load_address>
         <run_address>0x13262</run_address>
         <size>0xc0</size>
      </object_component>
      <object_component id="oc-12a">
         <name>.debug_line</name>
         <load_address>0x0</load_address>
         <run_address>0x0</run_address>
         <size>0xa3</size>
         <input_file_ref idref="fl-2"/>
      </object_component>
      <object_component id="oc-1e6">
         <name>.debug_line</name>
         <load_address>0xa3</load_address>
         <run_address>0xa3</run_address>
         <size>0x32</size>
         <input_file_ref idref="fl-2"/>
      </object_component>
      <object_component id="oc-9c">
         <name>.debug_line</name>
         <load_address>0xd5</load_address>
         <run_address>0xd5</run_address>
         <size>0x8a</size>
         <input_file_ref idref="fl-2"/>
      </object_component>
      <object_component id="oc-12e">
         <name>.debug_line</name>
         <load_address>0x15f</load_address>
         <run_address>0x15f</run_address>
         <size>0x32</size>
         <input_file_ref idref="fl-2"/>
      </object_component>
      <object_component id="oc-70">
         <name>.debug_line</name>
         <load_address>0x191</load_address>
         <run_address>0x191</run_address>
         <size>0x6f</size>
         <input_file_ref idref="fl-2"/>
      </object_component>
      <object_component id="oc-b2">
         <name>.debug_line</name>
         <load_address>0x200</load_address>
         <run_address>0x200</run_address>
         <size>0x20</size>
         <input_file_ref idref="fl-2"/>
      </object_component>
      <object_component id="oc-ad">
         <name>.debug_line</name>
         <load_address>0x220</load_address>
         <run_address>0x220</run_address>
         <size>0x73</size>
         <input_file_ref idref="fl-2"/>
      </object_component>
      <object_component id="oc-2b7">
         <name>.debug_line</name>
         <load_address>0x293</load_address>
         <run_address>0x293</run_address>
         <size>0x6f</size>
         <input_file_ref idref="fl-2"/>
      </object_component>
      <object_component id="oc-75">
         <name>.debug_line</name>
         <load_address>0x302</load_address>
         <run_address>0x302</run_address>
         <size>0x70</size>
         <input_file_ref idref="fl-2"/>
      </object_component>
      <object_component id="oc-e5">
         <name>.debug_line</name>
         <load_address>0x372</load_address>
         <run_address>0x372</run_address>
         <size>0x45</size>
         <input_file_ref idref="fl-3"/>
      </object_component>
      <object_component id="oc-36">
         <name>.debug_line</name>
         <load_address>0x3b7</load_address>
         <run_address>0x3b7</run_address>
         <size>0x20</size>
[...]
         </cprec>
         <cprec>
            <name>.vtable</name>
            <load_address>0x3380</load_address>
            <load_size>0x8</load_size>
            <run_address>0x20000000</run_address>
            <run_size>0x26c</run_size>
            <compression>zero_init</compression>
         </cprec>
      </cptbl>
   </cptbl_list>
   <handler_table>
      <handler_table_name>__TI_handler_table</handler_table_name>
      <handler>
         <index>0x0</index>
         <name>__TI_zero_init</name>
      </handler>
      <handler>
         <index>0x1</index>
         <name>__TI_decompress_lzss</name>
      </handler>
      <handler>
         <index>0x2</index>
         <name>__TI_decompress_none</name>
      </handler>
   </handler_table>
   <symbol_table>
      <symbol id="sm-1">
         <name>__STACK_TOP</name>
         <value>0x20000470</value>
      </symbol>
      <symbol id="sm-2">
         <name>__TI_CINIT_Base</name>
         <value>0x3388</value>
      </symbol>
      <symbol id="sm-3">
         <name>__TI_CINIT_Limit</name>
         <value>0x33a0</value>
      </symbol>
      <symbol id="sm-4">
         <name>__TI_Handler_Table_Base</name>
         <value>0x3368</value>
      </symbol>
      <symbol id="sm-5">
         <name>__TI_Handler_Table_Limit</name>
         <value>0x3374</value>
      </symbol>
      <symbol id="sm-6">
         <name>binit</name>
         <value>0xffffffff</value>
      </symbol>
      <symbol id="sm-7">
         <name>__binit__</name>
         <value>0xffffffff</value>
      </symbol>
      <symbol id="sm-8">
         <name>__STACK_SIZE</name>
         <value>0x400</value>
      </symbol>
      <symbol id="sm-9">
         <name>__STACK_END</name>
         <value>0x20000670</value>
      </symbol>
      <symbol id="sm-a">
         <name>__c_args__</name>
         <value>0xffffffff</value>
      </symbol>
      <symbol id="sm-b">
         <name>__TI_pprof_out_hndl</name>
         <value>0xffffffff</value>
      </symbol>
      <symbol id="sm-c">
         <name>__TI_prof_data_start</name>
         <value>0xffffffff</value>
      </symbol>
      <symbol id="sm-d">
         <name>__TI_prof_data_size</name>
         <value>0xffffffff</value>
      </symbol>
      <symbol id="sm-5f">
         <name>seg7Display</name>
         <value>0x2000078c</value>
         <object_component_ref idref="oc-e7"/>
      </symbol>
      <symbol id="sm-60">
         <name>ADCOutput</name>
         <value>0x1e9d</value>
         <object_component_ref idref="oc-98"/>
      </symbol>
      <symbol id="sm-61">
         <name>main</name>
         <value>0x1f55</value>
         <object_component_ref idref="oc-98"/>
      </symbol>
      <symbol id="sm-73">
         <name>rasInit</name>
         <value>0x2d21</value>
         <object_component_ref idref="oc-e1"/>
      </symbol>
      <symbol id="sm-80">
         <name>rasRead</name>
         <value>0x2b6d</value>
         <object_component_ref idref="oc-c5"/>
      </symbol>
      <symbol id="sm-a0">
         <name>seg7Init</name>
         <value>0x12fd</value>
         <object_component_ref idref="oc-db"/>
      </symbol>
      <symbol id="sm-a1">
         <name>seg7Update</name>
         <value>0x1489</value>
         <object_component_ref idref="oc-db"/>
      </symbol>
      <symbol id="sm-b2">
         <name>seg7DigitUpdate</name>
         <value>0x2a79</value>
         <object_component_ref idref="oc-d0"/>
      </symbol>
      <symbol id="sm-ce">
         <name>ResetISR</name>
         <value>0x3101</value>
         <object_component_ref idref="oc-24"/>
      </symbol>
      <symbol id="sm-cf">
         <name>g_pfnVectors</name>
         <value>0x0</value>
         <object_component_ref idref="oc-f"/>
      </symbol>
      <symbol id="sm-e8">
         <name>__TI_zero_init_nomemset</name>
         <value>0x2f91</value>
         <object_component_ref idref="oc-44"/>
      </symbol>
      <symbol id="sm-ff">
         <name>__TI_decompress_none</name>
         <value>0x30f3</value>
         <object_component_ref idref="oc-18"/>
      </symbol>
      <symbol id="sm-122">
         <name>__TI_decompress_lzss</name>
         <value>0x28f7</value>
         <object_component_ref idref="oc-12"/>
      </symbol>
      <symbol id="sm-135">
         <name>__stack</name>
         <value>0x20000270</value>
         <object_component_ref idref="oc-21"/>
      </symbol>
      <symbol id="sm-136">
         <name>_c_int00_noargs</name>
         <value>0x2e49</value>
         <object_component_ref idref="oc-56"/>
      </symbol>
      <symbol id="sm-151">
         <name>memcpy</name>
         <value>0x24c9</value>
         <object_component_ref idref="oc-38"/>
      </symbol>
      <symbol id="sm-152">
         <name>__aeabi_memcpy</name>
         <value>0x24c9</value>
         <object_component_ref idref="oc-38"/>
      </symbol>
      <symbol id="sm-153">
         <name>__aeabi_memcpy8</name>
         <value>0x24c9</value>
         <object_component_ref idref="oc-38"/>
      </symbol>
      <symbol id="sm-154">
         <name>__aeabi_memcpy4</name>
         <value>0x24c9</value>
         <object_component_ref idref="oc-38"/>
      </symbol>
      <symbol id="sm-163">
         <name>__aeabi_memset</name>
         <value>0x2811</value>
         <object_component_ref idref="oc-8c"/>
      </symbol>
      <symbol id="sm-164">
         <name>memset</name>
         <value>0x2817</value>
         <object_component_ref idref="oc-8c"/>
      </symbol>
      <symbol id="sm-165">
         <name>__aeabi_memset8</name>
         <value>0x2811</value>
         <object_component_ref idref="oc-8c"/>
      </symbol>
      <symbol id="sm-166">
         <name>__aeabi_memset4</name>
         <value>0x2811</value>
         <object_component_ref idref="oc-8c"/>
      </symbol>
      <symbol id="sm-167">
         <name>__aeabi_memclr8</name>
         <value>0x280f</value>
         <object_component_ref idref="oc-8c"/>
      </symbol>
      <symbol id="sm-168">
         <name>__aeabi_memclr4</name>
         <value>0x280f</value>
         <object_component_ref idref="oc-8c"/>
      </symbol>
      <symbol id="sm-169">
         <name>__aeabi_memclr</name>
         <value>0x280f</value>
         <object_component_ref idref="oc-8c"/>
      </symbol>
      <symbol id="sm-191">
         <name>__TI_auto_init_nobinit_nopinit</name>
         <value>0x2cdd</value>
         <object_component_ref idref="oc-f7"/>
      </symbol>
      <symbol id="sm-19b">
         <name>_system_pre_init</name>
         <value>0x3147</value>
         <object_component_ref idref="oc-92"/>
      </symbol>
      <symbol id="sm-1a7">
         <name>C$$EXIT</name>
         <value>0x314b</value>
         <object_component_ref idref="oc-eb"/>
      </symbol>
      <symbol id="sm-1a8">
         <name>abort</name>
         <value>0x314b</value>
         <object_component_ref idref="oc-eb"/>
      </symbol>
      <symbol id="sm-1ef">
         <name>ADCProcessorTrigger</name>
         <value>0x2ffd</value>
         <object_component_ref idref="oc-136"/>
      </symbol>
      <symbol id="sm-1f0">
         <name>ADCSequenceEnable</name>
         <value>0x30e5</value>
         <object_component_ref idref="oc-1de"/>
      </symbol>
      <symbol id="sm-1f1">
         <name>ADCSequenceConfigure</name>
         <value>0x2b17</value>
         <object_component_ref idref="oc-1d2"/>
      </symbol>
      <symbol id="sm-1f2">
         <name>ADCSequenceStepConfigure</name>
         <value>0x2795</value>
         <object_component_ref idref="oc-1d8"/>
      </symbol>
      <symbol id="sm-1f3">
         <name>ADCIntClear</name>
         <value>0x310d</value>
         <object_component_ref idref="oc-148"/>
      </symbol>
      <symbol id="sm-1f4">
         <name>ADCIntStatus</name>
         <value>0x2ead</value>
         <object_component_ref idref="oc-13c"/>
      </symbol>
      <symbol id="sm-1f5">
         <name>ADCSequenceDataGet</name>
         <value>0x2f55</value>
         <object_component_ref idref="oc-142"/>
      </symbol>
      <symbol id="sm-24f">
         <name>GPIOPinConfigure</name>
         <value>0x2bb5</value>
         <object_component_ref idref="oc-14f"/>
      </symbol>
      <symbol id="sm-250">
         <name>GPIOPinTypeGPIOInput</name>
         <value>0x302d</value>
         <object_component_ref idref="oc-263"/>
      </symbol>
      <symbol id="sm-251">
         <name>GPIOPinTypeUART</name>
         <value>0x3043</value>
         <object_component_ref idref="oc-155"/>
      </symbol>
      <symbol id="sm-252">
         <name>GPIOPinTypeGPIOOutput</name>
         <value>0x2fc9</value>
         <object_component_ref idref="oc-273"/>
      </symbol>
      <symbol id="sm-253">
         <name>GPIOPinRead</name>
         <value>0x3135</value>
         <object_component_ref idref="oc-269"/>
      </symbol>
      <symbol id="sm-254">
         <name>GPIODirModeSet</name>
         <value>0x2f09</value>
         <object_component_ref idref="oc-1c4"/>
      </symbol>
      <symbol id="sm-255">
         <name>GPIOPinWrite</name>
         <value>0x313b</value>
         <object_component_ref idref="oc-1ca"/>
      </symbol>
      <symbol id="sm-256">
         <name>GPIOPadConfigSet</name>
         <value>0x1881</value>
         <object_component_ref idref="oc-1be"/>
      </symbol>
      <symbol id="sm-26d">
         <name>IntRegister</name>
         <value>0x2de1</value>
         <object_component_ref idref="oc-25a"/>
      </symbol>
      <symbol id="sm-26e">
         <name>g_pfnRAMVectors</name>
         <value>0x20000000</value>
         <object_component_ref idref="oc-319"/>
      </symbol>
      <symbol id="sm-2c1">
         <name>SysCtlClockSet</name>
         <value>0x21c1</value>
         <object_component_ref idref="oc-18f"/>
      </symbol>
      <symbol id="sm-2c2">
         <name>SysCtlDelay</name>
         <value>0x3141</value>
         <object_component_ref idref="oc-18e"/>
      </symbol>
      <symbol id="sm-2c3">
         <name>SysCtlPeripheralEnable</name>
         <value>0x2e15</value>
         <object_component_ref idref="oc-130"/>
      </symbol>
      <symbol id="sm-2c4">
         <name>SysCtlClockGet</name>
         <value>0x1d85</value>
         <object_component_ref idref="oc-15b"/>
      </symbol>
      <symbol id="sm-32c">
         <name>schdExecute</name>
         <value>0xe65</value>
         <object_component_ref idref="oc-d5"/>
      </symbol>
      <symbol id="sm-32d">
         <name>sysTimeWaitAbsolute</name>
         <value>0xd9f</value>
         <object_component_ref idref="oc-d5"/>
      </symbol>
      <symbol id="sm-32e">
         <name>lpInit</name>
         <value>0xfc7</value>
         <object_component_ref idref="oc-d5"/>
      </symbol>
      <symbol id="sm-32f">
         <name>sysTimeGet</name>
         <value>0xd4f</value>
         <object_component_ref idref="oc-d5"/>
      </symbol>
      <symbol id="sm-330">
         <name>sysTimeReached</name>
         <value>0xd55</value>
         <object_component_ref idref="oc-d5"/>
      </symbol>
      <symbol id="sm-331">
         <name>waitUs</name>
         <value>0xf99</value>
         <object_component_ref idref="oc-d5"/>
      </symbol>
      <symbol id="sm-332">
         <name>sysTimeWait</name>
         <value>0xd7b</value>
         <object_component_ref idref="oc-d5"/>
      </symbol>
      <symbol id="sm-333">
         <name>schdCallback</name>
         <value>0xdeb</value>
         <object_component_ref idref="oc-d5"/>
      </symbol>
      <symbol id="sm-334">
         <name>waitMs</name>
         <value>0xf69</value>
         <object_component_ref idref="oc-d5"/>
      </symbol>
      <symbol id="sm-34f">
         <name>ledInit</name>
         <value>0x244f</value>
         <object_component_ref idref="oc-1b3"/>
      </symbol>
      <symbol id="sm-350">
         <name>ledInitForced</name>
         <value>0x242d</value>
         <object_component_ref idref="oc-1b3"/>
      </symbol>
      <symbol id="sm-351">
         <name>ledTurnOnOff</name>
         <value>0x2463</value>
         <object_component_ref idref="oc-1b3"/>
      </symbol>
      <symbol id="sm-36f">
         <name>pbInitForced</name>
         <value>0x25fd</value>
         <object_component_ref idref="oc-1ad"/>
      </symbol>
      <symbol id="sm-370">
         <name>pbInit</name>
         <value>0x2631</value>
         <object_component_ref idref="oc-1ad"/>
      </symbol>
      <symbol id="sm-371">
         <name>pbRead</name>
         <value>0x2645</value>
         <object_component_ref idref="oc-1ad"/>
      </symbol>
      <symbol id="sm-388">
         <name>uartPutString</name>
         <value>0x2313</value>
         <object_component_ref idref="oc-ca"/>
      </symbol>
      <symbol id="sm-389">
         <name>uprintf</name>
         <value>0x233f</value>
         <object_component_ref idref="oc-ca"/>
      </symbol>
      <symbol id="sm-38a">
         <name>uartInit</name>
         <value>0x22b5</value>
         <object_component_ref idref="oc-ca"/>
      </symbol>
      <symbol id="sm-38b">
         <name>uartPutChar</name>
         <value>0x22ef</value>
         <object_component_ref idref="oc-ca"/>
      </symbol>
      <symbol id="sm-38c">
         <name>uartGetChar</name>
         <value>0x2301</value>
         <object_component_ref idref="oc-ca"/>
      </symbol>
      <symbol id="sm-3bb">
         <name>vsnprintf</name>
         <value>0x2d61</value>
         <object_component_ref idref="oc-173"/>
      </symbol>
      <symbol id="sm-3c8">
         <name>__aeabi_uldivmod</name>
         <value>0x2565</value>
         <object_component_ref idref="oc-189"/>
      </symbol>
      <symbol id="sm-52d">
         <name>__TI_printfi</name>
         <value>0x26d</value>
         <object_component_ref idref="oc-228"/>
      </symbol>
      <symbol id="sm-537">
         <name>__aeabi_idiv0</name>
         <value>0xcbb</value>
         <object_component_ref idref="oc-251"/>
      </symbol>
      <symbol id="sm-538">
         <name>__aeabi_ldiv0</name>
         <value>0xcbb</value>
         <object_component_ref idref="oc-251"/>
      </symbol>
      <symbol id="sm-54f">
         <name>__aeabi_dsub</name>
         <value>0x16c9</value>
         <object_component_ref idref="oc-35c"/>
      </symbol>
      <symbol id="sm-550">
         <name>__aeabi_dadd</name>
         <value>0x16d3</value>
         <object_component_ref idref="oc-35c"/>
      </symbol>
      <symbol id="sm-572">
         <name>__aeabi_cdcmpeq</name>
         <value>0x2689</value>
         <object_component_ref idref="oc-2d7"/>
      </symbol>
      <symbol id="sm-573">
         <name>__aeabi_cdcmple</name>
         <value>0x2689</value>
         <object_component_ref idref="oc-2d7"/>
      </symbol>
      <symbol id="sm-574">
         <name>__aeabi_cdrcmple</name>
         <value>0x270f</value>
         <object_component_ref idref="oc-347"/>
      </symbol>
      <symbol id="sm-588">
         <name>__aeabi_ddiv</name>
         <value>0x1b29</value>
         <object_component_ref idref="oc-342"/>
      </symbol>
      <symbol id="sm-593">
         <name>__aeabi_dmul</name>
         <value>0x20c5</value>
         <object_component_ref idref="oc-33d"/>
      </symbol>
      <symbol id="sm-59d">
         <name>__aeabi_d2iz</name>
         <value>0x2c4d</value>
         <object_component_ref idref="oc-34c"/>
      </symbol>
      <symbol id="sm-5a7">
         <name>__aeabi_i2d</name>
         <value>0x2edb</value>
         <object_component_ref idref="oc-357"/>
      </symbol>
      <symbol id="sm-5bd">
         <name>atoi</name>
         <value>0x2c01</value>
         <object_component_ref idref="oc-2cb"/>
      </symbol>
      <symbol id="sm-5c8">
         <name>_ctypes_</name>
         <value>0x3150</value>
         <object_component_ref idref="oc-336"/>
      </symbol>
      <symbol id="sm-5d7">
         <name>ltoa</name>
         <value>0x2a1b</value>
         <object_component_ref idref="oc-351"/>
      </symbol>
      <symbol id="sm-5e7">
         <name>memccpy</name>
         <value>0x2fad</value>
         <object_component_ref idref="oc-2f4"/>
      </symbol>
      <symbol id="sm-5f7">
         <name>strchr</name>
         <value>0x3059</value>
         <object_component_ref idref="oc-388"/>
      </symbol>
      <symbol id="sm-605">
         <name>strlen</name>
         <value>0x30ad</value>
         <object_component_ref idref="oc-2c5"/>
      </symbol>
      <symbol id="sm-61b">
         <name>__aeabi_errno_addr</name>
         <value>0x312d</value>
         <object_component_ref idref="oc-300"/>
      </symbol>
      <symbol id="sm-61c">
         <name>errno</name>
         <value>0x20000794</value>
         <object_component_ref idref="oc-398"/>
      </symbol>
      <symbol id="sm-635">
         <name>wcslen</name>
         <value>0x30c1</value>
         <object_component_ref idref="oc-2fa"/>
      </symbol>
      <symbol id="sm-655">
         <name>frexpl</name>
         <value>0x2961</value>
         <object_component_ref idref="oc-37c"/>
      </symbol>
      <symbol id="sm-656">
         <name>frexp</name>
         <value>0x2961</value>
         <object_component_ref idref="oc-37c"/>
      </symbol>
      <symbol id="sm-673">
         <name>scalbn</name>
         <value>0x1fb5</value>
         <object_component_ref idref="oc-382"/>
      </symbol>
      <symbol id="sm-674">
         <name>scalbnl</name>
         <value>0x1fb5</value>
         <object_component_ref idref="oc-382"/>
      </symbol>
      <symbol id="sm-675">
         <name>ldexpl</name>
         <value>0x1fb5</value>
         <object_component_ref idref="oc-382"/>
      </symbol>
      <symbol id="sm-676">
         <name>ldexp</name>
         <value>0x1fb5</value>
         <object_component_ref idref="oc-382"/>
      </symbol>
      <symbol id="sm-680">
         <name>copysign</name>
         <value>0x2fe3</value>
         <object_component_ref idref="oc-3c7"/>
      </symbol>
      <symbol id="sm-681">
         <name>copysignl</name>
         <value>0x2fe3</value>
         <object_component_ref idref="oc-3c7"/>
      </symbol>
      <symbol id="sm-6ae">
         <name>SysTickEnable</name>
         <value>0x3071</value>
         <object_component_ref idref="oc-1a7"/>
      </symbol>
      <symbol id="sm-6af">
         <name>SysTickIntRegister</name>
         <value>0x2f75</value>
         <object_component_ref idref="oc-19b"/>
      </symbol>
      <symbol id="sm-6b0">
         <name>SysTickIntEnable</name>
         <value>0x3085</value>
         <object_component_ref idref="oc-1a1"/>
      </symbol>
      <symbol id="sm-6b1">
         <name>SysTickPeriodSet</name>
         <value>0x30d5</value>
         <object_component_ref idref="oc-195"/>
      </symbol>
      <symbol id="sm-6e4">
         <name>UARTConfigSetExpClk</name>
         <value>0x2c95</value>
         <object_component_ref idref="oc-161"/>
      </symbol>
      <symbol id="sm-6e5">
         <name>UARTDisable</name>
         <value>0x2f35</value>
         <object_component_ref idref="oc-218"/>
      </symbol>
      <symbol id="sm-6e6">
         <name>UARTCharPut</name>
         <value>0x3121</value>
         <object_component_ref idref="oc-167"/>
      </symbol>
      <symbol id="sm-6e7">
         <name>UARTEnable</name>
         <value>0x3099</value>
         <object_component_ref idref="oc-21e"/>
      </symbol>
      <symbol id="sm-6e8">
         <name>UARTCharGet</name>
         <value>0x3117</value>
         <object_component_ref idref="oc-16d"/>
      </symbol>
      <symbol id="sm-6e9">
         <name>__TI_static_base__</name>
         <value>0x0</value>
      </symbol>
      <symbol id="sm-6ec">
         <name>__mpu_init</name>
         <value>0x0</value>
      </symbol>
      <symbol id="sm-6ed">
         <name>_system_post_cinit</name>
         <value>0x0</value>
      </symbol>
   </symbol_table>
   <title>Link successful</title>
</link_info>
