******************************************************************************
                  TI ARM Linker PC v18.12.4                    
******************************************************************************
>> Linked Sun Mar  7 20:21:59 2021

OUTPUT FILE NAME:   <Lab6.out>
ENTRY POINT SYMBOL: "_c_int00_noargs"  address: 00002e49


MEMORY CONFIGURATION

         name            origin    length      used     unused   attr    fill
----------------------  --------  ---------  --------  --------  ----  --------
  FLASH                 00000000   00040000  0000339e  0003cc62  R  X
  SRAM                  20000000   00008000  00000794  0000786c  RW X


SEGMENT ALLOCATION MAP

run origin  load origin   length   init length attrs members
----------  ----------- ---------- ----------- ----- -------
00000000    00000000    000033a0   000033a0    r-x
  00000000    00000000    0000026c   0000026c    r-- .intvecs
  0000026c    0000026c    00002ee2   00002ee2    r-x .text
  00003150    00003150    00000200   00000200    r-- .const
  00003350    00003350    00000050   00000050    r-- .cinit
20000000    20000000    00000798   00000000    rw-
  20000000    20000000    0000026c   00000000    rw- .vtable
  20000270    20000270    00000400   00000000    rw- .stack
  20000670    20000670    00000108   00000000    rw- .bss
  20000778    20000778    00000020   00000000    rw- .data


SECTION ALLOCATION MAP

 output                                  attributes/
section   page    origin      length       input sections
--------  ----  ----------  ----------   ----------------
.intvecs   0    00000000    0000026c     
                  00000000    0000026c     tm4c123gh6pm_startup_ccs.obj (.intvecs)

.text      0    0000026c    00002ee2     
                  0000026c    00000a4e     rtsv7M4_T_le_v4SPD16_eabi.lib : _printfi.c.obj (.text:__TI_printfi)
                  00000cba    00000002                                   : div0.asm.obj (.text)
                  00000cbc    000003d0     Util.lib : launchpad.obj (.text)
                  0000108c    00000270     rtsv7M4_T_le_v4SPD16_eabi.lib : _printfi.c.obj (.text:_pconv_a)
                  000012fc    000001fc     seg7.obj (.text)
                  000014f8    000001d0     rtsv7M4_T_le_v4SPD16_eabi.lib : _printfi.c.obj (.text:_pconv_g)
                  000016c8    000001b6                                   : fd_add_t2.asm.obj (.text)
                  0000187e    00000002     --HOLE-- [fill = 0]
                  00001880    0000016c     driverlib.lib : gpio.obj (.text:GPIOPadConfigSet)
                  000019ec    0000013c     rtsv7M4_T_le_v4SPD16_eabi.lib : _printfi.c.obj (.text:_pconv_e)
                  00001b28    00000136                                   : fd_div_t2.asm.obj (.text)
                  00001c5e    00000002     --HOLE-- [fill = 0]
                  00001c60    00000124                                   : _printfi.c.obj (.text:fcvt)
                  00001d84    00000118     driverlib.lib : sysctl.obj (.text:SysCtlClockGet)
                  00001e9c    00000118     lab6_main.obj (.text)
                  00001fb4    00000110     rtsv7M4_T_le_v4SPD16_eabi.lib : s_scalbn.c.obj (.text:scalbn)
                  000020c4    000000fc                                   : fd_mul_t2.asm.obj (.text)
                  000021c0    000000f4     driverlib.lib : sysctl.obj (.text:SysCtlClockSet)
                  000022b4    000000c4     Util.lib : uart.obj (.text)
                  00002378    000000b1     rtsv7M4_T_le_v4SPD16_eabi.lib : _printfi.c.obj (.text:_ltostr)
                  00002429    00000003     --HOLE-- [fill = 0]
                  0000242c    0000009c     Util.lib : led.obj (.text)
                  000024c8    0000009c     rtsv7M4_T_le_v4SPD16_eabi.lib : memcpy_t2.asm.obj (.text)
                  00002564    00000096                                   : ull_div_t2.asm.obj (.text)
                  000025fa    00000002     --HOLE-- [fill = 0]
                  000025fc    0000008c     Util.lib : pushbutton.obj (.text)
                  00002688    00000086     rtsv7M4_T_le_v4SPD16_eabi.lib : fd_cmp_t2.asm.obj (.text:__aeabi_cdcmple)
                  0000270e    00000086                                   : fd_cmp_t2.asm.obj (.text:__aeabi_cdrcmple)
                  00002794    0000007a     driverlib.lib : adc.obj (.text:ADCSequenceStepConfigure)
                  0000280e    0000007a     rtsv7M4_T_le_v4SPD16_eabi.lib : memset_t2.asm.obj (.text)
                  00002888    0000006e                                   : _printfi.c.obj (.text:_mcpy)
                  000028f6    00000068                                   : copy_decompress_lzss.c.obj (.text:decompress:lzss:__TI_decompress_lzss)
                  0000295e    00000002     --HOLE-- [fill = 0]
                  00002960    00000064                                   : s_frexp.c.obj (.text:frexp)
                  000029c4    00000056                                   : _printfi.c.obj (.text:_pconv_f)
                  00002a1a    00000054                                   : ltoa.c.obj (.text:ltoa)
                  00002a6e    00000002     --HOLE-- [fill = 0]
                  00002a70    00000054     sig7digit.obj (.text)
                  00002ac4    00000052     rtsv7M4_T_le_v4SPD16_eabi.lib : _printfi.c.obj (.text:_ecpy)
                  00002b16    0000004e     driverlib.lib : adc.obj (.text:ADCSequenceConfigure)
                  00002b64    0000004e     ras_asm.obj (.text)
                  00002bb2    00000002     --HOLE-- [fill = 0]
                  00002bb4    0000004c     driverlib.lib : gpio.obj (.text:GPIOPinConfigure)
                  00002c00    0000004c     rtsv7M4_T_le_v4SPD16_eabi.lib : atoi.c.obj (.text:atoi)
                  00002c4c    00000048                                   : fd_toi_t2.asm.obj (.text)
                  00002c94    00000046     driverlib.lib : uart.obj (.text:UARTConfigSetExpClk)
                  00002cda    00000002     --HOLE-- [fill = 0]
                  00002cdc    00000044     rtsv7M4_T_le_v4SPD16_eabi.lib : autoinit.c.obj (.text:__TI_auto_init_nobinit_nopinit:__TI_auto_init_nobinit_nopinit)
                  00002d20    00000040     ras.obj (.text)
                  00002d60    00000040     rtsv7M4_T_le_v4SPD16_eabi.lib : vsnprintf.c.obj (.text:vsnprintf)
                  00002da0    0000003e                                   : _printfi.c.obj (.text:_fcpy)
                  00002dde    00000002     --HOLE-- [fill = 0]
                  00002de0    00000034     driverlib.lib : interrupt.obj (.text:IntRegister)
                  00002e14    00000034                   : sysctl.obj (.text:SysCtlPeripheralEnable)
                  00002e48    00000034     rtsv7M4_T_le_v4SPD16_eabi.lib : boot_cortex_m.c.obj (.text:_c_int00_noargs:_c_int00_noargs)
                  00002e7c    00000030                                   : vsnprintf.c.obj (.text:_outs)
                  00002eac    0000002e     driverlib.lib : adc.obj (.text:ADCIntStatus)
                  00002eda    0000002e     rtsv7M4_T_le_v4SPD16_eabi.lib : i_tofd_t2.asm.obj (.text)
                  00002f08    0000002c     driverlib.lib : gpio.obj (.text:GPIODirModeSet)
                  00002f34    00000020                   : uart.obj (.text:UARTDisable)
                  00002f54    0000001e                   : adc.obj (.text:ADCSequenceDataGet)
                  00002f72    00000002     --HOLE-- [fill = 0]
                  00002f74    0000001c                   : systick.obj (.text:SysTickIntRegister)
                  00002f90    0000001c     rtsv7M4_T_le_v4SPD16_eabi.lib : copy_zero_init.c.obj (.text:decompress:ZI:__TI_zero_init_nomemset:__TI_zero_init_nomemset)
                  00002fac    0000001c                                   : memccpy.c.obj (.text:memccpy)
                  00002fc8    0000001a     driverlib.lib : gpio.obj (.text:GPIOPinTypeGPIOOutput)
                  00002fe2    0000001a     rtsv7M4_T_le_v4SPD16_eabi.lib : s_copysign.c.obj (.text:copysign)
                  00002ffc    00000018     driverlib.lib : adc.obj (.text:ADCProcessorTrigger)
                  00003014    00000018     rtsv7M4_T_le_v4SPD16_eabi.lib : vsnprintf.c.obj (.text:_outc)
                  0000302c    00000016     driverlib.lib : gpio.obj (.text:GPIOPinTypeGPIOInput)
                  00003042    00000016                   : gpio.obj (.text:GPIOPinTypeUART)
                  00003058    00000016     rtsv7M4_T_le_v4SPD16_eabi.lib : strchr.c.obj (.text:strchr)
                  0000306e    00000002     --HOLE-- [fill = 0]
                  00003070    00000014     driverlib.lib : systick.obj (.text:SysTickEnable)
                  00003084    00000014                   : systick.obj (.text:SysTickIntEnable)
                  00003098    00000014                   : uart.obj (.text:UARTEnable)
                  000030ac    00000014     rtsv7M4_T_le_v4SPD16_eabi.lib : strlen.c.obj (.text:strlen)
                  000030c0    00000012                                   : wcslen.c.obj (.text:wcslen)
                  000030d2    00000002     --HOLE-- [fill = 0]
                  000030d4    00000010     driverlib.lib : systick.obj (.text:SysTickPeriodSet)
                  000030e4    0000000e                   : adc.obj (.text:ADCSequenceEnable)
                  000030f2    0000000e     rtsv7M4_T_le_v4SPD16_eabi.lib : copy_decompress_none.c.obj (.text:decompress:none:__TI_decompress_none)
                  00003100    0000000c     tm4c123gh6pm_startup_ccs.obj (.text)
                  0000310c    0000000a     driverlib.lib : adc.obj (.text:ADCIntClear)
                  00003116    0000000a                   : uart.obj (.text:UARTCharGet)
                  00003120    0000000a                   : uart.obj (.text:UARTCharPut)
                  0000312a    00000002     --HOLE-- [fill = 0]
                  0000312c    00000008     rtsv7M4_T_le_v4SPD16_eabi.lib : errno.c.obj (.text:__aeabi_errno_addr)
                  00003134    00000006     driverlib.lib : gpio.obj (.text:GPIOPinRead)
                  0000313a    00000006                   : gpio.obj (.text:GPIOPinWrite)
                  00003140    00000006                   : sysctl.obj (.text:SysCtlDelay)
                  00003146    00000004     rtsv7M4_T_le_v4SPD16_eabi.lib : pre_init.c.obj (.text:_system_pre_init)
                  0000314a    00000004                                   : exit.c.obj (.text:abort:abort)

.const     0    00003150    00000200     
                  00003150    00000101     rtsv7M4_T_le_v4SPD16_eabi.lib : ctype.c.obj (.const:.string:_ctypes_)
                  00003251    00000003     --HOLE-- [fill = 0]
                  00003254    00000090     driverlib.lib : gpio.obj (.const:g_pui32GPIOBaseAddrs)
                  000032e4    0000006c                   : sysctl.obj (.const:g_pui32Xtals)

.cinit     0    00003350    00000050     
                  00003350    00000015     (.cinit..data.load) [load image, compression = lzss]
                  00003365    00000003     --HOLE-- [fill = 0]
                  00003368    0000000c     (__TI_handler_table)
                  00003374    00000004     --HOLE-- [fill = 0]
                  00003378    00000008     (.cinit..bss.load) [load image, compression = zero_init]
                  00003380    00000008     (.cinit..vtable.load) [load image, compression = zero_init]
                  00003388    00000018     (__TI_cinit_table)

.init_array 
*          0    00000000    00000000     UNINITIALIZED

.vtable    0    20000000    0000026c     UNINITIALIZED
                  20000000    0000026c     driverlib.lib : interrupt.obj (.vtable)

.bss       0    20000670    00000108     UNINITIALIZED
                  20000670    00000100     Util.lib : launchpad.obj (.bss:callbackHeap)
                  20000770    00000004              : launchpad.obj (.bss)
                  20000774    00000004     sig7digit.obj (.bss)

.data      0    20000778    00000020     UNINITIALIZED
                  20000778    0000000a     sig7digit.obj (.data)
                  20000782    00000001     Util.lib : led.obj (.data)
                  20000783    00000001              : pushbutton.obj (.data)
                  20000784    00000008              : launchpad.obj (.data)
                  2000078c    00000005     lab6_main.obj (.data:seg7Display)
                  20000791    00000003     --HOLE--
                  20000794    00000004     rtsv7M4_T_le_v4SPD16_eabi.lib : errno.c.obj (.data)

.stack     0    20000270    00000400     UNINITIALIZED
                  20000270    00000004     rtsv7M4_T_le_v4SPD16_eabi.lib : boot_cortex_m.c.obj (.stack)
                  20000274    000003fc     --HOLE--

MODULE SUMMARY

       Module                         code    ro data   rw data
       ------                         ----    -------   -------
    .\
       tm4c123gh6pm_startup_ccs.obj   12      620       0      
       seg7.obj                       508     0         0      
       lab6_main.obj                  280     0         5      
       sig7digit.obj                  84      0         14     
       ras_asm.obj                    78      0         0      
       ras.obj                        64      0         0      
    +--+------------------------------+-------+---------+---------+
       Total:                         1026    620       19     
                                                               
    C:/Users/perth/OneDrive/Desktop/College Stuff/4. ECE 266/LabGroupA1/Util/Debug/Util.lib
       launchpad.obj                  976     0         268    
       uart.obj                       196     0         0      
       led.obj                        156     0         1      
       pushbutton.obj                 140     0         1      
    +--+------------------------------+-------+---------+---------+
       Total:                         1468    0         270    
                                                               
    C:/ti/TivaWare_C_Series-2.2.0.295/driverlib/ccs/Debug/driverlib.lib
       gpio.obj                       566     144       0      
       sysctl.obj                     582     108       0      
       interrupt.obj                  52      0         620    
       adc.obj                        324     0         0      
       uart.obj                       142     0         0      
       systick.obj                    84      0         0      
    +--+------------------------------+-------+---------+---------+
       Total:                         1750    252       620    
                                                               
    C:\ti\ccs930\ccs\tools\compiler\ti-cgt-arm_18.12.4.LTS\lib\rtsv7M4_T_le_v4SPD16_eabi.lib
       _printfi.c.obj                 4851    0         0      
       fd_add_t2.asm.obj              438     0         0      
       fd_div_t2.asm.obj              310     0         0      
       s_scalbn.c.obj                 272     0         0      
       fd_cmp_t2.asm.obj              268     0         0      
       ctype.c.obj                    0       257       0      
       fd_mul_t2.asm.obj              252     0         0      
       memcpy_t2.asm.obj              156     0         0      
       ull_div_t2.asm.obj             150     0         0      
       vsnprintf.c.obj                136     0         0      
       memset_t2.asm.obj              122     0         0      
       copy_decompress_lzss.c.obj     104     0         0      
       s_frexp.c.obj                  100     0         0      
       ltoa.c.obj                     84      0         0      
       atoi.c.obj                     76      0         0      
       fd_toi_t2.asm.obj              72      0         0      
       autoinit.c.obj                 68      0         0      
       boot_cortex_m.c.obj            52      0         0      
       i_tofd_t2.asm.obj              46      0         0      
       copy_zero_init.c.obj           28      0         0      
       memccpy.c.obj                  28      0         0      
       s_copysign.c.obj               26      0         0      
       strchr.c.obj                   22      0         0      
       strlen.c.obj                   20      0         0      
       wcslen.c.obj                   18      0         0      
       copy_decompress_none.c.obj     14      0         0      
       errno.c.obj                    8       0         4      
       exit.c.obj                     4       0         0      
       pre_init.c.obj                 4       0         0      
       div0.asm.obj                   2       0         0      
    +--+------------------------------+-------+---------+---------+
       Total:                         7731    257       4      
                                                               
       Stack:                         0       0         1024   
       Linker Generated:              0       73        0      
    +--+------------------------------+-------+---------+---------+
       Grand Total:                   11975   1202      1937   


LINKER GENERATED COPY TABLES

__TI_cinit_table @ 00003388 records: 3, size/record: 8, table size: 24
	.data: load addr=00003350, load size=00000015 bytes, run addr=20000778, run size=00000020 bytes, compression=lzss
	.bss: load addr=00003378, load size=00000008 bytes, run addr=20000670, run size=00000108 bytes, compression=zero_init
	.vtable: load addr=00003380, load size=00000008 bytes, run addr=20000000, run size=0000026c bytes, compression=zero_init


LINKER GENERATED HANDLER TABLE

__TI_handler_table @ 00003368 records: 3, size/record: 4, table size: 12
	index: 0, handler: __TI_zero_init
	index: 1, handler: __TI_decompress_lzss
	index: 2, handler: __TI_decompress_none


GLOBAL SYMBOLS: SORTED ALPHABETICALLY BY Name 

address   name                          
-------   ----                          
0000310d  ADCIntClear                   
00002ead  ADCIntStatus                  
00001e9d  ADCOutput                     
00002ffd  ADCProcessorTrigger           
00002b17  ADCSequenceConfigure          
00002f55  ADCSequenceDataGet            
000030e5  ADCSequenceEnable             
00002795  ADCSequenceStepConfigure      
0000314b  C$$EXIT                       
00002f09  GPIODirModeSet                
00001881  GPIOPadConfigSet              
00002bb5  GPIOPinConfigure              
00003135  GPIOPinRead                   
0000302d  GPIOPinTypeGPIOInput          
00002fc9  GPIOPinTypeGPIOOutput         
00003043  GPIOPinTypeUART               
0000313b  GPIOPinWrite                  
00002de1  IntRegister                   
00003101  ResetISR                      
00001d85  SysCtlClockGet                
000021c1  SysCtlClockSet                
00003141  SysCtlDelay                   
00002e15  SysCtlPeripheralEnable        
00003071  SysTickEnable                 
00003085  SysTickIntEnable              
00002f75  SysTickIntRegister            
000030d5  SysTickPeriodSet              
00003117  UARTCharGet                   
00003121  UARTCharPut                   
00002c95  UARTConfigSetExpClk           
00002f35  UARTDisable                   
00003099  UARTEnable                    
20000670  __STACK_END                   
00000400  __STACK_SIZE                  
20000470  __STACK_TOP                   
00003388  __TI_CINIT_Base               
000033a0  __TI_CINIT_Limit              
00003368  __TI_Handler_Table_Base       
00003374  __TI_Handler_Table_Limit      
00002cdd  __TI_auto_init_nobinit_nopinit
000028f7  __TI_decompress_lzss          
000030f3  __TI_decompress_none          
ffffffff  __TI_pprof_out_hndl           
0000026d  __TI_printfi                  
ffffffff  __TI_prof_data_size           
ffffffff  __TI_prof_data_start          
00000000  __TI_static_base__            
00002f91  __TI_zero_init_nomemset       
00002689  __aeabi_cdcmpeq               
00002689  __aeabi_cdcmple               
0000270f  __aeabi_cdrcmple              
00002c4d  __aeabi_d2iz                  
000016d3  __aeabi_dadd                  
00001b29  __aeabi_ddiv                  
000020c5  __aeabi_dmul                  
000016c9  __aeabi_dsub                  
0000312d  __aeabi_errno_addr            
00002edb  __aeabi_i2d                   
00000cbb  __aeabi_idiv0                 
00000cbb  __aeabi_ldiv0                 
0000280f  __aeabi_memclr                
0000280f  __aeabi_memclr4               
0000280f  __aeabi_memclr8               
000024c9  __aeabi_memcpy                
000024c9  __aeabi_memcpy4               
000024c9  __aeabi_memcpy8               
00002811  __aeabi_memset                
00002811  __aeabi_memset4               
00002811  __aeabi_memset8               
00002565  __aeabi_uldivmod              
ffffffff  __binit__                     
ffffffff  __c_args__                    
UNDEFED   __mpu_init                    
20000270  __stack                       
00002e49  _c_int00_noargs               
00003150  _ctypes_                      
UNDEFED   _system_post_cinit            
00003147  _system_pre_init              
0000314b  abort                         
00002c01  atoi                          
ffffffff  binit                         
00002fe3  copysign                      
00002fe3  copysignl                     
20000794  errno                         
00002961  frexp                         
00002961  frexpl                        
20000000  g_pfnRAMVectors               
00000000  g_pfnVectors                  
00001fb5  ldexp                         
00001fb5  ldexpl                        
0000244f  ledInit                       
0000242d  ledInitForced                 
00002463  ledTurnOnOff                  
00000fc7  lpInit                        
00002a1b  ltoa                          
00001f55  main                          
00002fad  memccpy                       
000024c9  memcpy                        
00002817  memset                        
00002631  pbInit                        
000025fd  pbInitForced                  
00002645  pbRead                        
00002d21  rasInit                       
00002b6d  rasRead                       
00001fb5  scalbn                        
00001fb5  scalbnl                       
00000deb  schdCallback                  
00000e65  schdExecute                   
00002a79  seg7DigitUpdate               
2000078c  seg7Display                   
000012fd  seg7Init                      
00001489  seg7Update                    
00003059  strchr                        
000030ad  strlen                        
00000d4f  sysTimeGet                    
00000d55  sysTimeReached                
00000d7b  sysTimeWait                   
00000d9f  sysTimeWaitAbsolute           
00002301  uartGetChar                   
000022b5  uartInit                      
000022ef  uartPutChar                   
00002313  uartPutString                 
0000233f  uprintf                       
00002d61  vsnprintf                     
00000f69  waitMs                        
00000f99  waitUs                        
000030c1  wcslen                        


GLOBAL SYMBOLS: SORTED BY Symbol Address 

address   name                          
-------   ----                          
00000000  __TI_static_base__            
00000000  g_pfnVectors                  
0000026d  __TI_printfi                  
00000400  __STACK_SIZE                  
00000cbb  __aeabi_idiv0                 
00000cbb  __aeabi_ldiv0                 
00000d4f  sysTimeGet                    
00000d55  sysTimeReached                
00000d7b  sysTimeWait                   
00000d9f  sysTimeWaitAbsolute           
00000deb  schdCallback                  
00000e65  schdExecute                   
00000f69  waitMs                        
00000f99  waitUs                        
00000fc7  lpInit                        
000012fd  seg7Init                      
00001489  seg7Update                    
000016c9  __aeabi_dsub                  
000016d3  __aeabi_dadd                  
00001881  GPIOPadConfigSet              
00001b29  __aeabi_ddiv                  
00001d85  SysCtlClockGet                
00001e9d  ADCOutput                     
00001f55  main                          
00001fb5  ldexp                         
00001fb5  ldexpl                        
00001fb5  scalbn                        
00001fb5  scalbnl                       
000020c5  __aeabi_dmul                  
000021c1  SysCtlClockSet                
000022b5  uartInit                      
000022ef  uartPutChar                   
00002301  uartGetChar                   
00002313  uartPutString                 
0000233f  uprintf                       
0000242d  ledInitForced                 
0000244f  ledInit                       
00002463  ledTurnOnOff                  
000024c9  __aeabi_memcpy                
000024c9  __aeabi_memcpy4               
000024c9  __aeabi_memcpy8               
000024c9  memcpy                        
00002565  __aeabi_uldivmod              
000025fd  pbInitForced                  
00002631  pbInit                        
00002645  pbRead                        
00002689  __aeabi_cdcmpeq               
00002689  __aeabi_cdcmple               
0000270f  __aeabi_cdrcmple              
00002795  ADCSequenceStepConfigure      
0000280f  __aeabi_memclr                
0000280f  __aeabi_memclr4               
0000280f  __aeabi_memclr8               
00002811  __aeabi_memset                
00002811  __aeabi_memset4               
00002811  __aeabi_memset8               
00002817  memset                        
000028f7  __TI_decompress_lzss          
00002961  frexp                         
00002961  frexpl                        
00002a1b  ltoa                          
00002a79  seg7DigitUpdate               
00002b17  ADCSequenceConfigure          
00002b6d  rasRead                       
00002bb5  GPIOPinConfigure              
00002c01  atoi                          
00002c4d  __aeabi_d2iz                  
00002c95  UARTConfigSetExpClk           
00002cdd  __TI_auto_init_nobinit_nopinit
00002d21  rasInit                       
00002d61  vsnprintf                     
00002de1  IntRegister                   
00002e15  SysCtlPeripheralEnable        
00002e49  _c_int00_noargs               
00002ead  ADCIntStatus                  
00002edb  __aeabi_i2d                   
00002f09  GPIODirModeSet                
00002f35  UARTDisable                   
00002f55  ADCSequenceDataGet            
00002f75  SysTickIntRegister            
00002f91  __TI_zero_init_nomemset       
00002fad  memccpy                       
00002fc9  GPIOPinTypeGPIOOutput         
00002fe3  copysign                      
00002fe3  copysignl                     
00002ffd  ADCProcessorTrigger           
0000302d  GPIOPinTypeGPIOInput          
00003043  GPIOPinTypeUART               
00003059  strchr                        
00003071  SysTickEnable                 
00003085  SysTickIntEnable              
00003099  UARTEnable                    
000030ad  strlen                        
000030c1  wcslen                        
000030d5  SysTickPeriodSet              
000030e5  ADCSequenceEnable             
000030f3  __TI_decompress_none          
00003101  ResetISR                      
0000310d  ADCIntClear                   
00003117  UARTCharGet                   
00003121  UARTCharPut                   
0000312d  __aeabi_errno_addr            
00003135  GPIOPinRead                   
0000313b  GPIOPinWrite                  
00003141  SysCtlDelay                   
00003147  _system_pre_init              
0000314b  C$$EXIT                       
0000314b  abort                         
00003150  _ctypes_                      
00003368  __TI_Handler_Table_Base       
00003374  __TI_Handler_Table_Limit      
00003388  __TI_CINIT_Base               
000033a0  __TI_CINIT_Limit              
20000000  g_pfnRAMVectors               
20000270  __stack                       
20000470  __STACK_TOP                   
20000670  __STACK_END                   
2000078c  seg7Display                   
20000794  errno                         
ffffffff  __TI_pprof_out_hndl           
ffffffff  __TI_prof_data_size           
ffffffff  __TI_prof_data_start          
ffffffff  __binit__                     
ffffffff  __c_args__                    
ffffffff  binit                         
UNDEFED   __mpu_init                    
UNDEFED   _system_post_cinit            

[127 symbols]
